Component: ARM Compiler 5.06 update 7 (build 960) Tool: armlink [4d3601]

==============================================================================

Section Cross References

    service_flash.o(i.service_flash_init) refers to memcpya.o(.text) for __aeabi_memcpy4
    service_flash.o(i.service_flash_init) refers to adapter_flash.o(i.adapter_flash_register) for adapter_flash_register
    service_flash.o(i.service_flash_init) refers to service_flash.o(.constdata) for .constdata
    service_flash.o(i.service_flash_read_version_info) refers to adapter_flash.o(i.adapter_flash_get_object) for adapter_flash_get_object
    service_flash.o(i.service_flash_read_version_info) refers to adapter_flash.o(i.adapter_flash_read) for adapter_flash_read
    service_flash.o(i.service_flash_write_version_info) refers to adapter_flash.o(i.adapter_flash_get_object) for adapter_flash_get_object
    service_flash.o(i.service_flash_write_version_info) refers to adapter_flash.o(i.adapter_flash_write) for adapter_flash_write
    service_flash.o(.constdata) refers to bsp_flash.o(i.bsp_int_flash_init) for bsp_int_flash_init
    service_flash.o(.constdata) refers to bsp_flash.o(i.bsp_int_flash_deinit) for bsp_int_flash_deinit
    service_flash.o(.constdata) refers to bsp_flash.o(i.bsp_int_flash_erase) for bsp_int_flash_erase
    service_flash.o(.constdata) refers to bsp_flash.o(i.bsp_int_flash_write) for bsp_int_flash_write
    service_flash.o(.constdata) refers to bsp_flash.o(i.bsp_int_flash_read) for bsp_int_flash_read
    service_flash.o(.constdata) refers to bsp_w25qxx.o(i.bsp_w25qxx_init) for bsp_w25qxx_init
    service_flash.o(.constdata) refers to bsp_w25qxx.o(i.bsp_w25qxx_deinit) for bsp_w25qxx_deinit
    service_flash.o(.constdata) refers to bsp_w25qxx.o(i.bsp_w25qxx_erase) for bsp_w25qxx_erase
    service_flash.o(.constdata) refers to bsp_w25qxx.o(i.bsp_w25qxx_write) for bsp_w25qxx_write
    service_flash.o(.constdata) refers to bsp_w25qxx.o(i.bsp_w25qxx_read) for bsp_w25qxx_read
    service_key.o(i.service_key_init) refers to memcpya.o(.text) for __aeabi_memcpy4
    service_key.o(i.service_key_init) refers to adapter_key.o(i.adapter_key_register) for adapter_key_register
    service_key.o(i.service_key_init) refers to service_key.o(.constdata) for .constdata
    service_key.o(.constdata) refers to bsp_key.o(i.bsp_key_init) for bsp_key_init
    service_key.o(.constdata) refers to bsp_key.o(i.bsp_key_deinit) for bsp_key_deinit
    service_key.o(.constdata) refers to bsp_key.o(i.bsp_key_sleep) for bsp_key_sleep
    service_key.o(.constdata) refers to bsp_key.o(i.bsp_key_weakup) for bsp_key_weakup
    service_uart.o(i.HAL_UARTEx_RxEventCallback) refers to service_uart.o(i.usart1_handler) for usart1_handler
    service_uart.o(i.HAL_UART_ErrorCallback) refers to adapter_uart.o(i.adapter_uart_get_object) for adapter_uart_get_object
    service_uart.o(i.HAL_UART_ErrorCallback) refers to adapter_uart.o(i.adapter_uart_init) for adapter_uart_init
    service_uart.o(i.HAL_UART_ErrorCallback) refers to service_uart.o(.bss) for .bss
    service_uart.o(i.service_uart_init) refers to lwrb.o(i.lwrb_init) for lwrb_init
    service_uart.o(i.service_uart_init) refers to lwrb.o(i.lwrb_is_ready) for lwrb_is_ready
    service_uart.o(i.service_uart_init) refers to memcpya.o(.text) for __aeabi_memcpy4
    service_uart.o(i.service_uart_init) refers to adapter_uart.o(i.adapter_uart_register) for adapter_uart_register
    service_uart.o(i.service_uart_init) refers to adapter_uart.o(i.adapter_uart_init) for adapter_uart_init
    service_uart.o(i.service_uart_init) refers to tasks.o(i.xTaskCreate) for xTaskCreate
    service_uart.o(i.service_uart_init) refers to queue.o(i.xQueueGenericCreate) for xQueueGenericCreate
    service_uart.o(i.service_uart_init) refers to service_uart.o(.bss) for .bss
    service_uart.o(i.service_uart_init) refers to service_uart.o(.constdata) for .constdata
    service_uart.o(i.service_uart_init) refers to service_uart.o(i.service_uart_task) for service_uart_task
    service_uart.o(i.service_uart_read_at) refers to lwrb.o(i.lwrb_get_full) for lwrb_get_full
    service_uart.o(i.service_uart_read_at) refers to memseta.o(.text) for __aeabi_memclr4
    service_uart.o(i.service_uart_read_at) refers to lwrb.o(i.lwrb_peek) for lwrb_peek
    service_uart.o(i.service_uart_read_at) refers to strstr.o(.text) for strstr
    service_uart.o(i.service_uart_read_at) refers to lwrb.o(i.lwrb_read) for lwrb_read
    service_uart.o(i.service_uart_read_at) refers to service_uart.o(.bss) for .bss
    service_uart.o(i.service_uart_recv_queue) refers to queue.o(i.xQueueReceive) for xQueueReceive
    service_uart.o(i.service_uart_recv_queue) refers to service_uart.o(.bss) for .bss
    service_uart.o(i.service_uart_send_irq_queue) refers to queue.o(i.xQueueGenericSendFromISR) for xQueueGenericSendFromISR
    service_uart.o(i.service_uart_send_irq_queue) refers to service_uart.o(.bss) for .bss
[...]
    i.HAL_I2C_MasterTxCpltCallback           0x08000d64   Section        0  bsp_oled.o(i.HAL_I2C_MasterTxCpltCallback)
    i.HAL_I2C_Master_Transmit_DMA            0x08000d98   Section        0  stm32f4xx_hal_i2c.o(i.HAL_I2C_Master_Transmit_DMA)
    i.HAL_I2C_MemRxCpltCallback              0x08000ef8   Section        0  stm32f4xx_hal_i2c.o(i.HAL_I2C_MemRxCpltCallback)
    i.HAL_I2C_MemTxCpltCallback              0x08000efc   Section        0  bsp_oled.o(i.HAL_I2C_MemTxCpltCallback)
    i.HAL_I2C_Mem_Write_DMA                  0x08000f34   Section        0  stm32f4xx_hal_i2c.o(i.HAL_I2C_Mem_Write_DMA)
    i.HAL_I2C_MspInit                        0x080010d4   Section        0  i2c.o(i.HAL_I2C_MspInit)
    i.HAL_I2C_SlaveRxCpltCallback            0x08001180   Section        0  stm32f4xx_hal_i2c.o(i.HAL_I2C_SlaveRxCpltCallback)
    i.HAL_I2C_SlaveTxCpltCallback            0x08001182   Section        0  stm32f4xx_hal_i2c.o(i.HAL_I2C_SlaveTxCpltCallback)
    i.HAL_IWDG_Init                          0x08001184   Section        0  stm32f4xx_hal_iwdg.o(i.HAL_IWDG_Init)
    i.HAL_IncTick                            0x080011e4   Section        0  stm32f4xx_hal.o(i.HAL_IncTick)
    i.HAL_Init                               0x080011f4   Section        0  stm32f4xx_hal.o(i.HAL_Init)
    i.HAL_InitTick                           0x08001228   Section        0  stm32f4xx_hal.o(i.HAL_InitTick)
    i.HAL_MspInit                            0x0800126c   Section        0  stm32f4xx_hal_msp.o(i.HAL_MspInit)
    i.HAL_NVIC_EnableIRQ                     0x080012a4   Section        0  stm32f4xx_hal_cortex.o(i.HAL_NVIC_EnableIRQ)
    i.HAL_NVIC_SetPriority                   0x080012c0   Section        0  stm32f4xx_hal_cortex.o(i.HAL_NVIC_SetPriority)
    i.HAL_NVIC_SetPriorityGrouping           0x08001300   Section        0  stm32f4xx_hal_cortex.o(i.HAL_NVIC_SetPriorityGrouping)
    i.HAL_RCC_ClockConfig                    0x08001324   Section        0  stm32f4xx_hal_rcc.o(i.HAL_RCC_ClockConfig)
    i.HAL_RCC_GetHCLKFreq                    0x08001470   Section        0  stm32f4xx_hal_rcc.o(i.HAL_RCC_GetHCLKFreq)
    i.HAL_RCC_GetPCLK1Freq                   0x0800147c   Section        0  stm32f4xx_hal_rcc.o(i.HAL_RCC_GetPCLK1Freq)
    i.HAL_RCC_GetPCLK2Freq                   0x0800149c   Section        0  stm32f4xx_hal_rcc.o(i.HAL_RCC_GetPCLK2Freq)
    i.HAL_RCC_GetSysClockFreq                0x080014bc   Section        0  stm32f4xx_hal_rcc.o(i.HAL_RCC_GetSysClockFreq)
    i.HAL_RCC_OscConfig                      0x08001528   Section        0  stm32f4xx_hal_rcc.o(i.HAL_RCC_OscConfig)
    i.HAL_SYSTICK_Config                     0x080018e8   Section        0  stm32f4xx_hal_cortex.o(i.HAL_SYSTICK_Config)
    i.HAL_UARTEx_RxEventCallback             0x08001910   Section        0  service_uart.o(i.HAL_UARTEx_RxEventCallback)
    i.HAL_UART_ErrorCallback                 0x08001924   Section        0  service_uart.o(i.HAL_UART_ErrorCallback)
    i.HAL_UART_IRQHandler                    0x080019a0   Section        0  stm32f4xx_hal_uart.o(i.HAL_UART_IRQHandler)
    i.HAL_UART_Init                          0x08001be8   Section        0  stm32f4xx_hal_uart.o(i.HAL_UART_Init)
    i.HAL_UART_MspInit                       0x08001c50   Section        0  usart.o(i.HAL_UART_MspInit)
    i.HAL_UART_RxCpltCallback                0x08001d5c   Section        0  service_uart.o(i.HAL_UART_RxCpltCallback)
    i.HAL_UART_TxCpltCallback                0x08001d5e   Section        0  stm32f4xx_hal_uart.o(i.HAL_UART_TxCpltCallback)
    i.HardFault_Handler                      0x08001d60   Section        0  stm32f4xx_it.o(i.HardFault_Handler)
    i.I2C1_EV_IRQHandler                     0x08001d64   Section        0  stm32f4xx_it.o(i.I2C1_EV_IRQHandler)
    i.I2C_ConvertOtherXferOptions            0x08001d70   Section        0  stm32f4xx_hal_i2c.o(i.I2C_ConvertOtherXferOptions)
    I2C_ConvertOtherXferOptions              0x08001d71   Thumb Code    28  stm32f4xx_hal_i2c.o(i.I2C_ConvertOtherXferOptions)
    i.I2C_DMAAbort                           0x08001d8c   Section        0  stm32f4xx_hal_i2c.o(i.I2C_DMAAbort)
    I2C_DMAAbort                             0x08001d8d   Thumb Code   182  stm32f4xx_hal_i2c.o(i.I2C_DMAAbort)
    i.I2C_DMAError                           0x08001e48   Section        0  stm32f4xx_hal_i2c.o(i.I2C_DMAError)
    I2C_DMAError                             0x08001e49   Thumb Code    70  stm32f4xx_hal_i2c.o(i.I2C_DMAError)
    i.I2C_DMAXferCplt                        0x08001e8e   Section        0  stm32f4xx_hal_i2c.o(i.I2C_DMAXferCplt)
    I2C_DMAXferCplt                          0x08001e8f   Thumb Code   284  stm32f4xx_hal_i2c.o(i.I2C_DMAXferCplt)
    i.I2C_Flush_DR                           0x08001faa   Section        0  stm32f4xx_hal_i2c.o(i.I2C_Flush_DR)
    I2C_Flush_DR                             0x08001fab   Thumb Code    16  stm32f4xx_hal_i2c.o(i.I2C_Flush_DR)
    i.I2C_ITError                            0x08001fbc   Section        0  stm32f4xx_hal_i2c.o(i.I2C_ITError)
    I2C_ITError                              0x08001fbd   Thumb Code   340  stm32f4xx_hal_i2c.o(i.I2C_ITError)
    i.I2C_IsAcknowledgeFailed                0x08002118   Section        0  stm32f4xx_hal_i2c.o(i.I2C_IsAcknowledgeFailed)
    I2C_IsAcknowledgeFailed                  0x08002119   Thumb Code    46  stm32f4xx_hal_i2c.o(i.I2C_IsAcknowledgeFailed)
    i.I2C_MasterReceive_BTF                  0x08002146   Section        0  stm32f4xx_hal_i2c.o(i.I2C_MasterReceive_BTF)
    I2C_MasterReceive_BTF                    0x08002147   Thumb Code   268  stm32f4xx_hal_i2c.o(i.I2C_MasterReceive_BTF)
    i.I2C_MasterReceive_RXNE                 0x08002252   Section        0  stm32f4xx_hal_i2c.o(i.I2C_MasterReceive_RXNE)
    I2C_MasterReceive_RXNE                   0x08002253   Thumb Code   234  stm32f4xx_hal_i2c.o(i.I2C_MasterReceive_RXNE)
    i.I2C_MasterTransmit_BTF                 0x0800233c   Section        0  stm32f4xx_hal_i2c.o(i.I2C_MasterTransmit_BTF)
    I2C_MasterTransmit_BTF                   0x0800233d   Thumb Code   138  stm32f4xx_hal_i2c.o(i.I2C_MasterTransmit_BTF)
    i.I2C_MasterTransmit_TXE                 0x080023c6   Section        0  stm32f4xx_hal_i2c.o(i.I2C_MasterTransmit_TXE)
    I2C_MasterTransmit_TXE                   0x080023c7   Thumb Code   190  stm32f4xx_hal_i2c.o(i.I2C_MasterTransmit_TXE)
    i.I2C_Master_ADD10                       0x08002484   Section        0  stm32f4xx_hal_i2c.o(i.I2C_Master_ADD10)
    I2C_Master_ADD10                         0x08002485   Thumb Code    42  stm32f4xx_hal_i2c.o(i.I2C_Master_ADD10)
    i.I2C_Master_ADDR                        0x080024b0   Section        0  stm32f4xx_hal_i2c.o(i.I2C_Master_ADDR)
    I2C_Master_ADDR                          0x080024b1   Thumb Code   398  stm32f4xx_hal_i2c.o(i.I2C_Master_ADDR)
    i.I2C_Master_SB                          0x08002644   Section        0  stm32f4xx_hal_i2c.o(i.I2C_Master_SB)
    I2C_Master_SB                            0x08002645   Thumb Code   160  stm32f4xx_hal_i2c.o(i.I2C_Master_SB)
    i.I2C_MemoryTransmit_TXE_BTF             0x080026e4   Section        0  stm32f4xx_hal_i2c.o(i.I2C_MemoryTransmit_TXE_BTF)
    I2C_MemoryTransmit_TXE_BTF               0x080026e5   Thumb Code   190  stm32f4xx_hal_i2c.o(i.I2C_MemoryTransmit_TXE_BTF)
    i.I2C_RequestMemoryWrite                 0x080027a4   Section        0  stm32f4xx_hal_i2c.o(i.I2C_RequestMemoryWrite)
    I2C_RequestMemoryWrite                   0x080027a5   Thumb Code   192  stm32f4xx_hal_i2c.o(i.I2C_RequestMemoryWrite)
    i.I2C_SlaveReceive_BTF                   0x08002868   Section        0  stm32f4xx_hal_i2c.o(i.I2C_SlaveReceive_BTF)
    I2C_SlaveReceive_BTF                     0x08002869   Thumb Code    28  stm32f4xx_hal_i2c.o(i.I2C_SlaveReceive_BTF)
    i.I2C_SlaveReceive_RXNE                  0x08002884   Section        0  stm32f4xx_hal_i2c.o(i.I2C_SlaveReceive_RXNE)
    I2C_SlaveReceive_RXNE                    0x08002885   Thumb Code    68  stm32f4xx_hal_i2c.o(i.I2C_SlaveReceive_RXNE)
    i.I2C_SlaveTransmit_BTF                  0x080028c8   Section        0  stm32f4xx_hal_i2c.o(i.I2C_SlaveTransmit_BTF)
    I2C_SlaveTransmit_BTF                    0x080028c9   Thumb Code    28  stm32f4xx_hal_i2c.o(i.I2C_SlaveTransmit_BTF)
    i.I2C_SlaveTransmit_TXE                  0x080028e4   Section        0  stm32f4xx_hal_i2c.o(i.I2C_SlaveTransmit_TXE)
    I2C_SlaveTransmit_TXE                    0x080028e5   Thumb Code    68  stm32f4xx_hal_i2c.o(i.I2C_SlaveTransmit_TXE)
    i.I2C_Slave_ADDR                         0x08002928   Section        0  stm32f4xx_hal_i2c.o(i.I2C_Slave_ADDR)
    I2C_Slave_ADDR                           0x08002929   Thumb Code    72  stm32f4xx_hal_i2c.o(i.I2C_Slave_ADDR)
    i.I2C_Slave_STOPF                        0x08002970   Section        0  stm32f4xx_hal_i2c.o(i.I2C_Slave_STOPF)
    I2C_Slave_STOPF                          0x08002971   Thumb Code   342  stm32f4xx_hal_i2c.o(i.I2C_Slave_STOPF)
    i.I2C_WaitOnFlagUntilTimeout             0x08002ad0   Section        0  stm32f4xx_hal_i2c.o(i.I2C_WaitOnFlagUntilTimeout)
    I2C_WaitOnFlagUntilTimeout               0x08002ad1   Thumb Code   172  stm32f4xx_hal_i2c.o(i.I2C_WaitOnFlagUntilTimeout)
    i.I2C_WaitOnMasterAddressFlagUntilTimeout 0x08002b7c   Section        0  stm32f4xx_hal_i2c.o(i.I2C_WaitOnMasterAddressFlagUntilTimeout)
    I2C_WaitOnMasterAddressFlagUntilTimeout  0x08002b7d   Thumb Code   200  stm32f4xx_hal_i2c.o(i.I2C_WaitOnMasterAddressFlagUntilTimeout)
    i.I2C_WaitOnSTOPRequestThroughIT         0x08002c44   Section        0  stm32f4xx_hal_i2c.o(i.I2C_WaitOnSTOPRequestThroughIT)
    I2C_WaitOnSTOPRequestThroughIT           0x08002c45   Thumb Code    54  stm32f4xx_hal_i2c.o(i.I2C_WaitOnSTOPRequestThroughIT)
    i.I2C_WaitOnTXEFlagUntilTimeout          0x08002c80   Section        0  stm32f4xx_hal_i2c.o(i.I2C_WaitOnTXEFlagUntilTimeout)
    I2C_WaitOnTXEFlagUntilTimeout            0x08002c81   Thumb Code    88  stm32f4xx_hal_i2c.o(i.I2C_WaitOnTXEFlagUntilTimeout)
    i.MX_DMA_Init                            0x08002cd8   Section        0  dma.o(i.MX_DMA_Init)
    i.MX_FREERTOS_Init                       0x08002d24   Section        0  freertos.o(i.MX_FREERTOS_Init)
    i.MX_GPIO_Init                           0x08002d44   Section        0  gpio.o(i.MX_GPIO_Init)
    i.MX_I2C1_Init                           0x08002dd4   Section        0  i2c.o(i.MX_I2C1_Init)
    i.MX_IWDG_Init                           0x08002e14   Section        0  iwdg.o(i.MX_IWDG_Init)
    i.MX_USART1_UART_Init                    0x08002e40   Section        0  usart.o(i.MX_USART1_UART_Init)
    i.MX_USART6_UART_Init                    0x08002e78   Section        0  usart.o(i.MX_USART6_UART_Init)
    i.MemManage_Handler                      0x08002eb0   Section        0  stm32f4xx_it.o(i.MemManage_Handler)
    i.NMI_Handler                            0x08002eb2   Section        0  stm32f4xx_it.o(i.NMI_Handler)
    i.StartDefaultTask                       0x08002eb4   Section        0  freertos.o(i.StartDefaultTask)
    i.SysTick_Handler                        0x08002ebc   Section        0  stm32f4xx_it.o(i.SysTick_Handler)
    i.SystemClock_Config                     0x08002ed4   Section        0  main.o(i.SystemClock_Config)
    i.SystemInit                             0x08002f6c   Section        0  system_stm32f4xx.o(i.SystemInit)
    i.UART_DMAAbortOnError                   0x08002f88   Section        0  stm32f4xx_hal_uart.o(i.UART_DMAAbortOnError)
    UART_DMAAbortOnError                     0x08002f89   Thumb Code    14  stm32f4xx_hal_uart.o(i.UART_DMAAbortOnError)
    i.UART_EndRxTransfer                     0x08002f96   Section        0  stm32f4xx_hal_uart.o(i.UART_EndRxTransfer)
    UART_EndRxTransfer                       0x08002f97   Thumb Code    78  stm32f4xx_hal_uart.o(i.UART_EndRxTransfer)
    i.UART_EndTransmit_IT                    0x08002fe4   Section        0  stm32f4xx_hal_uart.o(i.UART_EndTransmit_IT)
    UART_EndTransmit_IT                      0x08002fe5   Thumb Code    26  stm32f4xx_hal_uart.o(i.UART_EndTransmit_IT)
    i.UART_Receive_IT                        0x08002ffe   Section        0  stm32f4xx_hal_uart.o(i.UART_Receive_IT)
    UART_Receive_IT                          0x08002fff   Thumb Code   200  stm32f4xx_hal_uart.o(i.UART_Receive_IT)
    i.UART_SetConfig                         0x080030c8   Section        0  stm32f4xx_hal_uart.o(i.UART_SetConfig)
    UART_SetConfig                           0x080030c9   Thumb Code   266  stm32f4xx_hal_uart.o(i.UART_SetConfig)
    i.UART_Transmit_IT                       0x080031dc   Section        0  stm32f4xx_hal_uart.o(i.UART_Transmit_IT)
    UART_Transmit_IT                         0x080031dd   Thumb Code    94  stm32f4xx_hal_uart.o(i.UART_Transmit_IT)
    i.USART1_IRQHandler                      0x0800323c   Section        0  stm32f4xx_it.o(i.USART1_IRQHandler)
    i.USART6_IRQHandler                      0x08003248   Section        0  stm32f4xx_it.o(i.USART6_IRQHandler)
    i.UsageFault_Handler                     0x08003254   Section        0  stm32f4xx_it.o(i.UsageFault_Handler)
    i.__NVIC_SetPriority                     0x08003256   Section        0  stm32f4xx_hal_cortex.o(i.__NVIC_SetPriority)
    __NVIC_SetPriority                       0x08003257   Thumb Code    32  stm32f4xx_hal_cortex.o(i.__NVIC_SetPriority)
    i.__scatterload_copy                     0x08003276   Section       14  handlers.o(i.__scatterload_copy)
    i.__scatterload_null                     0x08003284   Section        2  handlers.o(i.__scatterload_null)
    i.__scatterload_zeroinit                 0x08003286   Section       14  handlers.o(i.__scatterload_zeroinit)
    i.adapter_uart_get_object                0x08003294   Section        0  adapter_uart.o(i.adapter_uart_get_object)
    i.adapter_uart_init                      0x080032b4   Section        0  adapter_uart.o(i.adapter_uart_init)
    i.main                                   0x080032c0   Section        0  main.o(i.main)
    i.osDelay                                0x080032f0   Section        0  cmsis_os2.o(i.osDelay)
    i.osKernelInitialize                     0x0800330c   Section        0  cmsis_os2.o(i.osKernelInitialize)
    i.osKernelStart                          0x08003334   Section        0  cmsis_os2.o(i.osKernelStart)
    i.osThreadNew                            0x0800336c   Section        0  cmsis_os2.o(i.osThreadNew)
    i.prvAddCurrentTaskToDelayedList         0x08003428   Section        0  tasks.o(i.prvAddCurrentTaskToDelayedList)
    prvAddCurrentTaskToDelayedList           0x08003429   Thumb Code    86  tasks.o(i.prvAddCurrentTaskToDelayedList)
    i.prvAddNewTaskToReadyList               0x08003488   Section        0  tasks.o(i.prvAddNewTaskToReadyList)
    prvAddNewTaskToReadyList                 0x08003489   Thumb Code   124  tasks.o(i.prvAddNewTaskToReadyList)
    i.prvCheckForValidListAndQueue           0x08003510   Section        0  timers.o(i.prvCheckForValidListAndQueue)
    prvCheckForValidListAndQueue             0x08003511   Thumb Code    72  timers.o(i.prvCheckForValidListAndQueue)
    i.prvCheckTasksWaitingTermination        0x08003568   Section        0  tasks.o(i.prvCheckTasksWaitingTermination)
    prvCheckTasksWaitingTermination          0x08003569   Thumb Code    52  tasks.o(i.prvCheckTasksWaitingTermination)
    i.prvCopyDataFromQueue                   0x080035a4   Section        0  queue.o(i.prvCopyDataFromQueue)
    prvCopyDataFromQueue                     0x080035a5   Thumb Code    40  queue.o(i.prvCopyDataFromQueue)
    i.prvCopyDataToQueue                     0x080035cc   Section        0  queue.o(i.prvCopyDataToQueue)
    prvCopyDataToQueue                       0x080035cd   Thumb Code   110  queue.o(i.prvCopyDataToQueue)
    i.prvDeleteTCB                           0x0800363a   Section        0  tasks.o(i.prvDeleteTCB)
    prvDeleteTCB                             0x0800363b   Thumb Code    64  tasks.o(i.prvDeleteTCB)
    i.prvGetNextExpireTime                   0x0800367c   Section        0  timers.o(i.prvGetNextExpireTime)
    prvGetNextExpireTime                     0x0800367d   Thumb Code    30  timers.o(i.prvGetNextExpireTime)
    i.prvHeapInit                            0x080036a0   Section        0  heap_4.o(i.prvHeapInit)
    prvHeapInit                              0x080036a1   Thumb Code    68  heap_4.o(i.prvHeapInit)
    i.prvIdleTask                            0x080036ec   Section        0  tasks.o(i.prvIdleTask)
    prvIdleTask                              0x080036ed   Thumb Code    30  tasks.o(i.prvIdleTask)
    i.prvInitialiseNewQueue                  0x08003714   Section        0  queue.o(i.prvInitialiseNewQueue)
    prvInitialiseNewQueue                    0x08003715   Thumb Code    34  queue.o(i.prvInitialiseNewQueue)
    i.prvInitialiseNewTask                   0x08003736   Section        0  tasks.o(i.prvInitialiseNewTask)
    prvInitialiseNewTask                     0x08003737   Thumb Code   168  tasks.o(i.prvInitialiseNewTask)
    i.prvInitialiseTaskLists                 0x080037e0   Section        0  tasks.o(i.prvInitialiseTaskLists)
    prvInitialiseTaskLists                   0x080037e1   Thumb Code    74  tasks.o(i.prvInitialiseTaskLists)
    i.prvInsertBlockIntoFreeList             0x08003838   Section        0  heap_4.o(i.prvInsertBlockIntoFreeList)
    prvInsertBlockIntoFreeList               0x08003839   Thumb Code    78  heap_4.o(i.prvInsertBlockIntoFreeList)
    i.prvInsertTimerInActiveList             0x0800388c   Section        0  timers.o(i.prvInsertTimerInActiveList)
    prvInsertTimerInActiveList               0x0800388d   Thumb Code    60  timers.o(i.prvInsertTimerInActiveList)
    i.prvIsQueueEmpty                        0x080038cc   Section        0  queue.o(i.prvIsQueueEmpty)
    prvIsQueueEmpty                          0x080038cd   Thumb Code    26  queue.o(i.prvIsQueueEmpty)
    i.prvIsQueueFull                         0x080038e6   Section        0  queue.o(i.prvIsQueueFull)
    prvIsQueueFull                           0x080038e7   Thumb Code    30  queue.o(i.prvIsQueueFull)
    i.prvProcessExpiredTimer                 0x08003904   Section        0  timers.o(i.prvProcessExpiredTimer)
    prvProcessExpiredTimer                   0x08003905   Thumb Code    98  timers.o(i.prvProcessExpiredTimer)
    i.prvProcessReceivedCommands             0x0800396c   Section        0  timers.o(i.prvProcessReceivedCommands)
    prvProcessReceivedCommands               0x0800396d   Thumb Code   248  timers.o(i.prvProcessReceivedCommands)
    i.prvProcessTimerOrBlockTask             0x08003a68   Section        0  timers.o(i.prvProcessTimerOrBlockTask)
    prvProcessTimerOrBlockTask               0x08003a69   Thumb Code   100  timers.o(i.prvProcessTimerOrBlockTask)
    i.prvResetNextTaskUnblockTime            0x08003ad4   Section        0  tasks.o(i.prvResetNextTaskUnblockTime)
    prvResetNextTaskUnblockTime              0x08003ad5   Thumb Code    30  tasks.o(i.prvResetNextTaskUnblockTime)
    i.prvSampleTimeNow                       0x08003af8   Section        0  timers.o(i.prvSampleTimeNow)
    prvSampleTimeNow                         0x08003af9   Thumb Code    38  timers.o(i.prvSampleTimeNow)
    i.prvSwitchTimerLists                    0x08003b24   Section        0  timers.o(i.prvSwitchTimerLists)
    prvSwitchTimerLists                      0x08003b25   Thumb Code   106  timers.o(i.prvSwitchTimerLists)
    i.prvTaskExitError                       0x08003b94   Section        0  port.o(i.prvTaskExitError)
    prvTaskExitError                         0x08003b95   Thumb Code    40  port.o(i.prvTaskExitError)
    i.prvTimerTask                           0x08003bc0   Section        0  timers.o(i.prvTimerTask)
    prvTimerTask                             0x08003bc1   Thumb Code    20  timers.o(i.prvTimerTask)
    i.prvUnlockQueue                         0x08003bd4   Section        0  queue.o(i.prvUnlockQueue)
    prvUnlockQueue                           0x08003bd5   Thumb Code   106  queue.o(i.prvUnlockQueue)
    i.pvPortMalloc                           0x08003c40   Section        0  heap_4.o(i.pvPortMalloc)
    i.pxPortInitialiseStack                  0x08003d1c   Section        0  port.o(i.pxPortInitialiseStack)
    i.service_uart_dma_comp_irq_cal          0x08003d40   Section        0  service_uart.o(i.service_uart_dma_comp_irq_cal)
    i.service_uart_dma_half_irq_cal          0x08003d5c   Section        0  service_uart.o(i.service_uart_dma_half_irq_cal)
    i.service_uart_idle_irq_cal              0x08003d76   Section        0  service_uart.o(i.service_uart_idle_irq_cal)
    i.usart1_handler                         0x08003da8   Section        0  service_uart.o(i.usart1_handler)
    i.uxListRemove                           0x08003dfc   Section        0  list.o(i.uxListRemove)
    i.vApplicationGetIdleTaskMemory          0x08003e24   Section        0  cmsis_os2.o(i.vApplicationGetIdleTaskMemory)
    i.vApplicationGetTimerTaskMemory         0x08003e38   Section        0  cmsis_os2.o(i.vApplicationGetTimerTaskMemory)
    i.vListInitialise                        0x08003e50   Section        0  list.o(i.vListInitialise)
    i.vListInitialiseItem                    0x08003e66   Section        0  list.o(i.vListInitialiseItem)
    i.vListInsert                            0x08003e6c   Section        0  list.o(i.vListInsert)
    i.vListInsertEnd                         0x08003e9c   Section        0  list.o(i.vListInsertEnd)
    i.vPortEnterCritical                     0x08003eb4   Section        0  port.o(i.vPortEnterCritical)
    i.vPortExitCritical                      0x08003ef4   Section        0  port.o(i.vPortExitCritical)
    i.vPortFree                              0x08003f20   Section        0  heap_4.o(i.vPortFree)
    i.vPortSetupTimerInterrupt               0x08003f84   Section        0  port.o(i.vPortSetupTimerInterrupt)
    i.vPortValidateInterruptPriority         0x08003fa8   Section        0  port.o(i.vPortValidateInterruptPriority)
    i.vQueueAddToRegistry                    0x08003ffc   Section        0  queue.o(i.vQueueAddToRegistry)
    i.vQueueWaitForMessageRestricted         0x08004020   Section        0  queue.o(i.vQueueWaitForMessageRestricted)
    i.vTaskDelay                             0x08004068   Section        0  tasks.o(i.vTaskDelay)
    i.vTaskInternalSetTimeOutState           0x080040b8   Section        0  tasks.o(i.vTaskInternalSetTimeOutState)
    i.vTaskMissedYield                       0x080040c8   Section        0  tasks.o(i.vTaskMissedYield)
    i.vTaskPlaceOnEventList                  0x080040d4   Section        0  tasks.o(i.vTaskPlaceOnEventList)
    i.vTaskPlaceOnEventListRestricted        0x08004108   Section        0  tasks.o(i.vTaskPlaceOnEventListRestricted)
    i.vTaskStartScheduler                    0x08004144   Section        0  tasks.o(i.vTaskStartScheduler)
    i.vTaskSuspendAll                        0x080041d4   Section        0  tasks.o(i.vTaskSuspendAll)
    i.vTaskSwitchContext                     0x080041e4   Section        0  tasks.o(i.vTaskSwitchContext)
    i.xPortStartScheduler                    0x0800424c   Section        0  port.o(i.xPortStartScheduler)
    i.xPortSysTickHandler                    0x08004340   Section        0  port.o(i.xPortSysTickHandler)
    i.xQueueGenericCreateStatic              0x0800436c   Section        0  queue.o(i.xQueueGenericCreateStatic)
    i.xQueueGenericReset                     0x080043d8   Section        0  queue.o(i.xQueueGenericReset)
    i.xQueueGenericSend                      0x08004464   Section        0  queue.o(i.xQueueGenericSend)
    i.xQueueGenericSendFromISR               0x080045c8   Section        0  queue.o(i.xQueueGenericSendFromISR)
    i.xQueueReceive                          0x08004688   Section        0  queue.o(i.xQueueReceive)
    i.xTaskCheckForTimeOut                   0x080047c4   Section        0  tasks.o(i.xTaskCheckForTimeOut)
    i.xTaskCreate                            0x08004840   Section        0  tasks.o(i.xTaskCreate)
    i.xTaskCreateStatic                      0x080048a4   Section        0  tasks.o(i.xTaskCreateStatic)
    i.xTaskGetSchedulerState                 0x08004900   Section        0  tasks.o(i.xTaskGetSchedulerState)
    i.xTaskGetTickCount                      0x0800491c   Section        0  tasks.o(i.xTaskGetTickCount)
    i.xTaskIncrementTick                     0x08004928   Section        0  tasks.o(i.xTaskIncrementTick)
    i.xTaskPriorityDisinherit                0x080049f4   Section        0  tasks.o(i.xTaskPriorityDisinherit)
    i.xTaskRemoveFromEventList               0x08004a70   Section        0  tasks.o(i.xTaskRemoveFromEventList)
    i.xTaskResumeAll                         0x08004ae8   Section        0  tasks.o(i.xTaskResumeAll)
    i.xTimerCreateTimerTask                  0x08004bb0   Section        0  timers.o(i.xTimerCreateTimerTask)
    i.xTimerGenericCommand                   0x08004c18   Section        0  timers.o(i.xTimerGenericCommand)
    .constdata                               0x08004c84   Section       36  freertos.o(.constdata)
    .constdata                               0x08004ca8   Section        8  stm32f4xx_hal_dma.o(.constdata)
    flagBitshiftOffset                       0x08004ca8   Data           8  stm32f4xx_hal_dma.o(.constdata)
    .constdata                               0x08004cb0   Section       16  system_stm32f4xx.o(.constdata)
    .constdata                               0x08004cc0   Section        8  system_stm32f4xx.o(.constdata)
    .conststring                             0x08004cc8   Section       12  freertos.o(.conststring)
    .data                                    0x20000000   Section       31  bsp_oled.o(.data)
    _g_oled_count                            0x20000000   Data           1  bsp_oled.o(.data)
    _g_oled_flag                             0x20000001   Data           1  bsp_oled.o(.data)
    cmd                                      0x20000002   Data          29  bsp_oled.o(.data)
    .data                                    0x20000020   Section        4  freertos.o(.data)
    .data                                    0x20000024   Section       12  stm32f4xx_hal.o(.data)
    .data                                    0x20000030   Section        4  system_stm32f4xx.o(.data)
    .data                                    0x20000034   Section       60  tasks.o(.data)
    uxDeletedTasksWaitingCleanUp             0x20000038   Data           4  tasks.o(.data)
    uxCurrentNumberOfTasks                   0x2000003c   Data           4  tasks.o(.data)
    xTickCount                               0x20000040   Data           4  tasks.o(.data)
    uxTopReadyPriority                       0x20000044   Data           4  tasks.o(.data)
    xSchedulerRunning                        0x20000048   Data           4  tasks.o(.data)
    xPendedTicks                             0x2000004c   Data           4  tasks.o(.data)
    xYieldPending                            0x20000050   Data           4  tasks.o(.data)
    xNumOfOverflows                          0x20000054   Data           4  tasks.o(.data)
    uxTaskNumber                             0x20000058   Data           4  tasks.o(.data)
    xNextTaskUnblockTime                     0x2000005c   Data           4  tasks.o(.data)
    xIdleTaskHandle                          0x20000060   Data           4  tasks.o(.data)
    uxSchedulerSuspended                     0x20000064   Data           4  tasks.o(.data)
    pxDelayedTaskList                        0x20000068   Data           4  tasks.o(.data)
    pxOverflowDelayedTaskList                0x2000006c   Data           4  tasks.o(.data)
    .data                                    0x20000070   Section       20  timers.o(.data)
    xTimerQueue                              0x20000070   Data           4  timers.o(.data)
    xTimerTaskHandle                         0x20000074   Data           4  timers.o(.data)
    xLastTime                                0x20000078   Data           4  timers.o(.data)
    pxCurrentTimerList                       0x2000007c   Data           4  timers.o(.data)
    pxOverflowTimerList                      0x20000080   Data           4  timers.o(.data)
    .data                                    0x20000084   Section        4  cmsis_os2.o(.data)
    KernelState                              0x20000084   Data           4  cmsis_os2.o(.data)
    .data                                    0x20000088   Section       32  heap_4.o(.data)
    pxEnd                                    0x20000088   Data           4  heap_4.o(.data)
    xFreeBytesRemaining                      0x2000008c   Data           4  heap_4.o(.data)
    xMinimumEverFreeBytesRemaining           0x20000090   Data           4  heap_4.o(.data)
    xNumberOfSuccessfulAllocations           0x20000094   Data           4  heap_4.o(.data)
    xNumberOfSuccessfulFrees                 0x20000098   Data           4  heap_4.o(.data)
    xBlockAllocatedBit                       0x2000009c   Data           4  heap_4.o(.data)
    xStart                                   0x200000a0   Data           8  heap_4.o(.data)
    .data                                    0x200000a8   Section       12  port.o(.data)
    ucMaxSysCallPriority                     0x200000a8   Data           1  port.o(.data)
    uxCriticalNesting                        0x200000ac   Data           4  port.o(.data)
    ulMaxPRIGROUPValue                       0x200000b0   Data           4  port.o(.data)
    .bss                                     0x200000b4   Section      552  service_uart.o(.bss)
    _g_service_uart_param                    0x200000b4   Data         552  service_uart.o(.bss)
    .bss                                     0x200002dc   Section       32  adapter_uart.o(.bss)
    _uart_dev                                0x200002dc   Data          32  adapter_uart.o(.bss)
    .bss                                     0x200002fc   Section     2080  bsp_oled.o(.bss)
    _g_oled_ram_buf                          0x200002fc   Data        1024  bsp_oled.o(.bss)
    _g_oled_ram_buf2                         0x200006fc   Data        1024  bsp_oled.o(.bss)
    _g_oled_cmd_buf                          0x20000afc   Data          32  bsp_oled.o(.bss)
    .bss                                     0x20000b1c   Section      180  i2c.o(.bss)
    .bss                                     0x20000bd0   Section       12  iwdg.o(.bss)
    .bss                                     0x20000bdc   Section      240  usart.o(.bss)
    .bss                                     0x20000ccc   Section       64  queue.o(.bss)
    .bss                                     0x20000d0c   Section     1220  tasks.o(.bss)
    pxReadyTasksLists                        0x20000d0c   Data        1120  tasks.o(.bss)
    xDelayedTaskList1                        0x2000116c   Data          20  tasks.o(.bss)
    xDelayedTaskList2                        0x20001180   Data          20  tasks.o(.bss)
    xPendingReadyList                        0x20001194   Data          20  tasks.o(.bss)
    xTasksWaitingTermination                 0x200011a8   Data          20  tasks.o(.bss)
    xSuspendedTaskList                       0x200011bc   Data          20  tasks.o(.bss)
    .bss                                     0x200011d0   Section      280  timers.o(.bss)
    xStaticTimerQueue                        0x200011d0   Data          80  timers.o(.bss)
    ucStaticTimerQueueStorage                0x20001220   Data         160  timers.o(.bss)
    xActiveTimerList1                        0x200012c0   Data          20  timers.o(.bss)
    xActiveTimerList2                        0x200012d4   Data          20  timers.o(.bss)
    .bss                                     0x200012e8   Section     1720  cmsis_os2.o(.bss)
    Idle_TCB                                 0x200012e8   Data          92  cmsis_os2.o(.bss)
    Idle_Stack                               0x20001344   Data         512  cmsis_os2.o(.bss)
    Timer_TCB                                0x20001544   Data          92  cmsis_os2.o(.bss)
    Timer_Stack                              0x200015a0   Data        1024  cmsis_os2.o(.bss)
    .bss                                     0x200019a0   Section    15360  heap_4.o(.bss)
    ucHeap                                   0x200019a0   Data       15360  heap_4.o(.bss)
    STACK                                    0x200055a0   Section     1024  startup_stm32f411xe.o(STACK)

    Global Symbols

    Symbol Name                              Value     Ov Type        Size  Object(Section)

    BuildAttributes$$THM_ISAv4$E$P$D$K$B$S$7EM$VFPi3$EXTD16$VFPS$VFMA$PE$A:L22UL41UL21$X:L11$S22US41US21$IEEE1$IW$USESV6$~STKCKD$USESV7$~SHL$OTIME$ROPI$IEEEJ$EBA8$MICROLIB$REQ8$PRES8$EABIv2 0x00000000   Number         0  anon$$obj.o ABSOLUTE
    __ARM_use_no_argv                        0x00000000   Number         0  main.o ABSOLUTE
    _printf_a                                0x00000000   Number         0  stubs.o ABSOLUTE
    _printf_c                                0x00000000   Number         0  stubs.o ABSOLUTE
    _printf_charcount                        0x00000000   Number         0  stubs.o ABSOLUTE
    _printf_d                                0x00000000   Number         0  stubs.o ABSOLUTE
    _printf_e                                0x00000000   Number         0  stubs.o ABSOLUTE
    _printf_f                                0x00000000   Number         0  stubs.o ABSOLUTE
    _printf_flags                            0x00000000   Number         0  stubs.o ABSOLUTE
    _printf_fp_dec                           0x00000000   Number         0  stubs.o ABSOLUTE
    _printf_fp_hex                           0x00000000   Number         0  stubs.o ABSOLUTE
    _printf_g                                0x00000000   Number         0  stubs.o ABSOLUTE
    _printf_i                                0x00000000   Number         0  stubs.o ABSOLUTE
    _printf_int_dec                          0x00000000   Number         0  stubs.o ABSOLUTE
    _printf_l                                0x00000000   Number         0  stubs.o ABSOLUTE
    _printf_lc                               0x00000000   Number         0  stubs.o ABSOLUTE
    _printf_ll                               0x00000000   Number         0  stubs.o ABSOLUTE
    _printf_lld                              0x00000000   Number         0  stubs.o ABSOLUTE
    _printf_lli                              0x00000000   Number         0  stubs.o ABSOLUTE
    _printf_llo                              0x00000000   Number         0  stubs.o ABSOLUTE
    _printf_llu                              0x00000000   Number         0  stubs.o ABSOLUTE
    _printf_llx                              0x00000000   Number         0  stubs.o ABSOLUTE
    _printf_longlong_dec                     0x00000000   Number         0  stubs.o ABSOLUTE
    _printf_longlong_hex                     0x00000000   Number         0  stubs.o ABSOLUTE
    _printf_longlong_oct                     0x00000000   Number         0  stubs.o ABSOLUTE
    _printf_ls                               0x00000000   Number         0  stubs.o ABSOLUTE
    _printf_mbtowc                           0x00000000   Number         0  stubs.o ABSOLUTE
    _printf_n                                0x00000000   Number         0  stubs.o ABSOLUTE
    _printf_o                                0x00000000   Number         0  stubs.o ABSOLUTE
    _printf_p                                0x00000000   Number         0  stubs.o ABSOLUTE
    _printf_percent                          0x00000000   Number         0  stubs.o ABSOLUTE
    _printf_pre_padding                      0x00000000   Number         0  stubs.o ABSOLUTE
    _printf_return_value                     0x00000000   Number         0  stubs.o ABSOLUTE
    _printf_s                                0x00000000   Number         0  stubs.o ABSOLUTE
    _printf_sizespec                         0x00000000   Number         0  stubs.o ABSOLUTE
    _printf_str                              0x00000000   Number         0  stubs.o ABSOLUTE
    _printf_truncate_signed                  0x00000000   Number         0  stubs.o ABSOLUTE
    _printf_truncate_unsigned                0x00000000   Number         0  stubs.o ABSOLUTE
    _printf_u                                0x00000000   Number         0  stubs.o ABSOLUTE
    _printf_wc                               0x00000000   Number         0  stubs.o ABSOLUTE
    _printf_wctomb                           0x00000000   Number         0  stubs.o ABSOLUTE
    _printf_widthprec                        0x00000000   Number         0  stubs.o ABSOLUTE
    _printf_x                                0x00000000   Number         0  stubs.o ABSOLUTE
    __arm_fini_                               - Undefined Weak Reference
    __cpp_initialize__aeabi_                  - Undefined Weak Reference
    __cxa_finalize                            - Undefined Weak Reference
    __decompress                              - Undefined Weak Reference
    _clock_init                               - Undefined Weak Reference
    _microlib_exit                            - Undefined Weak Reference
    __Vectors_Size                           0x00000198   Number         0  startup_stm32f411xe.o ABSOLUTE
    __Vectors                                0x08000000   Data           4  startup_stm32f411xe.o(RESET)
    __Vectors_End                            0x08000198   Data           0  startup_stm32f411xe.o(RESET)
    __main                                   0x08000199   Thumb Code     0  entry.o(.ARM.Collect$$$$00000000)
    _main_stk                                0x08000199   Thumb Code     0  entry2.o(.ARM.Collect$$$$00000001)
    _main_scatterload                        0x0800019d   Thumb Code     0  entry5.o(.ARM.Collect$$$$00000004)
    __main_after_scatterload                 0x080001a1   Thumb Code     0  entry5.o(.ARM.Collect$$$$00000004)
    _main_clock                              0x080001a1   Thumb Code     0  entry7b.o(.ARM.Collect$$$$00000008)
    _main_cpp_init                           0x080001a1   Thumb Code     0  entry8b.o(.ARM.Collect$$$$0000000A)
    _main_init                               0x080001a1   Thumb Code     0  entry9a.o(.ARM.Collect$$$$0000000B)
    __rt_lib_shutdown_fini                   0x080001a9   Thumb Code     0  entry12b.o(.ARM.Collect$$$$0000000E)
    __rt_final_cpp                           0x080001ad   Thumb Code     0  entry10a.o(.ARM.Collect$$$$0000000F)
    __rt_final_exit                          0x080001ad   Thumb Code     0  entry11a.o(.ARM.Collect$$$$00000011)
    SVC_Handler                              0x080001b1   Thumb Code    28  port.o(.emb_text)
    __asm___6_port_c_39a90d8d__prvStartFirstTask 0x080001d1   Thumb Code    36  port.o(.emb_text)
    __asm___6_port_c_39a90d8d__prvEnableVFP  0x080001f9   Thumb Code    16  port.o(.emb_text)
    PendSV_Handler                           0x0800020d   Thumb Code    88  port.o(.emb_text)
    vPortGetIPSR                             0x08000269   Thumb Code     6  port.o(.emb_text)
    Reset_Handler                            0x08000271   Thumb Code     8  startup_stm32f411xe.o(.text)
    ADC_IRQHandler                           0x0800028b   Thumb Code     0  startup_stm32f411xe.o(.text)
    DMA1_Stream0_IRQHandler                  0x0800028b   Thumb Code     0  startup_stm32f411xe.o(.text)
    DMA1_Stream2_IRQHandler                  0x0800028b   Thumb Code     0  startup_stm32f411xe.o(.text)
    DMA1_Stream3_IRQHandler                  0x0800028b   Thumb Code     0  startup_stm32f411xe.o(.text)
    DMA1_Stream4_IRQHandler                  0x0800028b   Thumb Code     0  startup_stm32f411xe.o(.text)
    DMA1_Stream5_IRQHandler                  0x0800028b   Thumb Code     0  startup_stm32f411xe.o(.text)
    DMA1_Stream6_IRQHandler                  0x0800028b   Thumb Code     0  startup_stm32f411xe.o(.text)
    DMA1_Stream7_IRQHandler                  0x0800028b   Thumb Code     0  startup_stm32f411xe.o(.text)
    DMA2_Stream0_IRQHandler                  0x0800028b   Thumb Code     0  startup_stm32f411xe.o(.text)
    DMA2_Stream2_IRQHandler                  0x0800028b   Thumb Code     0  startup_stm32f411xe.o(.text)
    DMA2_Stream3_IRQHandler                  0x0800028b   Thumb Code     0  startup_stm32f411xe.o(.text)
    DMA2_Stream4_IRQHandler                  0x0800028b   Thumb Code     0  startup_stm32f411xe.o(.text)
    DMA2_Stream5_IRQHandler                  0x0800028b   Thumb Code     0  startup_stm32f411xe.o(.text)
    DMA2_Stream6_IRQHandler                  0x0800028b   Thumb Code     0  startup_stm32f411xe.o(.text)
    DMA2_Stream7_IRQHandler                  0x0800028b   Thumb Code     0  startup_stm32f411xe.o(.text)
    EXTI0_IRQHandler                         0x0800028b   Thumb Code     0  startup_stm32f411xe.o(.text)
    EXTI15_10_IRQHandler                     0x0800028b   Thumb Code     0  startup_stm32f411xe.o(.text)
    EXTI1_IRQHandler                         0x0800028b   Thumb Code     0  startup_stm32f411xe.o(.text)
    EXTI2_IRQHandler                         0x0800028b   Thumb Code     0  startup_stm32f411xe.o(.text)
    EXTI3_IRQHandler                         0x0800028b   Thumb Code     0  startup_stm32f411xe.o(.text)
    EXTI4_IRQHandler                         0x0800028b   Thumb Code     0  startup_stm32f411xe.o(.text)
    EXTI9_5_IRQHandler                       0x0800028b   Thumb Code     0  startup_stm32f411xe.o(.text)
    FLASH_IRQHandler                         0x0800028b   Thumb Code     0  startup_stm32f411xe.o(.text)
    FPU_IRQHandler                           0x0800028b   Thumb Code     0  startup_stm32f411xe.o(.text)
    I2C1_ER_IRQHandler                       0x0800028b   Thumb Code     0  startup_stm32f411xe.o(.text)
    I2C2_ER_IRQHandler                       0x0800028b   Thumb Code     0  startup_stm32f411xe.o(.text)
    I2C2_EV_IRQHandler                       0x0800028b   Thumb Code     0  startup_stm32f411xe.o(.text)
    I2C3_ER_IRQHandler                       0x0800028b   Thumb Code     0  startup_stm32f411xe.o(.text)
    I2C3_EV_IRQHandler                       0x0800028b   Thumb Code     0  startup_stm32f411xe.o(.text)
    OTG_FS_IRQHandler                        0x0800028b   Thumb Code     0  startup_stm32f411xe.o(.text)
    OTG_FS_WKUP_IRQHandler                   0x0800028b   Thumb Code     0  startup_stm32f411xe.o(.text)
    PVD_IRQHandler                           0x0800028b   Thumb Code     0  startup_stm32f411xe.o(.text)
    RCC_IRQHandler                           0x0800028b   Thumb Code     0  startup_stm32f411xe.o(.text)
    RTC_Alarm_IRQHandler                     0x0800028b   Thumb Code     0  startup_stm32f411xe.o(.text)
    RTC_WKUP_IRQHandler                      0x0800028b   Thumb Code     0  startup_stm32f411xe.o(.text)
    SDIO_IRQHandler                          0x0800028b   Thumb Code     0  startup_stm32f411xe.o(.text)
    SPI1_IRQHandler                          0x0800028b   Thumb Code     0  startup_stm32f411xe.o(.text)
    SPI2_IRQHandler                          0x0800028b   Thumb Code     0  startup_stm32f411xe.o(.text)
    SPI3_IRQHandler                          0x0800028b   Thumb Code     0  startup_stm32f411xe.o(.text)
    SPI4_IRQHandler                          0x0800028b   Thumb Code     0  startup_stm32f411xe.o(.text)
    SPI5_IRQHandler                          0x0800028b   Thumb Code     0  startup_stm32f411xe.o(.text)
    TAMP_STAMP_IRQHandler                    0x0800028b   Thumb Code     0  startup_stm32f411xe.o(.text)
    TIM1_BRK_TIM9_IRQHandler                 0x0800028b   Thumb Code     0  startup_stm32f411xe.o(.text)
    TIM1_CC_IRQHandler                       0x0800028b   Thumb Code     0  startup_stm32f411xe.o(.text)
    TIM1_TRG_COM_TIM11_IRQHandler            0x0800028b   Thumb Code     0  startup_stm32f411xe.o(.text)
    TIM1_UP_TIM10_IRQHandler                 0x0800028b   Thumb Code     0  startup_stm32f411xe.o(.text)
    TIM2_IRQHandler                          0x0800028b   Thumb Code     0  startup_stm32f411xe.o(.text)
    TIM3_IRQHandler                          0x0800028b   Thumb Code     0  startup_stm32f411xe.o(.text)
    TIM4_IRQHandler                          0x0800028b   Thumb Code     0  startup_stm32f411xe.o(.text)
    TIM5_IRQHandler                          0x0800028b   Thumb Code     0  startup_stm32f411xe.o(.text)
    USART2_IRQHandler                        0x0800028b   Thumb Code     0  startup_stm32f411xe.o(.text)
    WWDG_IRQHandler                          0x0800028b   Thumb Code     0  startup_stm32f411xe.o(.text)
    __aeabi_uldivmod                         0x08000295   Thumb Code    98  uldiv.o(.text)
    __aeabi_memcpy                           0x080002f7   Thumb Code    36  memcpya.o(.text)
    __aeabi_memcpy4                          0x080002f7   Thumb Code     0  memcpya.o(.text)
    __aeabi_memcpy8                          0x080002f7   Thumb Code     0  memcpya.o(.text)
    __aeabi_memset                           0x0800031b   Thumb Code    14  memseta.o(.text)
    __aeabi_memset4                          0x0800031b   Thumb Code     0  memseta.o(.text)
    __aeabi_memset8                          0x0800031b   Thumb Code     0  memseta.o(.text)
    __aeabi_memclr                           0x08000329   Thumb Code     4  memseta.o(.text)
    __aeabi_memclr4                          0x08000329   Thumb Code     0  memseta.o(.text)
    __aeabi_memclr8                          0x08000329   Thumb Code     0  memseta.o(.text)
    memset                                   0x0800032d   Thumb Code    18  memseta.o(.text)
    __aeabi_llsl                             0x0800033f   Thumb Code    30  llshl.o(.text)
    _ll_shift_l                              0x0800033f   Thumb Code     0  llshl.o(.text)
    __aeabi_llsr                             0x0800035d   Thumb Code    32  llushr.o(.text)
    _ll_ushift_r                             0x0800035d   Thumb Code     0  llushr.o(.text)
    __scatterload                            0x0800037d   Thumb Code    28  init.o(.text)
    __scatterload_rt2                        0x0800037d   Thumb Code     0  init.o(.text)
    BusFault_Handler                         0x080003a1   Thumb Code     2  stm32f4xx_it.o(i.BusFault_Handler)
    DMA1_Stream1_IRQHandler                  0x080003a5   Thumb Code     6  stm32f4xx_it.o(i.DMA1_Stream1_IRQHandler)
    DMA2_Stream1_IRQHandler                  0x080003b1   Thumb Code     6  stm32f4xx_it.o(i.DMA2_Stream1_IRQHandler)
    DebugMon_Handler                         0x0800048b   Thumb Code     2  stm32f4xx_it.o(i.DebugMon_Handler)
    Error_Handler                            0x0800048d   Thumb Code     4  main.o(i.Error_Handler)
    HAL_DMA_Abort                            0x08000491   Thumb Code   142  stm32f4xx_hal_dma.o(i.HAL_DMA_Abort)
    HAL_DMA_Abort_IT                         0x0800051f   Thumb Code    36  stm32f4xx_hal_dma.o(i.HAL_DMA_Abort_IT)
    HAL_DMA_GetError                         0x08000543   Thumb Code     4  stm32f4xx_hal_dma.o(i.HAL_DMA_GetError)
    HAL_DMA_GetState                         0x08000547   Thumb Code     6  stm32f4xx_hal_dma.o(i.HAL_DMA_GetState)
    HAL_DMA_IRQHandler                       0x0800054d   Thumb Code   460  stm32f4xx_hal_dma.o(i.HAL_DMA_IRQHandler)
    HAL_DMA_Init                             0x0800071d   Thumb Code   208  stm32f4xx_hal_dma.o(i.HAL_DMA_Init)
    HAL_DMA_Start_IT                         0x080007f1   Thumb Code   110  stm32f4xx_hal_dma.o(i.HAL_DMA_Start_IT)
    HAL_GPIO_Init                            0x08000861   Thumb Code   390  stm32f4xx_hal_gpio.o(i.HAL_GPIO_Init)
    HAL_GPIO_WritePin                        0x08000a09   Thumb Code    14  stm32f4xx_hal_gpio.o(i.HAL_GPIO_WritePin)
    HAL_GetTick                              0x08000a19   Thumb Code     6  stm32f4xx_hal.o(i.HAL_GetTick)
    HAL_I2C_AbortCpltCallback                0x08000a25   Thumb Code     2  stm32f4xx_hal_i2c.o(i.HAL_I2C_AbortCpltCallback)
    HAL_I2C_AddrCallback                     0x08000a27   Thumb Code     2  stm32f4xx_hal_i2c.o(i.HAL_I2C_AddrCallback)
    HAL_I2C_EV_IRQHandler                    0x08000a29   Thumb Code   412  stm32f4xx_hal_i2c.o(i.HAL_I2C_EV_IRQHandler)
    HAL_I2C_ErrorCallback                    0x08000bc5   Thumb Code     2  stm32f4xx_hal_i2c.o(i.HAL_I2C_ErrorCallback)
    HAL_I2C_Init                             0x08000bc9   Thumb Code   392  stm32f4xx_hal_i2c.o(i.HAL_I2C_Init)
    HAL_I2C_ListenCpltCallback               0x08000d61   Thumb Code     2  stm32f4xx_hal_i2c.o(i.HAL_I2C_ListenCpltCallback)
    HAL_I2C_MasterRxCpltCallback             0x08000d63   Thumb Code     2  stm32f4xx_hal_i2c.o(i.HAL_I2C_MasterRxCpltCallback)
    HAL_I2C_MasterTxCpltCallback             0x08000d65   Thumb Code    38  bsp_oled.o(i.HAL_I2C_MasterTxCpltCallback)
    HAL_I2C_Master_Transmit_DMA              0x08000d99   Thumb Code   336  stm32f4xx_hal_i2c.o(i.HAL_I2C_Master_Transmit_DMA)
    HAL_I2C_MemRxCpltCallback                0x08000ef9   Thumb Code     2  stm32f4xx_hal_i2c.o(i.HAL_I2C_MemRxCpltCallback)
    HAL_I2C_MemTxCpltCallback                0x08000efd   Thumb Code    44  bsp_oled.o(i.HAL_I2C_MemTxCpltCallback)
    HAL_I2C_Mem_Write_DMA                    0x08000f35   Thumb Code   398  stm32f4xx_hal_i2c.o(i.HAL_I2C_Mem_Write_DMA)
    HAL_I2C_MspInit                          0x080010d5   Thumb Code   152  i2c.o(i.HAL_I2C_MspInit)
    HAL_I2C_SlaveRxCpltCallback              0x08001181   Thumb Code     2  stm32f4xx_hal_i2c.o(i.HAL_I2C_SlaveRxCpltCallback)
    HAL_I2C_SlaveTxCpltCallback              0x08001183   Thumb Code     2  stm32f4xx_hal_i2c.o(i.HAL_I2C_SlaveTxCpltCallback)
    HAL_IWDG_Init                            0x08001185   Thumb Code    94  stm32f4xx_hal_iwdg.o(i.HAL_IWDG_Init)
    HAL_IncTick                              0x080011e5   Thumb Code    12  stm32f4xx_hal.o(i.HAL_IncTick)
    HAL_Init                                 0x080011f5   Thumb Code    48  stm32f4xx_hal.o(i.HAL_Init)
    HAL_InitTick                             0x08001229   Thumb Code    58  stm32f4xx_hal.o(i.HAL_InitTick)
    HAL_MspInit                              0x0800126d   Thumb Code    52  stm32f4xx_hal_msp.o(i.HAL_MspInit)
    HAL_NVIC_EnableIRQ                       0x080012a5   Thumb Code    26  stm32f4xx_hal_cortex.o(i.HAL_NVIC_EnableIRQ)
    HAL_NVIC_SetPriority                     0x080012c1   Thumb Code    60  stm32f4xx_hal_cortex.o(i.HAL_NVIC_SetPriority)
    HAL_NVIC_SetPriorityGrouping             0x08001301   Thumb Code    26  stm32f4xx_hal_cortex.o(i.HAL_NVIC_SetPriorityGrouping)
    HAL_RCC_ClockConfig                      0x08001325   Thumb Code   310  stm32f4xx_hal_rcc.o(i.HAL_RCC_ClockConfig)
    HAL_RCC_GetHCLKFreq                      0x08001471   Thumb Code     6  stm32f4xx_hal_rcc.o(i.HAL_RCC_GetHCLKFreq)
    HAL_RCC_GetPCLK1Freq                     0x0800147d   Thumb Code    22  stm32f4xx_hal_rcc.o(i.HAL_RCC_GetPCLK1Freq)
    HAL_RCC_GetPCLK2Freq                     0x0800149d   Thumb Code    22  stm32f4xx_hal_rcc.o(i.HAL_RCC_GetPCLK2Freq)
    HAL_RCC_GetSysClockFreq                  0x080014bd   Thumb Code    94  stm32f4xx_hal_rcc.o(i.HAL_RCC_GetSysClockFreq)
    HAL_RCC_OscConfig                        0x08001529   Thumb Code   942  stm32f4xx_hal_rcc.o(i.HAL_RCC_OscConfig)
    HAL_SYSTICK_Config                       0x080018e9   Thumb Code    40  stm32f4xx_hal_cortex.o(i.HAL_SYSTICK_Config)
    HAL_UARTEx_RxEventCallback               0x08001911   Thumb Code    14  service_uart.o(i.HAL_UARTEx_RxEventCallback)
    HAL_UART_ErrorCallback                   0x08001925   Thumb Code   116  service_uart.o(i.HAL_UART_ErrorCallback)
    HAL_UART_IRQHandler                      0x080019a1   Thumb Code   578  stm32f4xx_hal_uart.o(i.HAL_UART_IRQHandler)
    HAL_UART_Init                            0x08001be9   Thumb Code   102  stm32f4xx_hal_uart.o(i.HAL_UART_Init)
    HAL_UART_MspInit                         0x08001c51   Thumb Code   242  usart.o(i.HAL_UART_MspInit)
    HAL_UART_RxCpltCallback                  0x08001d5d   Thumb Code     2  service_uart.o(i.HAL_UART_RxCpltCallback)
    HAL_UART_TxCpltCallback                  0x08001d5f   Thumb Code     2  stm32f4xx_hal_uart.o(i.HAL_UART_TxCpltCallback)
    HardFault_Handler                        0x08001d61   Thumb Code     2  stm32f4xx_it.o(i.HardFault_Handler)
    I2C1_EV_IRQHandler                       0x08001d65   Thumb Code     6  stm32f4xx_it.o(i.I2C1_EV_IRQHandler)
    MX_DMA_Init                              0x08002cd9   Thumb Code    72  dma.o(i.MX_DMA_Init)
    MX_FREERTOS_Init                         0x08002d25   Thumb Code    18  freertos.o(i.MX_FREERTOS_Init)
    MX_GPIO_Init                             0x08002d45   Thumb Code   132  gpio.o(i.MX_GPIO_Init)
    MX_I2C1_Init                             0x08002dd5   Thumb Code    50  i2c.o(i.MX_I2C1_Init)
    MX_IWDG_Init                             0x08002e15   Thumb Code    36  iwdg.o(i.MX_IWDG_Init)
    MX_USART1_UART_Init                      0x08002e41   Thumb Code    48  usart.o(i.MX_USART1_UART_Init)
    MX_USART6_UART_Init                      0x08002e79   Thumb Code    48  usart.o(i.MX_USART6_UART_Init)
    MemManage_Handler                        0x08002eb1   Thumb Code     2  stm32f4xx_it.o(i.MemManage_Handler)
    NMI_Handler                              0x08002eb3   Thumb Code     2  stm32f4xx_it.o(i.NMI_Handler)
    StartDefaultTask                         0x08002eb5   Thumb Code     8  freertos.o(i.StartDefaultTask)
    SysTick_Handler                          0x08002ebd   Thumb Code    24  stm32f4xx_it.o(i.SysTick_Handler)
    SystemClock_Config                       0x08002ed5   Thumb Code   142  main.o(i.SystemClock_Config)
    SystemInit                               0x08002f6d   Thumb Code    22  system_stm32f4xx.o(i.SystemInit)
    USART1_IRQHandler                        0x0800323d   Thumb Code     6  stm32f4xx_it.o(i.USART1_IRQHandler)
    USART6_IRQHandler                        0x08003249   Thumb Code     6  stm32f4xx_it.o(i.USART6_IRQHandler)
    UsageFault_Handler                       0x08003255   Thumb Code     2  stm32f4xx_it.o(i.UsageFault_Handler)
    __scatterload_copy                       0x08003277   Thumb Code    14  handlers.o(i.__scatterload_copy)
    __scatterload_null                       0x08003285   Thumb Code     2  handlers.o(i.__scatterload_null)
    __scatterload_zeroinit                   0x08003287   Thumb Code    14  handlers.o(i.__scatterload_zeroinit)
    adapter_uart_get_object                  0x08003295   Thumb Code    28  adapter_uart.o(i.adapter_uart_get_object)
    adapter_uart_init                        0x080032b5   Thumb Code    12  adapter_uart.o(i.adapter_uart_init)
    main                                     0x080032c1   Thumb Code    48  main.o(i.main)
    osDelay                                  0x080032f1   Thumb Code    28  cmsis_os2.o(i.osDelay)
    osKernelInitialize                       0x0800330d   Thumb Code    34  cmsis_os2.o(i.osKernelInitialize)
    osKernelStart                            0x08003335   Thumb Code    48  cmsis_os2.o(i.osKernelStart)
    osThreadNew                              0x0800336d   Thumb Code   186  cmsis_os2.o(i.osThreadNew)
    pvPortMalloc                             0x08003c41   Thumb Code   214  heap_4.o(i.pvPortMalloc)
    pxPortInitialiseStack                    0x08003d1d   Thumb Code    30  port.o(i.pxPortInitialiseStack)
    service_uart_dma_comp_irq_cal            0x08003d41   Thumb Code    28  service_uart.o(i.service_uart_dma_comp_irq_cal)
    service_uart_dma_half_irq_cal            0x08003d5d   Thumb Code    26  service_uart.o(i.service_uart_dma_half_irq_cal)
    service_uart_idle_irq_cal                0x08003d77   Thumb Code    50  service_uart.o(i.service_uart_idle_irq_cal)
    usart1_handler                           0x08003da9   Thumb Code    78  service_uart.o(i.usart1_handler)
    uxListRemove                             0x08003dfd   Thumb Code    38  list.o(i.uxListRemove)
    vApplicationGetIdleTaskMemory            0x08003e25   Thumb Code    16  cmsis_os2.o(i.vApplicationGetIdleTaskMemory)
    vApplicationGetTimerTaskMemory           0x08003e39   Thumb Code    18  cmsis_os2.o(i.vApplicationGetTimerTaskMemory)
    vListInitialise                          0x08003e51   Thumb Code    22  list.o(i.vListInitialise)
    vListInitialiseItem                      0x08003e67   Thumb Code     6  list.o(i.vListInitialiseItem)
    vListInsert                              0x08003e6d   Thumb Code    48  list.o(i.vListInsert)
    vListInsertEnd                           0x08003e9d   Thumb Code    24  list.o(i.vListInsertEnd)
    vPortEnterCritical                       0x08003eb5   Thumb Code    54  port.o(i.vPortEnterCritical)
    vPortExitCritical                        0x08003ef5   Thumb Code    38  port.o(i.vPortExitCritical)
    vPortFree                                0x08003f21   Thumb Code    94  heap_4.o(i.vPortFree)
    vPortSetupTimerInterrupt                 0x08003f85   Thumb Code    32  port.o(i.vPortSetupTimerInterrupt)
    vPortValidateInterruptPriority           0x08003fa9   Thumb Code    74  port.o(i.vPortValidateInterruptPriority)
    vQueueAddToRegistry                      0x08003ffd   Thumb Code    32  queue.o(i.vQueueAddToRegistry)
    vQueueWaitForMessageRestricted           0x08004021   Thumb Code    70  queue.o(i.vQueueWaitForMessageRestricted)
    vTaskDelay                               0x08004069   Thumb Code    70  tasks.o(i.vTaskDelay)
    vTaskInternalSetTimeOutState             0x080040b9   Thumb Code    12  tasks.o(i.vTaskInternalSetTimeOutState)
    vTaskMissedYield                         0x080040c9   Thumb Code     8  tasks.o(i.vTaskMissedYield)
    vTaskPlaceOnEventList                    0x080040d5   Thumb Code    46  tasks.o(i.vTaskPlaceOnEventList)
    vTaskPlaceOnEventListRestricted          0x08004109   Thumb Code    54  tasks.o(i.vTaskPlaceOnEventListRestricted)
    vTaskStartScheduler                      0x08004145   Thumb Code   126  tasks.o(i.vTaskStartScheduler)
    vTaskSuspendAll                          0x080041d5   Thumb Code    10  tasks.o(i.vTaskSuspendAll)
    vTaskSwitchContext                       0x080041e5   Thumb Code    94  tasks.o(i.vTaskSwitchContext)
    xPortStartScheduler                      0x0800424d   Thumb Code   222  port.o(i.xPortStartScheduler)
    xPortSysTickHandler                      0x08004341   Thumb Code    38  port.o(i.xPortSysTickHandler)
    xQueueGenericCreateStatic                0x0800436d   Thumb Code   108  queue.o(i.xQueueGenericCreateStatic)
    xQueueGenericReset                       0x080043d9   Thumb Code   134  queue.o(i.xQueueGenericReset)
    xQueueGenericSend                        0x08004465   Thumb Code   352  queue.o(i.xQueueGenericSend)
    xQueueGenericSendFromISR                 0x080045c9   Thumb Code   192  queue.o(i.xQueueGenericSendFromISR)
    xQueueReceive                            0x08004689   Thumb Code   310  queue.o(i.xQueueReceive)
    xTaskCheckForTimeOut                     0x080047c5   Thumb Code   118  tasks.o(i.xTaskCheckForTimeOut)
    xTaskCreate                              0x08004841   Thumb Code   100  tasks.o(i.xTaskCreate)
    xTaskCreateStatic                        0x080048a5   Thumb Code    92  tasks.o(i.xTaskCreateStatic)
    xTaskGetSchedulerState                   0x08004901   Thumb Code    24  tasks.o(i.xTaskGetSchedulerState)
    xTaskGetTickCount                        0x0800491d   Thumb Code     6  tasks.o(i.xTaskGetTickCount)
    xTaskIncrementTick                       0x08004929   Thumb Code   196  tasks.o(i.xTaskIncrementTick)
    xTaskPriorityDisinherit                  0x080049f5   Thumb Code   116  tasks.o(i.xTaskPriorityDisinherit)
    xTaskRemoveFromEventList                 0x08004a71   Thumb Code   106  tasks.o(i.xTaskRemoveFromEventList)
    xTaskResumeAll                           0x08004ae9   Thumb Code   184  tasks.o(i.xTaskResumeAll)
    xTimerCreateTimerTask                    0x08004bb1   Thumb Code    86  timers.o(i.xTimerCreateTimerTask)
    xTimerGenericCommand                     0x08004c19   Thumb Code   104  timers.o(i.xTimerGenericCommand)
    defaultTask_attributes                   0x08004c84   Data          36  freertos.o(.constdata)
    AHBPrescTable                            0x08004cb0   Data          16  system_stm32f4xx.o(.constdata)
    APBPrescTable                            0x08004cc0   Data           8  system_stm32f4xx.o(.constdata)
    Region$$Table$$Base                      0x08004cd4   Number         0  anon$$obj.o(Region$$Table)
    Region$$Table$$Limit                     0x08004cf4   Number         0  anon$$obj.o(Region$$Table)
    defaultTaskHandle                        0x20000020   Data           4  freertos.o(.data)
    uwTickFreq                               0x20000024   Data           1  stm32f4xx_hal.o(.data)
    uwTickPrio                               0x20000028   Data           4  stm32f4xx_hal.o(.data)
    uwTick                                   0x2000002c   Data           4  stm32f4xx_hal.o(.data)
    SystemCoreClock                          0x20000030   Data           4  system_stm32f4xx.o(.data)
    pxCurrentTCB                             0x20000034   Data           4  tasks.o(.data)
    hi2c1                                    0x20000b1c   Data          84  i2c.o(.bss)
    hdma_i2c1_tx                             0x20000b70   Data          96  i2c.o(.bss)
    hiwdg                                    0x20000bd0   Data          12  iwdg.o(.bss)
    huart1                                   0x20000bdc   Data          72  usart.o(.bss)
    huart6                                   0x20000c24   Data          72  usart.o(.bss)
    hdma_usart6_rx                           0x20000c6c   Data          96  usart.o(.bss)
    xQueueRegistry                           0x20000ccc   Data          64  queue.o(.bss)
    __initial_sp                             0x200059a0   Data           0  startup_stm32f411xe.o(STACK)



==============================================================================

Memory Map of the image

  Image Entry point : 0x08000199

  Load Region LR_IROM1 (Base: 0x08000000, Size: 0x00004da8, Max: 0x00080000, ABSOLUTE)

    Execution Region ER_IROM1 (Exec base: 0x08000000, Load base: 0x08000000, Size: 0x00004cf4, Max: 0x00080000, ABSOLUTE)

    Exec Addr    Load Addr    Size         Type   Attr      Idx    E Section Name        Object

    0x08000000   0x08000000   0x00000198   Data   RO         1224    RESET               startup_stm32f411xe.o
    0x08000198   0x08000198   0x00000000   Code   RO        11398  * .ARM.Collect$$$$00000000  mc_w.l(entry.o)
    0x08000198   0x08000198   0x00000004   Code   RO        11685    .ARM.Collect$$$$00000001  mc_w.l(entry2.o)
    0x0800019c   0x0800019c   0x00000004   Code   RO        11688    .ARM.Collect$$$$00000004  mc_w.l(entry5.o)
    0x080001a0   0x080001a0   0x00000000   Code   RO        11690    .ARM.Collect$$$$00000008  mc_w.l(entry7b.o)
    0x080001a0   0x080001a0   0x00000000   Code   RO        11692    .ARM.Collect$$$$0000000A  mc_w.l(entry8b.o)
    0x080001a0   0x080001a0   0x00000008   Code   RO        11693    .ARM.Collect$$$$0000000B  mc_w.l(entry9a.o)
    0x080001a8   0x080001a8   0x00000004   Code   RO        11700    .ARM.Collect$$$$0000000E  mc_w.l(entry12b.o)
    0x080001ac   0x080001ac   0x00000000   Code   RO        11695    .ARM.Collect$$$$0000000F  mc_w.l(entry10a.o)
    0x080001ac   0x080001ac   0x00000000   Code   RO        11697    .ARM.Collect$$$$00000011  mc_w.l(entry11a.o)
    0x080001ac   0x080001ac   0x00000004   Code   RO        11686    .ARM.Collect$$$$00002712  mc_w.l(entry2.o)
    0x080001b0   0x080001b0   0x000000be   Code   RO         5559    .emb_text           port.o
    0x0800026e   0x0800026e   0x00000002   PAD
    0x08000270   0x08000270   0x00000024   Code   RO         1225    .text               startup_stm32f411xe.o
    0x08000294   0x08000294   0x00000062   Code   RO        11401    .text               mc_w.l(uldiv.o)
    0x080002f6   0x080002f6   0x00000024   Code   RO        11406    .text               mc_w.l(memcpya.o)
    0x0800031a   0x0800031a   0x00000024   Code   RO        11410    .text               mc_w.l(memseta.o)
    0x0800033e   0x0800033e   0x0000001e   Code   RO        11706    .text               mc_w.l(llshl.o)
    0x0800035c   0x0800035c   0x00000020   Code   RO        11708    .text               mc_w.l(llushr.o)
    0x0800037c   0x0800037c   0x00000024   Code   RO        11728    .text               mc_w.l(init.o)
    0x080003a0   0x080003a0   0x00000002   Code   RO         1498    i.BusFault_Handler  stm32f4xx_it.o
    0x080003a2   0x080003a2   0x00000002   PAD
    0x080003a4   0x080003a4   0x0000000c   Code   RO         1499    i.DMA1_Stream1_IRQHandler  stm32f4xx_it.o
    0x080003b0   0x080003b0   0x0000000c   Code   RO         1500    i.DMA2_Stream1_IRQHandler  stm32f4xx_it.o
    0x080003bc   0x080003bc   0x0000002c   Code   RO         2184    i.DMA_CalcBaseAndBitshift  stm32f4xx_hal_dma.o
    0x080003e8   0x080003e8   0x00000078   Code   RO         2185    i.DMA_CheckFifoParam  stm32f4xx_hal_dma.o
    0x08000460   0x08000460   0x0000002a   Code   RO         2186    i.DMA_SetConfig     stm32f4xx_hal_dma.o
    0x0800048a   0x0800048a   0x00000002   Code   RO         1501    i.DebugMon_Handler  stm32f4xx_it.o
    0x0800048c   0x0800048c   0x00000004   Code   RO         1232    i.Error_Handler     main.o
    0x08000490   0x08000490   0x0000008e   Code   RO         2187    i.HAL_DMA_Abort     stm32f4xx_hal_dma.o
    0x0800051e   0x0800051e   0x00000024   Code   RO         2188    i.HAL_DMA_Abort_IT  stm32f4xx_hal_dma.o
    0x08000542   0x08000542   0x00000004   Code   RO         2190    i.HAL_DMA_GetError  stm32f4xx_hal_dma.o
    0x08000546   0x08000546   0x00000006   Code   RO         2191    i.HAL_DMA_GetState  stm32f4xx_hal_dma.o
    0x0800054c   0x0800054c   0x000001d0   Code   RO         2192    i.HAL_DMA_IRQHandler  stm32f4xx_hal_dma.o
    0x0800071c   0x0800071c   0x000000d4   Code   RO         2193    i.HAL_DMA_Init      stm32f4xx_hal_dma.o
    0x080007f0   0x080007f0   0x0000006e   Code   RO         2197    i.HAL_DMA_Start_IT  stm32f4xx_hal_dma.o
    0x0800085e   0x0800085e   0x00000002   PAD
    0x08000860   0x08000860   0x000001a8   Code   RO         2080    i.HAL_GPIO_Init     stm32f4xx_hal_gpio.o
    0x08000a08   0x08000a08   0x0000000e   Code   RO         2084    i.HAL_GPIO_WritePin  stm32f4xx_hal_gpio.o
    0x08000a16   0x08000a16   0x00000002   PAD
    0x08000a18   0x08000a18   0x0000000c   Code   RO         2654    i.HAL_GetTick       stm32f4xx_hal.o
    0x08000a24   0x08000a24   0x00000002   Code   RO         2899    i.HAL_I2C_AbortCpltCallback  stm32f4xx_hal_i2c.o
    0x08000a26   0x08000a26   0x00000002   Code   RO         2900    i.HAL_I2C_AddrCallback  stm32f4xx_hal_i2c.o
    0x08000a28   0x08000a28   0x0000019c   Code   RO         2904    i.HAL_I2C_EV_IRQHandler  stm32f4xx_hal_i2c.o
    0x08000bc4   0x08000bc4   0x00000002   Code   RO         2906    i.HAL_I2C_ErrorCallback  stm32f4xx_hal_i2c.o
    0x08000bc6   0x08000bc6   0x00000002   PAD
    0x08000bc8   0x08000bc8   0x00000198   Code   RO         2910    i.HAL_I2C_Init      stm32f4xx_hal_i2c.o
    0x08000d60   0x08000d60   0x00000002   Code   RO         2912    i.HAL_I2C_ListenCpltCallback  stm32f4xx_hal_i2c.o
    0x08000d62   0x08000d62   0x00000002   Code   RO         2913    i.HAL_I2C_MasterRxCpltCallback  stm32f4xx_hal_i2c.o
    0x08000d64   0x08000d64   0x00000034   Code   RO          988    i.HAL_I2C_MasterTxCpltCallback  bsp_oled.o
    0x08000d98   0x08000d98   0x00000160   Code   RO         2924    i.HAL_I2C_Master_Transmit_DMA  stm32f4xx_hal_i2c.o
    0x08000ef8   0x08000ef8   0x00000002   Code   RO         2926    i.HAL_I2C_MemRxCpltCallback  stm32f4xx_hal_i2c.o
    0x08000efa   0x08000efa   0x00000002   PAD
    0x08000efc   0x08000efc   0x00000038   Code   RO          989    i.HAL_I2C_MemTxCpltCallback  bsp_oled.o
    0x08000f34   0x08000f34   0x000001a0   Code   RO         2932    i.HAL_I2C_Mem_Write_DMA  stm32f4xx_hal_i2c.o
    0x080010d4   0x080010d4   0x000000ac   Code   RO         1379    i.HAL_I2C_MspInit   i2c.o
    0x08001180   0x08001180   0x00000002   Code   RO         2936    i.HAL_I2C_SlaveRxCpltCallback  stm32f4xx_hal_i2c.o
    0x08001182   0x08001182   0x00000002   Code   RO         2937    i.HAL_I2C_SlaveTxCpltCallback  stm32f4xx_hal_i2c.o
    0x08001184   0x08001184   0x0000005e   Code   RO         3406    i.HAL_IWDG_Init     stm32f4xx_hal_iwdg.o
    0x080011e2   0x080011e2   0x00000002   PAD
    0x080011e4   0x080011e4   0x00000010   Code   RO         2660    i.HAL_IncTick       stm32f4xx_hal.o
    0x080011f4   0x080011f4   0x00000034   Code   RO         2661    i.HAL_Init          stm32f4xx_hal.o
    0x08001228   0x08001228   0x00000044   Code   RO         2662    i.HAL_InitTick      stm32f4xx_hal.o
    0x0800126c   0x0800126c   0x00000038   Code   RO         1592    i.HAL_MspInit       stm32f4xx_hal_msp.o
    0x080012a4   0x080012a4   0x0000001a   Code   RO         2496    i.HAL_NVIC_EnableIRQ  stm32f4xx_hal_cortex.o
    0x080012be   0x080012be   0x00000002   PAD
    0x080012c0   0x080012c0   0x00000040   Code   RO         2502    i.HAL_NVIC_SetPriority  stm32f4xx_hal_cortex.o
    0x08001300   0x08001300   0x00000024   Code   RO         2503    i.HAL_NVIC_SetPriorityGrouping  stm32f4xx_hal_cortex.o
    0x08001324   0x08001324   0x0000014c   Code   RO         1617    i.HAL_RCC_ClockConfig  stm32f4xx_hal_rcc.o
    0x08001470   0x08001470   0x0000000c   Code   RO         1622    i.HAL_RCC_GetHCLKFreq  stm32f4xx_hal_rcc.o
    0x0800147c   0x0800147c   0x00000020   Code   RO         1624    i.HAL_RCC_GetPCLK1Freq  stm32f4xx_hal_rcc.o
    0x0800149c   0x0800149c   0x00000020   Code   RO         1625    i.HAL_RCC_GetPCLK2Freq  stm32f4xx_hal_rcc.o
    0x080014bc   0x080014bc   0x0000006c   Code   RO         1626    i.HAL_RCC_GetSysClockFreq  stm32f4xx_hal_rcc.o
    0x08001528   0x08001528   0x000003c0   Code   RO         1629    i.HAL_RCC_OscConfig  stm32f4xx_hal_rcc.o
    0x080018e8   0x080018e8   0x00000028   Code   RO         2507    i.HAL_SYSTICK_Config  stm32f4xx_hal_cortex.o
    0x08001910   0x08001910   0x00000014   Code   RO           71    i.HAL_UARTEx_RxEventCallback  service_uart.o
    0x08001924   0x08001924   0x0000007c   Code   RO           72    i.HAL_UART_ErrorCallback  service_uart.o
    0x080019a0   0x080019a0   0x00000248   Code   RO         3465    i.HAL_UART_IRQHandler  stm32f4xx_hal_uart.o
    0x08001be8   0x08001be8   0x00000066   Code   RO         3466    i.HAL_UART_Init     stm32f4xx_hal_uart.o
    0x08001c4e   0x08001c4e   0x00000002   PAD
    0x08001c50   0x08001c50   0x0000010c   Code   RO         1451    i.HAL_UART_MspInit  usart.o
    0x08001d5c   0x08001d5c   0x00000002   Code   RO           73    i.HAL_UART_RxCpltCallback  service_uart.o
    0x08001d5e   0x08001d5e   0x00000002   Code   RO         3477    i.HAL_UART_TxCpltCallback  stm32f4xx_hal_uart.o
    0x08001d60   0x08001d60   0x00000002   Code   RO         1502    i.HardFault_Handler  stm32f4xx_it.o
    0x08001d62   0x08001d62   0x00000002   PAD
    0x08001d64   0x08001d64   0x0000000c   Code   RO         1503    i.I2C1_EV_IRQHandler  stm32f4xx_it.o
    0x08001d70   0x08001d70   0x0000001c   Code   RO         2948    i.I2C_ConvertOtherXferOptions  stm32f4xx_hal_i2c.o
    0x08001d8c   0x08001d8c   0x000000bc   Code   RO         2949    i.I2C_DMAAbort      stm32f4xx_hal_i2c.o
    0x08001e48   0x08001e48   0x00000046   Code   RO         2950    i.I2C_DMAError      stm32f4xx_hal_i2c.o
    0x08001e8e   0x08001e8e   0x0000011c   Code   RO         2951    i.I2C_DMAXferCplt   stm32f4xx_hal_i2c.o
    0x08001faa   0x08001faa   0x00000010   Code   RO         2952    i.I2C_Flush_DR      stm32f4xx_hal_i2c.o
    0x08001fba   0x08001fba   0x00000002   PAD
    0x08001fbc   0x08001fbc   0x0000015c   Code   RO         2953    i.I2C_ITError       stm32f4xx_hal_i2c.o
    0x08002118   0x08002118   0x0000002e   Code   RO         2954    i.I2C_IsAcknowledgeFailed  stm32f4xx_hal_i2c.o
    0x08002146   0x08002146   0x0000010c   Code   RO         2955    i.I2C_MasterReceive_BTF  stm32f4xx_hal_i2c.o
    0x08002252   0x08002252   0x000000ea   Code   RO         2956    i.I2C_MasterReceive_RXNE  stm32f4xx_hal_i2c.o
    0x0800233c   0x0800233c   0x0000008a   Code   RO         2959    i.I2C_MasterTransmit_BTF  stm32f4xx_hal_i2c.o
    0x080023c6   0x080023c6   0x000000be   Code   RO         2960    i.I2C_MasterTransmit_TXE  stm32f4xx_hal_i2c.o
    0x08002484   0x08002484   0x0000002a   Code   RO         2961    i.I2C_Master_ADD10  stm32f4xx_hal_i2c.o
    0x080024ae   0x080024ae   0x00000002   PAD
    0x080024b0   0x080024b0   0x00000194   Code   RO         2962    i.I2C_Master_ADDR   stm32f4xx_hal_i2c.o
    0x08002644   0x08002644   0x000000a0   Code   RO         2963    i.I2C_Master_SB     stm32f4xx_hal_i2c.o
    0x080026e4   0x080026e4   0x000000be   Code   RO         2964    i.I2C_MemoryTransmit_TXE_BTF  stm32f4xx_hal_i2c.o
    0x080027a2   0x080027a2   0x00000002   PAD
    0x080027a4   0x080027a4   0x000000c4   Code   RO         2966    i.I2C_RequestMemoryWrite  stm32f4xx_hal_i2c.o
    0x08002868   0x08002868   0x0000001c   Code   RO         2967    i.I2C_SlaveReceive_BTF  stm32f4xx_hal_i2c.o
    0x08002884   0x08002884   0x00000044   Code   RO         2968    i.I2C_SlaveReceive_RXNE  stm32f4xx_hal_i2c.o
    0x080028c8   0x080028c8   0x0000001c   Code   RO         2969    i.I2C_SlaveTransmit_BTF  stm32f4xx_hal_i2c.o
    0x080028e4   0x080028e4   0x00000044   Code   RO         2970    i.I2C_SlaveTransmit_TXE  stm32f4xx_hal_i2c.o
    0x08002928   0x08002928   0x00000048   Code   RO         2971    i.I2C_Slave_ADDR    stm32f4xx_hal_i2c.o
    0x08002970   0x08002970   0x00000160   Code   RO         2973    i.I2C_Slave_STOPF   stm32f4xx_hal_i2c.o
    0x08002ad0   0x08002ad0   0x000000ac   Code   RO         2975    i.I2C_WaitOnFlagUntilTimeout  stm32f4xx_hal_i2c.o
    0x08002b7c   0x08002b7c   0x000000c8   Code   RO         2976    i.I2C_WaitOnMasterAddressFlagUntilTimeout  stm32f4xx_hal_i2c.o
    0x08002c44   0x08002c44   0x0000003c   Code   RO         2979    i.I2C_WaitOnSTOPRequestThroughIT  stm32f4xx_hal_i2c.o
    0x08002c80   0x08002c80   0x00000058   Code   RO         2980    i.I2C_WaitOnTXEFlagUntilTimeout  stm32f4xx_hal_i2c.o
    0x08002cd8   0x08002cd8   0x0000004c   Code   RO         1354    i.MX_DMA_Init       dma.o
    0x08002d24   0x08002d24   0x00000020   Code   RO         1319    i.MX_FREERTOS_Init  freertos.o
    0x08002d44   0x08002d44   0x00000090   Code   RO         1295    i.MX_GPIO_Init      gpio.o
    0x08002dd4   0x08002dd4   0x00000040   Code   RO         1380    i.MX_I2C1_Init      i2c.o
    0x08002e14   0x08002e14   0x0000002c   Code   RO         1420    i.MX_IWDG_Init      iwdg.o
    0x08002e40   0x08002e40   0x00000038   Code   RO         1452    i.MX_USART1_UART_Init  usart.o
    0x08002e78   0x08002e78   0x00000038   Code   RO         1453    i.MX_USART6_UART_Init  usart.o
    0x08002eb0   0x08002eb0   0x00000002   Code   RO         1504    i.MemManage_Handler  stm32f4xx_it.o
    0x08002eb2   0x08002eb2   0x00000002   Code   RO         1505    i.NMI_Handler       stm32f4xx_it.o
    0x08002eb4   0x08002eb4   0x00000008   Code   RO         1320    i.StartDefaultTask  freertos.o
    0x08002ebc   0x08002ebc   0x00000018   Code   RO         1506    i.SysTick_Handler   stm32f4xx_it.o
    0x08002ed4   0x08002ed4   0x00000098   Code   RO         1233    i.SystemClock_Config  main.o
    0x08002f6c   0x08002f6c   0x0000001c   Code   RO         3810    i.SystemInit        system_stm32f4xx.o
    0x08002f88   0x08002f88   0x0000000e   Code   RO         3479    i.UART_DMAAbortOnError  stm32f4xx_hal_uart.o
    0x08002f96   0x08002f96   0x0000004e   Code   RO         3489    i.UART_EndRxTransfer  stm32f4xx_hal_uart.o
    0x08002fe4   0x08002fe4   0x0000001a   Code   RO         3490    i.UART_EndTransmit_IT  stm32f4xx_hal_uart.o
    0x08002ffe   0x08002ffe   0x000000c8   Code   RO         3492    i.UART_Receive_IT   stm32f4xx_hal_uart.o
    0x080030c6   0x080030c6   0x00000002   PAD
    0x080030c8   0x080030c8   0x00000114   Code   RO         3493    i.UART_SetConfig    stm32f4xx_hal_uart.o
    0x080031dc   0x080031dc   0x0000005e   Code   RO         3496    i.UART_Transmit_IT  stm32f4xx_hal_uart.o
    0x0800323a   0x0800323a   0x00000002   PAD
    0x0800323c   0x0800323c   0x0000000c   Code   RO         1507    i.USART1_IRQHandler  stm32f4xx_it.o
    0x08003248   0x08003248   0x0000000c   Code   RO         1508    i.USART6_IRQHandler  stm32f4xx_it.o
    0x08003254   0x08003254   0x00000002   Code   RO         1509    i.UsageFault_Handler  stm32f4xx_it.o
    0x08003256   0x08003256   0x00000020   Code   RO         2509    i.__NVIC_SetPriority  stm32f4xx_hal_cortex.o
    0x08003276   0x08003276   0x0000000e   Code   RO        11738    i.__scatterload_copy  mc_w.l(handlers.o)
    0x08003284   0x08003284   0x00000002   Code   RO        11739    i.__scatterload_null  mc_w.l(handlers.o)
    0x08003286   0x08003286   0x0000000e   Code   RO        11740    i.__scatterload_zeroinit  mc_w.l(handlers.o)
    0x08003294   0x08003294   0x00000020   Code   RO          732    i.adapter_uart_get_object  adapter_uart.o
    0x080032b4   0x080032b4   0x0000000c   Code   RO          733    i.adapter_uart_init  adapter_uart.o
    0x080032c0   0x080032c0   0x00000030   Code   RO         1234    i.main              main.o
    0x080032f0   0x080032f0   0x0000001c   Code   RO         4989    i.osDelay           cmsis_os2.o
    0x0800330c   0x0800330c   0x00000028   Code   RO         5003    i.osKernelInitialize  cmsis_os2.o
    0x08003334   0x08003334   0x00000038   Code   RO         5006    i.osKernelStart     cmsis_os2.o
    0x0800336c   0x0800336c   0x000000ba   Code   RO         5048    i.osThreadNew       cmsis_os2.o
    0x08003426   0x08003426   0x00000002   PAD
    0x08003428   0x08003428   0x00000060   Code   RO         4428    i.prvAddCurrentTaskToDelayedList  tasks.o
    0x08003488   0x08003488   0x00000088   Code   RO         4429    i.prvAddNewTaskToReadyList  tasks.o
    0x08003510   0x08003510   0x00000058   Code   RO         4804    i.prvCheckForValidListAndQueue  timers.o
    0x08003568   0x08003568   0x0000003c   Code   RO         4430    i.prvCheckTasksWaitingTermination  tasks.o
    0x080035a4   0x080035a4   0x00000028   Code   RO         4015    i.prvCopyDataFromQueue  queue.o
    0x080035cc   0x080035cc   0x0000006e   Code   RO         4016    i.prvCopyDataToQueue  queue.o
    0x0800363a   0x0800363a   0x00000040   Code   RO         4431    i.prvDeleteTCB      tasks.o
    0x0800367a   0x0800367a   0x00000002   PAD
    0x0800367c   0x0800367c   0x00000024   Code   RO         4805    i.prvGetNextExpireTime  timers.o
    0x080036a0   0x080036a0   0x0000004c   Code   RO         5504    i.prvHeapInit       heap_4.o
    0x080036ec   0x080036ec   0x00000028   Code   RO         4432    i.prvIdleTask       tasks.o
    0x08003714   0x08003714   0x00000022   Code   RO         4019    i.prvInitialiseNewQueue  queue.o
    0x08003736   0x08003736   0x000000a8   Code   RO         4433    i.prvInitialiseNewTask  tasks.o
    0x080037de   0x080037de   0x00000002   PAD
    0x080037e0   0x080037e0   0x00000058   Code   RO         4434    i.prvInitialiseTaskLists  tasks.o
    0x08003838   0x08003838   0x00000054   Code   RO         5505    i.prvInsertBlockIntoFreeList  heap_4.o
    0x0800388c   0x0800388c   0x00000040   Code   RO         4807    i.prvInsertTimerInActiveList  timers.o
    0x080038cc   0x080038cc   0x0000001a   Code   RO         4020    i.prvIsQueueEmpty   queue.o
    0x080038e6   0x080038e6   0x0000001e   Code   RO         4021    i.prvIsQueueFull    queue.o
    0x08003904   0x08003904   0x00000068   Code   RO         4808    i.prvProcessExpiredTimer  timers.o
    0x0800396c   0x0800396c   0x000000fc   Code   RO         4809    i.prvProcessReceivedCommands  timers.o
    0x08003a68   0x08003a68   0x0000006c   Code   RO         4810    i.prvProcessTimerOrBlockTask  timers.o
    0x08003ad4   0x08003ad4   0x00000024   Code   RO         4436    i.prvResetNextTaskUnblockTime  tasks.o
    0x08003af8   0x08003af8   0x0000002c   Code   RO         4811    i.prvSampleTimeNow  timers.o
    0x08003b24   0x08003b24   0x00000070   Code   RO         4812    i.prvSwitchTimerLists  timers.o
    0x08003b94   0x08003b94   0x0000002c   Code   RO         5560    i.prvTaskExitError  port.o
    0x08003bc0   0x08003bc0   0x00000014   Code   RO         4813    i.prvTimerTask      timers.o
    0x08003bd4   0x08003bd4   0x0000006a   Code   RO         4022    i.prvUnlockQueue    queue.o
    0x08003c3e   0x08003c3e   0x00000002   PAD
    0x08003c40   0x08003c40   0x000000dc   Code   RO         5506    i.pvPortMalloc      heap_4.o
    0x08003d1c   0x08003d1c   0x00000024   Code   RO         5561    i.pxPortInitialiseStack  port.o
    0x08003d40   0x08003d40   0x0000001c   Code   RO           74    i.service_uart_dma_comp_irq_cal  service_uart.o
    0x08003d5c   0x08003d5c   0x0000001a   Code   RO           75    i.service_uart_dma_half_irq_cal  service_uart.o
    0x08003d76   0x08003d76   0x00000032   Code   RO           76    i.service_uart_idle_irq_cal  service_uart.o
    0x08003da8   0x08003da8   0x00000054   Code   RO           82    i.usart1_handler    service_uart.o
    0x08003dfc   0x08003dfc   0x00000026   Code   RO         3975    i.uxListRemove      list.o
    0x08003e22   0x08003e22   0x00000002   PAD
    0x08003e24   0x08003e24   0x00000014   Code   RO         5060    i.vApplicationGetIdleTaskMemory  cmsis_os2.o
    0x08003e38   0x08003e38   0x00000018   Code   RO         5061    i.vApplicationGetTimerTaskMemory  cmsis_os2.o
    0x08003e50   0x08003e50   0x00000016   Code   RO         3976    i.vListInitialise   list.o
    0x08003e66   0x08003e66   0x00000006   Code   RO         3977    i.vListInitialiseItem  list.o
    0x08003e6c   0x08003e6c   0x00000030   Code   RO         3978    i.vListInsert       list.o
    0x08003e9c   0x08003e9c   0x00000018   Code   RO         3979    i.vListInsertEnd    list.o
    0x08003eb4   0x08003eb4   0x00000040   Code   RO         5563    i.vPortEnterCritical  port.o
    0x08003ef4   0x08003ef4   0x0000002c   Code   RO         5564    i.vPortExitCritical  port.o
    0x08003f20   0x08003f20   0x00000064   Code   RO         5507    i.vPortFree         heap_4.o
    0x08003f84   0x08003f84   0x00000024   Code   RO         5565    i.vPortSetupTimerInterrupt  port.o
    0x08003fa8   0x08003fa8   0x00000054   Code   RO         5566    i.vPortValidateInterruptPriority  port.o
    0x08003ffc   0x08003ffc   0x00000024   Code   RO         4028    i.vQueueAddToRegistry  queue.o
    0x08004020   0x08004020   0x00000046   Code   RO         4032    i.vQueueWaitForMessageRestricted  queue.o
    0x08004066   0x08004066   0x00000002   PAD
    0x08004068   0x08004068   0x00000050   Code   RO         4449    i.vTaskDelay        tasks.o
    0x080040b8   0x080040b8   0x00000010   Code   RO         4454    i.vTaskInternalSetTimeOutState  tasks.o
    0x080040c8   0x080040c8   0x0000000c   Code   RO         4455    i.vTaskMissedYield  tasks.o
    0x080040d4   0x080040d4   0x00000034   Code   RO         4457    i.vTaskPlaceOnEventList  tasks.o
    0x08004108   0x08004108   0x0000003c   Code   RO         4458    i.vTaskPlaceOnEventListRestricted  tasks.o
    0x08004144   0x08004144   0x00000090   Code   RO         4466    i.vTaskStartScheduler  tasks.o
    0x080041d4   0x080041d4   0x00000010   Code   RO         4468    i.vTaskSuspendAll   tasks.o
    0x080041e4   0x080041e4   0x00000068   Code   RO         4469    i.vTaskSwitchContext  tasks.o
    0x0800424c   0x0800424c   0x000000f4   Code   RO         5567    i.xPortStartScheduler  port.o
    0x08004340   0x08004340   0x0000002c   Code   RO         5568    i.xPortSysTickHandler  port.o
    0x0800436c   0x0800436c   0x0000006c   Code   RO         4038    i.xQueueGenericCreateStatic  queue.o
    0x080043d8   0x080043d8   0x0000008c   Code   RO         4039    i.xQueueGenericReset  queue.o
    0x08004464   0x08004464   0x00000164   Code   RO         4040    i.xQueueGenericSend  queue.o
    0x080045c8   0x080045c8   0x000000c0   Code   RO         4041    i.xQueueGenericSendFromISR  queue.o
    0x08004688   0x08004688   0x0000013c   Code   RO         4050    i.xQueueReceive     queue.o
    0x080047c4   0x080047c4   0x0000007c   Code   RO         4471    i.xTaskCheckForTimeOut  tasks.o
    0x08004840   0x08004840   0x00000064   Code   RO         4472    i.xTaskCreate       tasks.o
    0x080048a4   0x080048a4   0x0000005c   Code   RO         4473    i.xTaskCreateStatic  tasks.o
    0x08004900   0x08004900   0x0000001c   Code   RO         4477    i.xTaskGetSchedulerState  tasks.o
    0x0800491c   0x0800491c   0x0000000c   Code   RO         4478    i.xTaskGetTickCount  tasks.o
    0x08004928   0x08004928   0x000000cc   Code   RO         4480    i.xTaskIncrementTick  tasks.o
    0x080049f4   0x080049f4   0x0000007c   Code   RO         4483    i.xTaskPriorityDisinherit  tasks.o
    0x08004a70   0x08004a70   0x00000078   Code   RO         4485    i.xTaskRemoveFromEventList  tasks.o
    0x08004ae8   0x08004ae8   0x000000c8   Code   RO         4486    i.xTaskResumeAll    tasks.o
    0x08004bb0   0x08004bb0   0x00000068   Code   RO         4822    i.xTimerCreateTimerTask  timers.o
    0x08004c18   0x08004c18   0x0000006c   Code   RO         4823    i.xTimerGenericCommand  timers.o
    0x08004c84   0x08004c84   0x00000024   Data   RO         1321    .constdata          freertos.o
    0x08004ca8   0x08004ca8   0x00000008   Data   RO         2199    .constdata          stm32f4xx_hal_dma.o
    0x08004cb0   0x08004cb0   0x00000010   Data   RO         3811    .constdata          system_stm32f4xx.o
    0x08004cc0   0x08004cc0   0x00000008   Data   RO         3812    .constdata          system_stm32f4xx.o
    0x08004cc8   0x08004cc8   0x0000000c   Data   RO         1322    .conststring        freertos.o
    0x08004cd4   0x08004cd4   0x00000020   Data   RO        11736    Region$$Table       anon$$obj.o


    Execution Region RW_IRAM1 (Exec base: 0x20000000, Load base: 0x08004cf4, Size: 0x000059a0, Max: 0x00020000, ABSOLUTE)

    Exec Addr    Load Addr    Size         Type   Attr      Idx    E Section Name        Object

    0x20000000   0x08004cf4   0x0000001f   Data   RW         1006    .data               bsp_oled.o
    0x2000001f   0x08004d13   0x00000001   PAD
    0x20000020   0x08004d14   0x00000004   Data   RW         1323    .data               freertos.o
    0x20000024   0x08004d18   0x0000000c   Data   RW         2668    .data               stm32f4xx_hal.o
    0x20000030   0x08004d24   0x00000004   Data   RW         3813    .data               system_stm32f4xx.o
    0x20000034   0x08004d28   0x0000003c   Data   RW         4489    .data               tasks.o
    0x20000070   0x08004d64   0x00000014   Data   RW         4831    .data               timers.o
    0x20000084   0x08004d78   0x00000004   Data   RW         5063    .data               cmsis_os2.o
    0x20000088   0x08004d7c   0x00000020   Data   RW         5513    .data               heap_4.o
    0x200000a8   0x08004d9c   0x0000000c   Data   RW         5569    .data               port.o
    0x200000b4        -       0x00000228   Zero   RW           83    .bss                service_uart.o
    0x200002dc        -       0x00000020   Zero   RW          739    .bss                adapter_uart.o
    0x200002fc        -       0x00000820   Zero   RW         1004    .bss                bsp_oled.o
    0x20000b1c        -       0x000000b4   Zero   RW         1381    .bss                i2c.o
    0x20000bd0        -       0x0000000c   Zero   RW         1421    .bss                iwdg.o
    0x20000bdc        -       0x000000f0   Zero   RW         1454    .bss                usart.o
    0x20000ccc        -       0x00000040   Zero   RW         4054    .bss                queue.o
    0x20000d0c        -       0x000004c4   Zero   RW         4488    .bss                tasks.o
    0x200011d0        -       0x00000118   Zero   RW         4830    .bss                timers.o
    0x200012e8        -       0x000006b8   Zero   RW         5062    .bss                cmsis_os2.o
    0x200019a0        -       0x00003c00   Zero   RW         5512    .bss                heap_4.o
    0x200055a0        -       0x00000400   Zero   RW         1222    STACK               startup_stm32f411xe.o


==============================================================================

Image component sizes


      Code (inc. data)   RO Data    RW Data    ZI Data      Debug   Object Name

        44          4          0          0         32       1874   adapter_uart.o
       108         26          0         31       2080       3902   bsp_oled.o
       354         24          0          4       1720      62057   cmsis_os2.o
        76          4          0          0          0        878   dma.o
         0          0          0          0          0      19692   event_groups.o
        40         14         48          4          0       1825   freertos.o
       144         12          0          0          0       1031   gpio.o
       480         26          0         32      15360       5211   heap_4.o
       236         34          0          0        180       1894   i2c.o
        44          8          0          0         12        787   iwdg.o
       138          0          0          0          0       3782   list.o
       204         10          0          0          0       5968   main.o
       786         84          0         12          0      11981   port.o
      1564         20          0          0         64      18264   queue.o
         0          0          0          0          0       4564   service_flash.o
       334         20          0          0        552     410089   service_uart.o
         0          0          0          0          0       2868   service_wdg.o
        36          8        408          0       1024        836   startup_stm32f411xe.o
       148         24          0         12          0       8861   stm32f4xx_hal.o
       198         14          0          0          0      34139   stm32f4xx_hal_cortex.o
      1180         14          8          0          0       9036   stm32f4xx_hal_dma.o
       438         34          0          0          0       2376   stm32f4xx_hal_gpio.o
      5542         90          0          0          0      33860   stm32f4xx_hal_i2c.o
        94          0          0          0          0       1396   stm32f4xx_hal_iwdg.o
        56          4          0          0          0        922   stm32f4xx_hal_msp.o
      1476         80          0          0          0       6584   stm32f4xx_hal_rcc.o
      1376         16          0          0          0       8280   stm32f4xx_hal_uart.o
        96         30          0          0          0       6068   stm32f4xx_it.o
         0          0          0          0          0        448   stream_buffer.o
        28          6         24          4          0       1295   system_stm32f4xx.o
      2176        186          0         60       1220      28998   tasks.o
      1040         88          0         20        280      31271   timers.o
       380         42          0          0        240       2686   usart.o

    ----------------------------------------------------------------------
     18858        922        520        180      22764     733723   Object Totals
         0          0         32          0          0          0   (incl. Generated)
        42          0          0          1          0          0   (incl. Padding)

    ----------------------------------------------------------------------

      Code (inc. data)   RO Data    RW Data    ZI Data      Debug   Library Member Name

         0          0          0          0          0          0   entry.o
         0          0          0          0          0          0   entry10a.o
         0          0          0          0          0          0   entry11a.o
         4          0          0          0          0          0   entry12b.o
         8          4          0          0          0          0   entry2.o
         4          0          0          0          0          0   entry5.o
         0          0          0          0          0          0   entry7b.o
         0          0          0          0          0          0   entry8b.o
         8          4          0          0          0          0   entry9a.o
        30          0          0          0          0          0   handlers.o
        36          8          0          0          0         68   init.o
        30          0          0          0          0         68   llshl.o
        32          0          0          0          0         68   llushr.o
        36          0          0          0          0         68   memcpya.o
        36          0          0          0          0        108   memseta.o
        98          0          0          0          0         92   uldiv.o

    ----------------------------------------------------------------------
       322         16          0          0          0        472   Library Totals
         0          0          0          0          0          0   (incl. Padding)

    ----------------------------------------------------------------------

      Code (inc. data)   RO Data    RW Data    ZI Data      Debug   Library Name

       322         16          0          0          0        472   mc_w.l

    ----------------------------------------------------------------------
       322         16          0          0          0        472   Library Totals

    ----------------------------------------------------------------------

==============================================================================


      Code (inc. data)   RO Data    RW Data    ZI Data      Debug   

     19180        938        520        180      22764     716243   Grand Totals
     19180        938        520        180      22764     716243   ELF Image Totals
     19180        938        520        180          0          0   ROM Totals

==============================================================================

    Total RO  Size (Code + RO Data)                19700 (  19.24kB)
    Total RW  Size (RW Data + ZI Data)             22944 (  22.41kB)
    Total ROM Size (Code + RO Data + RW Data)      19880 (  19.41kB)

==============================================================================

