Component: ARM Compiler 5.06 update 7 (build 960) Tool: armlink [4d3601]

==============================================================================

Section Cross References

    startup_stm32f411xe.o(STACK) refers (Special) to heapauxi.o(.text) for __use_two_region_memory
    startup_stm32f411xe.o(HEAP) refers (Special) to heapauxi.o(.text) for __use_two_region_memory
    startup_stm32f411xe.o(RESET) refers (Special) to heapauxi.o(.text) for __use_two_region_memory
    startup_stm32f411xe.o(RESET) refers to startup_stm32f411xe.o(STACK) for __initial_sp
    startup_stm32f411xe.o(RESET) refers to startup_stm32f411xe.o(.text) for Reset_Handler
    startup_stm32f411xe.o(RESET) refers to stm32f4xx_it.o(i.NMI_Handler) for NMI_Handler
    startup_stm32f411xe.o(RESET) refers to stm32f4xx_it.o(i.HardFault_Handler) for HardFault_Handler
    startup_stm32f411xe.o(RESET) refers to stm32f4xx_it.o(i.MemManage_Handler) for MemManage_Handler
    startup_stm32f411xe.o(RESET) refers to stm32f4xx_it.o(i.BusFault_Handler) for BusFault_Handler
    startup_stm32f411xe.o(RESET) refers to stm32f4xx_it.o(i.UsageFault_Handler) for UsageFault_Handler
    startup_stm32f411xe.o(RESET) refers to stm32f4xx_it.o(i.SVC_Handler) for SVC_Handler
    startup_stm32f411xe.o(RESET) refers to stm32f4xx_it.o(i.DebugMon_Handler) for DebugMon_Handler
    startup_stm32f411xe.o(RESET) refers to stm32f4xx_it.o(i.PendSV_Handler) for PendSV_Handler
    startup_stm32f411xe.o(RESET) refers to stm32f4xx_it.o(i.SysTick_Handler) for SysTick_Handler
    startup_stm32f411xe.o(RESET) refers to stm32f4xx_it.o(i.USART1_IRQHandler) for USART1_IRQHandler
    startup_stm32f411xe.o(.text) refers (Special) to heapauxi.o(.text) for __use_two_region_memory
    startup_stm32f411xe.o(.text) refers to system_stm32f4xx.o(i.SystemInit) for SystemInit
    startup_stm32f411xe.o(.text) refers to __main.o(!!!main) for __main
    startup_stm32f411xe.o(.text) refers to startup_stm32f411xe.o(HEAP) for Heap_Mem
    startup_stm32f411xe.o(.text) refers to startup_stm32f411xe.o(STACK) for Stack_Mem
    main.o(i.SystemClock_Config) refers to rt_memclr_w.o(.text) for __aeabi_memclr4
    main.o(i.SystemClock_Config) refers to stm32f4xx_hal_rcc.o(i.HAL_RCC_OscConfig) for HAL_RCC_OscConfig
    main.o(i.SystemClock_Config) refers to main.o(i.Error_Handler) for Error_Handler
    main.o(i.SystemClock_Config) refers to stm32f4xx_hal_rcc.o(i.HAL_RCC_ClockConfig) for HAL_RCC_ClockConfig
    main.o(i._app_key_callback) refers to rt_memclr_w.o(.text) for __aeabi_memclr4
    main.o(i._app_key_callback) refers to bsp_driver_led.o(i.bsp_driver_led_get_object) for bsp_driver_led_get_object
    main.o(i._app_key_callback) refers to bsp_driver_led.o(i.bsp_driver_led_on) for bsp_driver_led_on
    main.o(i._app_key_callback) refers to stm32f4xx_hal.o(i.HAL_Delay) for HAL_Delay
    main.o(i._app_key_callback) refers to bsp_driver_led.o(i.bsp_driver_led_off) for bsp_driver_led_off
    main.o(i.main) refers to stm32f4xx_hal.o(i.HAL_Init) for HAL_Init
    main.o(i.main) refers to main.o(i.SystemClock_Config) for SystemClock_Config
    main.o(i.main) refers to gpio.o(i.MX_GPIO_Init) for MX_GPIO_Init
    main.o(i.main) refers to usart.o(i.MX_USART1_UART_Init) for MX_USART1_UART_Init
    main.o(i.main) refers to iwdg.o(i.MX_IWDG_Init) for MX_IWDG_Init
    main.o(i.main) refers to app_adapter_iwdg.o(i.app_adapter_iwdg_register) for app_adapter_iwdg_register
    main.o(i.main) refers to rt_memclr_w.o(.text) for __aeabi_memclr4
    main.o(i.main) refers to bsp_driver_iwdg.o(i.bsp_driver_iwdg_get_object) for bsp_driver_iwdg_get_object
    main.o(i.main) refers to bsp_driver_iwdg.o(i.bsp_driver_iwdg_init) for bsp_driver_iwdg_init
    main.o(i.main) refers to app_adapter_led.o(i.app_adapter_led_register) for app_adapter_led_register
    main.o(i.main) refers to app_adapter_key.o(i.app_adapter_key_register) for app_adapter_key_register
    main.o(i.main) refers to app_adapter_flash.o(i.app_adapter_flash_register) for app_adapter_flash_register
    main.o(i.main) refers to app_adapter_uart.o(i.app_adapter_uart_register) for app_adapter_uart_register
    main.o(i.main) refers to bsp_driver_led.o(i.bsp_driver_led_get_object) for bsp_driver_led_get_object
    main.o(i.main) refers to bsp_driver_led.o(i.bsp_driver_led_init) for bsp_driver_led_init
    main.o(i.main) refers to bsp_driver_key_1.o(i.bsp_driver_key_get_object) for bsp_driver_key_get_object
    main.o(i.main) refers to bsp_driver_key_1.o(i.bsp_driver_key_init) for bsp_driver_key_init
    main.o(i.main) refers to bsp_driver_flash_1.o(i.bsp_driver_flash_get_object) for bsp_driver_flash_get_object
    main.o(i.main) refers to bsp_driver_flash_1.o(i.bsp_driver_flash_init) for bsp_driver_flash_init
    main.o(i.main) refers to bsp_driver_uart_1.o(i.bsp_driver_uart_get_object) for bsp_driver_uart_get_object
    main.o(i.main) refers to bsp_driver_uart_1.o(i.bsp_driver_uart_init) for bsp_driver_uart_init
[...]
    ..\Core\Src\usart.c                      0x00000000   Number         0  usart.o ABSOLUTE
    ..\Drivers\STM32F4xx_HAL_Driver\Src\stm32f4xx_hal.c 0x00000000   Number         0  stm32f4xx_hal.o ABSOLUTE
    ..\Drivers\STM32F4xx_HAL_Driver\Src\stm32f4xx_hal_cortex.c 0x00000000   Number         0  stm32f4xx_hal_cortex.o ABSOLUTE
    ..\Drivers\STM32F4xx_HAL_Driver\Src\stm32f4xx_hal_dma.c 0x00000000   Number         0  stm32f4xx_hal_dma.o ABSOLUTE
    ..\Drivers\STM32F4xx_HAL_Driver\Src\stm32f4xx_hal_dma_ex.c 0x00000000   Number         0  stm32f4xx_hal_dma_ex.o ABSOLUTE
    ..\Drivers\STM32F4xx_HAL_Driver\Src\stm32f4xx_hal_exti.c 0x00000000   Number         0  stm32f4xx_hal_exti.o ABSOLUTE
    ..\Drivers\STM32F4xx_HAL_Driver\Src\stm32f4xx_hal_flash.c 0x00000000   Number         0  stm32f4xx_hal_flash.o ABSOLUTE
    ..\Drivers\STM32F4xx_HAL_Driver\Src\stm32f4xx_hal_flash_ex.c 0x00000000   Number         0  stm32f4xx_hal_flash_ex.o ABSOLUTE
    ..\Drivers\STM32F4xx_HAL_Driver\Src\stm32f4xx_hal_flash_ramfunc.c 0x00000000   Number         0  stm32f4xx_hal_flash_ramfunc.o ABSOLUTE
    ..\Drivers\STM32F4xx_HAL_Driver\Src\stm32f4xx_hal_gpio.c 0x00000000   Number         0  stm32f4xx_hal_gpio.o ABSOLUTE
    ..\Drivers\STM32F4xx_HAL_Driver\Src\stm32f4xx_hal_iwdg.c 0x00000000   Number         0  stm32f4xx_hal_iwdg.o ABSOLUTE
    ..\Drivers\STM32F4xx_HAL_Driver\Src\stm32f4xx_hal_pwr.c 0x00000000   Number         0  stm32f4xx_hal_pwr.o ABSOLUTE
    ..\Drivers\STM32F4xx_HAL_Driver\Src\stm32f4xx_hal_pwr_ex.c 0x00000000   Number         0  stm32f4xx_hal_pwr_ex.o ABSOLUTE
    ..\Drivers\STM32F4xx_HAL_Driver\Src\stm32f4xx_hal_rcc.c 0x00000000   Number         0  stm32f4xx_hal_rcc.o ABSOLUTE
    ..\Drivers\STM32F4xx_HAL_Driver\Src\stm32f4xx_hal_rcc_ex.c 0x00000000   Number         0  stm32f4xx_hal_rcc_ex.o ABSOLUTE
    ..\Drivers\STM32F4xx_HAL_Driver\Src\stm32f4xx_hal_uart.c 0x00000000   Number         0  stm32f4xx_hal_uart.o ABSOLUTE
    ..\Third_Part\lwrb\lwrb\src\lwrb\lwrb.c  0x00000000   Number         0  lwrb.o ABSOLUTE
    ..\Third_Part\lwrb\lwrb\src\lwrb\lwrb_ex.c 0x00000000   Number         0  lwrb_ex.o ABSOLUTE
    ..\\APP\\Src\\app_updata.c               0x00000000   Number         0  app_updata.o ABSOLUTE
    ..\\Adapter\\Src\\app_adapter_flash.c    0x00000000   Number         0  app_adapter_flash.o ABSOLUTE
    ..\\Adapter\\Src\\app_adapter_iwdg.c     0x00000000   Number         0  app_adapter_iwdg.o ABSOLUTE
    ..\\Adapter\\Src\\app_adapter_key.c      0x00000000   Number         0  app_adapter_key.o ABSOLUTE
    ..\\Adapter\\Src\\app_adapter_led.c      0x00000000   Number         0  app_adapter_led.o ABSOLUTE
    ..\\Adapter\\Src\\app_adapter_uart.c     0x00000000   Number         0  app_adapter_uart.o ABSOLUTE
    ..\\Adapter\\Src\\app_adapter_w25qxx.c   0x00000000   Number         0  app_adapter_w25qxx.o ABSOLUTE
    dc.s                                     0x00000000   Number         0  dc.o ABSOLUTE
    startup_stm32f411xe.s                    0x00000000   Number         0  startup_stm32f411xe.o ABSOLUTE
    RESET                                    0x0800c000   Section      408  startup_stm32f411xe.o(RESET)
    !!!main                                  0x0800c198   Section        8  __main.o(!!!main)
    !!!scatter                               0x0800c1a0   Section       52  __scatter.o(!!!scatter)
    !!handler_copy                           0x0800c1d4   Section       26  __scatter_copy.o(!!handler_copy)
    !!handler_zi                             0x0800c1f0   Section       28  __scatter_zi.o(!!handler_zi)
    .ARM.Collect$$libinit$$00000000          0x0800c20c   Section        2  libinit.o(.ARM.Collect$$libinit$$00000000)
    .ARM.Collect$$libinit$$00000001          0x0800c20e   Section        4  libinit2.o(.ARM.Collect$$libinit$$00000001)
    .ARM.Collect$$libinit$$00000004          0x0800c212   Section        0  libinit2.o(.ARM.Collect$$libinit$$00000004)
    .ARM.Collect$$libinit$$0000000A          0x0800c212   Section        0  libinit2.o(.ARM.Collect$$libinit$$0000000A)
    .ARM.Collect$$libinit$$0000000C          0x0800c212   Section        0  libinit2.o(.ARM.Collect$$libinit$$0000000C)
    .ARM.Collect$$libinit$$0000000E          0x0800c212   Section        0  libinit2.o(.ARM.Collect$$libinit$$0000000E)
    .ARM.Collect$$libinit$$00000011          0x0800c212   Section        0  libinit2.o(.ARM.Collect$$libinit$$00000011)
    .ARM.Collect$$libinit$$00000013          0x0800c212   Section        0  libinit2.o(.ARM.Collect$$libinit$$00000013)
    .ARM.Collect$$libinit$$00000015          0x0800c212   Section        0  libinit2.o(.ARM.Collect$$libinit$$00000015)
    .ARM.Collect$$libinit$$00000017          0x0800c212   Section        0  libinit2.o(.ARM.Collect$$libinit$$00000017)
    .ARM.Collect$$libinit$$00000019          0x0800c212   Section        0  libinit2.o(.ARM.Collect$$libinit$$00000019)
    .ARM.Collect$$libinit$$0000001B          0x0800c212   Section        0  libinit2.o(.ARM.Collect$$libinit$$0000001B)
    .ARM.Collect$$libinit$$0000001D          0x0800c212   Section        0  libinit2.o(.ARM.Collect$$libinit$$0000001D)
    .ARM.Collect$$libinit$$0000001F          0x0800c212   Section        0  libinit2.o(.ARM.Collect$$libinit$$0000001F)
    .ARM.Collect$$libinit$$00000021          0x0800c212   Section        0  libinit2.o(.ARM.Collect$$libinit$$00000021)
    .ARM.Collect$$libinit$$00000023          0x0800c212   Section        0  libinit2.o(.ARM.Collect$$libinit$$00000023)
    .ARM.Collect$$libinit$$00000025          0x0800c212   Section        0  libinit2.o(.ARM.Collect$$libinit$$00000025)
    .ARM.Collect$$libinit$$0000002C          0x0800c212   Section        0  libinit2.o(.ARM.Collect$$libinit$$0000002C)
    .ARM.Collect$$libinit$$0000002E          0x0800c212   Section        0  libinit2.o(.ARM.Collect$$libinit$$0000002E)
    .ARM.Collect$$libinit$$00000030          0x0800c212   Section        0  libinit2.o(.ARM.Collect$$libinit$$00000030)
    .ARM.Collect$$libinit$$00000032          0x0800c212   Section        0  libinit2.o(.ARM.Collect$$libinit$$00000032)
    .ARM.Collect$$libinit$$00000033          0x0800c212   Section        2  libinit2.o(.ARM.Collect$$libinit$$00000033)
    .ARM.Collect$$libshutdown$$00000000      0x0800c214   Section        2  libshutdown.o(.ARM.Collect$$libshutdown$$00000000)
    .ARM.Collect$$libshutdown$$00000002      0x0800c216   Section        0  libshutdown2.o(.ARM.Collect$$libshutdown$$00000002)
    .ARM.Collect$$libshutdown$$00000004      0x0800c216   Section        0  libshutdown2.o(.ARM.Collect$$libshutdown$$00000004)
    .ARM.Collect$$libshutdown$$00000006      0x0800c216   Section        0  libshutdown2.o(.ARM.Collect$$libshutdown$$00000006)
    .ARM.Collect$$libshutdown$$00000009      0x0800c216   Section        0  libshutdown2.o(.ARM.Collect$$libshutdown$$00000009)
    .ARM.Collect$$libshutdown$$0000000C      0x0800c216   Section        0  libshutdown2.o(.ARM.Collect$$libshutdown$$0000000C)
    .ARM.Collect$$libshutdown$$0000000E      0x0800c216   Section        0  libshutdown2.o(.ARM.Collect$$libshutdown$$0000000E)
    .ARM.Collect$$libshutdown$$00000011      0x0800c216   Section        0  libshutdown2.o(.ARM.Collect$$libshutdown$$00000011)
    .ARM.Collect$$libshutdown$$00000012      0x0800c216   Section        2  libshutdown2.o(.ARM.Collect$$libshutdown$$00000012)
    .ARM.Collect$$rtentry$$00000000          0x0800c218   Section        0  __rtentry.o(.ARM.Collect$$rtentry$$00000000)
    .ARM.Collect$$rtentry$$00000002          0x0800c218   Section        0  __rtentry2.o(.ARM.Collect$$rtentry$$00000002)
    .ARM.Collect$$rtentry$$00000004          0x0800c218   Section        6  __rtentry4.o(.ARM.Collect$$rtentry$$00000004)
    .ARM.Collect$$rtentry$$00000009          0x0800c21e   Section        0  __rtentry2.o(.ARM.Collect$$rtentry$$00000009)
    .ARM.Collect$$rtentry$$0000000A          0x0800c21e   Section        4  __rtentry2.o(.ARM.Collect$$rtentry$$0000000A)
    .ARM.Collect$$rtentry$$0000000C          0x0800c222   Section        0  __rtentry2.o(.ARM.Collect$$rtentry$$0000000C)
    .ARM.Collect$$rtentry$$0000000D          0x0800c222   Section        8  __rtentry2.o(.ARM.Collect$$rtentry$$0000000D)
    .ARM.Collect$$rtexit$$00000000           0x0800c22a   Section        2  rtexit.o(.ARM.Collect$$rtexit$$00000000)
    .ARM.Collect$$rtexit$$00000002           0x0800c22c   Section        0  rtexit2.o(.ARM.Collect$$rtexit$$00000002)
    .ARM.Collect$$rtexit$$00000003           0x0800c22c   Section        4  rtexit2.o(.ARM.Collect$$rtexit$$00000003)
    .ARM.Collect$$rtexit$$00000004           0x0800c230   Section        6  rtexit2.o(.ARM.Collect$$rtexit$$00000004)
    .text                                    0x0800c238   Section       64  startup_stm32f411xe.o(.text)
    $v0                                      0x0800c238   Number         0  startup_stm32f411xe.o(.text)
    .text                                    0x0800c278   Section      238  lludivv7m.o(.text)
    .text                                    0x0800c366   Section      138  rt_memcpy_v6.o(.text)
    .text                                    0x0800c3f0   Section      100  rt_memcpy_w.o(.text)
    .text                                    0x0800c454   Section       78  rt_memclr_w.o(.text)
    .text                                    0x0800c4a2   Section        0  heapauxi.o(.text)
    .text                                    0x0800c4a8   Section       74  sys_stackheap_outer.o(.text)
    .text                                    0x0800c4f2   Section        0  exit.o(.text)
    .text                                    0x0800c504   Section        8  libspace.o(.text)
    .text                                    0x0800c50c   Section        0  sys_exit.o(.text)
    .text                                    0x0800c518   Section        2  use_no_semi.o(.text)
    .text                                    0x0800c51a   Section        0  indicate_semi.o(.text)
    i.BusFault_Handler                       0x0800c51a   Section        0  stm32f4xx_it.o(i.BusFault_Handler)
    i.DebugMon_Handler                       0x0800c51e   Section        0  stm32f4xx_it.o(i.DebugMon_Handler)
    i.Error_Handler                          0x0800c520   Section        0  main.o(i.Error_Handler)
    i.FLASH_Erase_Sector                     0x0800c528   Section        0  stm32f4xx_hal_flash_ex.o(i.FLASH_Erase_Sector)
    i.FLASH_FlushCaches                      0x0800c584   Section        0  stm32f4xx_hal_flash_ex.o(i.FLASH_FlushCaches)
    i.FLASH_MassErase                        0x0800c5fc   Section        0  stm32f4xx_hal_flash_ex.o(i.FLASH_MassErase)
    FLASH_MassErase                          0x0800c5fd   Thumb Code    42  stm32f4xx_hal_flash_ex.o(i.FLASH_MassErase)
    i.FLASH_Program_Byte                     0x0800c62c   Section        0  stm32f4xx_hal_flash.o(i.FLASH_Program_Byte)
    FLASH_Program_Byte                       0x0800c62d   Thumb Code    32  stm32f4xx_hal_flash.o(i.FLASH_Program_Byte)
    i.FLASH_Program_DoubleWord               0x0800c650   Section        0  stm32f4xx_hal_flash.o(i.FLASH_Program_DoubleWord)
    FLASH_Program_DoubleWord                 0x0800c651   Thumb Code    44  stm32f4xx_hal_flash.o(i.FLASH_Program_DoubleWord)
    i.FLASH_Program_HalfWord                 0x0800c680   Section        0  stm32f4xx_hal_flash.o(i.FLASH_Program_HalfWord)
    FLASH_Program_HalfWord                   0x0800c681   Thumb Code    36  stm32f4xx_hal_flash.o(i.FLASH_Program_HalfWord)
    i.FLASH_Program_Word                     0x0800c6a8   Section        0  stm32f4xx_hal_flash.o(i.FLASH_Program_Word)
    FLASH_Program_Word                       0x0800c6a9   Thumb Code    36  stm32f4xx_hal_flash.o(i.FLASH_Program_Word)
    i.FLASH_SetErrorCode                     0x0800c6d0   Section        0  stm32f4xx_hal_flash.o(i.FLASH_SetErrorCode)
    FLASH_SetErrorCode                       0x0800c6d1   Thumb Code   172  stm32f4xx_hal_flash.o(i.FLASH_SetErrorCode)
    i.FLASH_WaitForLastOperation             0x0800c784   Section        0  stm32f4xx_hal_flash.o(i.FLASH_WaitForLastOperation)
    i.HAL_FLASH_Lock                         0x0800c7e8   Section        0  stm32f4xx_hal_flash.o(i.HAL_FLASH_Lock)
    i.HAL_UARTEx_RxEventCallback             0x0800c7fc   Section        0  stm32f4xx_hal_uart.o(i.HAL_UARTEx_RxEventCallback)
    i.HAL_UART_ErrorCallback                 0x0800c7fe   Section        0  stm32f4xx_hal_uart.o(i.HAL_UART_ErrorCallback)
    .ARM.__at_0x0800C800                     0x0800c800   Section      104  main.o(.ARM.__at_0x0800C800)
    i.HAL_DMA_Abort                          0x0800c868   Section        0  stm32f4xx_hal_dma.o(i.HAL_DMA_Abort)
    i.HAL_DMA_Abort_IT                       0x0800c914   Section        0  stm32f4xx_hal_dma.o(i.HAL_DMA_Abort_IT)
    i.HAL_Delay                              0x0800c93c   Section        0  stm32f4xx_hal.o(i.HAL_Delay)
    i.HAL_FLASHEx_Erase                      0x0800c964   Section        0  stm32f4xx_hal_flash_ex.o(i.HAL_FLASHEx_Erase)
    i.HAL_FLASH_Program                      0x0800ca10   Section        0  stm32f4xx_hal_flash.o(i.HAL_FLASH_Program)
    i.HAL_FLASH_Unlock                       0x0800caa0   Section        0  stm32f4xx_hal_flash.o(i.HAL_FLASH_Unlock)
    i.HAL_GPIO_DeInit                        0x0800cad4   Section        0  stm32f4xx_hal_gpio.o(i.HAL_GPIO_DeInit)
    i.HAL_GPIO_Init                          0x0800cc10   Section        0  stm32f4xx_hal_gpio.o(i.HAL_GPIO_Init)
    i.HAL_GPIO_ReadPin                       0x0800cdd8   Section        0  stm32f4xx_hal_gpio.o(i.HAL_GPIO_ReadPin)
    i.HAL_GPIO_WritePin                      0x0800cde8   Section        0  stm32f4xx_hal_gpio.o(i.HAL_GPIO_WritePin)
    i.HAL_GetTick                            0x0800cdf4   Section        0  stm32f4xx_hal.o(i.HAL_GetTick)
    i.HAL_IWDG_Init                          0x0800ce00   Section        0  stm32f4xx_hal_iwdg.o(i.HAL_IWDG_Init)
    i.HAL_IWDG_Refresh                       0x0800ce62   Section        0  stm32f4xx_hal_iwdg.o(i.HAL_IWDG_Refresh)
    i.HAL_IncTick                            0x0800ce70   Section        0  stm32f4xx_hal.o(i.HAL_IncTick)
    i.HAL_Init                               0x0800ce88   Section        0  stm32f4xx_hal.o(i.HAL_Init)
    i.HAL_InitTick                           0x0800cec4   Section        0  stm32f4xx_hal.o(i.HAL_InitTick)
    i.HAL_MspInit                            0x0800cf10   Section        0  stm32f4xx_hal_msp.o(i.HAL_MspInit)
    i.HAL_NVIC_EnableIRQ                     0x0800cf58   Section        0  stm32f4xx_hal_cortex.o(i.HAL_NVIC_EnableIRQ)
    i.HAL_NVIC_SetPriority                   0x0800cf80   Section        0  stm32f4xx_hal_cortex.o(i.HAL_NVIC_SetPriority)
    i.HAL_NVIC_SetPriorityGrouping           0x0800cffc   Section        0  stm32f4xx_hal_cortex.o(i.HAL_NVIC_SetPriorityGrouping)
    i.HAL_RCC_ClockConfig                    0x0800d024   Section        0  stm32f4xx_hal_rcc.o(i.HAL_RCC_ClockConfig)
    i.HAL_RCC_GetHCLKFreq                    0x0800d1a8   Section        0  stm32f4xx_hal_rcc.o(i.HAL_RCC_GetHCLKFreq)
    i.HAL_RCC_GetPCLK1Freq                   0x0800d1b4   Section        0  stm32f4xx_hal_rcc.o(i.HAL_RCC_GetPCLK1Freq)
    i.HAL_RCC_GetPCLK2Freq                   0x0800d1d4   Section        0  stm32f4xx_hal_rcc.o(i.HAL_RCC_GetPCLK2Freq)
    i.HAL_RCC_GetSysClockFreq                0x0800d1f4   Section        0  stm32f4xx_hal_rcc.o(i.HAL_RCC_GetSysClockFreq)
    i.HAL_RCC_OscConfig                      0x0800d2a4   Section        0  stm32f4xx_hal_rcc.o(i.HAL_RCC_OscConfig)
    i.HAL_SYSTICK_Config                     0x0800d740   Section        0  stm32f4xx_hal_cortex.o(i.HAL_SYSTICK_Config)
    i.HAL_UART_IRQHandler                    0x0800d774   Section        0  stm32f4xx_hal_uart.o(i.HAL_UART_IRQHandler)
    i.HAL_UART_Init                          0x0800da7c   Section        0  stm32f4xx_hal_uart.o(i.HAL_UART_Init)
    i.HAL_UART_MspInit                       0x0800daf4   Section        0  usart.o(i.HAL_UART_MspInit)
    i.HAL_UART_Receive_IT                    0x0800db8c   Section        0  stm32f4xx_hal_uart.o(i.HAL_UART_Receive_IT)
    i.HAL_UART_RxCpltCallback                0x0800dbb8   Section        0  app_adapter_uart.o(i.HAL_UART_RxCpltCallback)
    i.HAL_UART_Transmit                      0x0800dbec   Section        0  stm32f4xx_hal_uart.o(i.HAL_UART_Transmit)
    i.HAL_UART_TxCpltCallback                0x0800dcaa   Section        0  stm32f4xx_hal_uart.o(i.HAL_UART_TxCpltCallback)
    i.HardFault_Handler                      0x0800dcac   Section        0  stm32f4xx_it.o(i.HardFault_Handler)
    i.MX_GPIO_Init                           0x0800dcb0   Section        0  gpio.o(i.MX_GPIO_Init)
    i.MX_IWDG_Init                           0x0800dd60   Section        0  iwdg.o(i.MX_IWDG_Init)
    i.MX_USART1_UART_Init                    0x0800dd88   Section        0  usart.o(i.MX_USART1_UART_Init)
    i.MemManage_Handler                      0x0800ddc0   Section        0  stm32f4xx_it.o(i.MemManage_Handler)
    i.NMI_Handler                            0x0800ddc4   Section        0  stm32f4xx_it.o(i.NMI_Handler)
    i.PendSV_Handler                         0x0800ddc8   Section        0  stm32f4xx_it.o(i.PendSV_Handler)
    i.SVC_Handler                            0x0800ddca   Section        0  stm32f4xx_it.o(i.SVC_Handler)
    i.SysTick_Handler                        0x0800ddcc   Section        0  stm32f4xx_it.o(i.SysTick_Handler)
    i.SystemClock_Config                     0x0800ddd4   Section        0  main.o(i.SystemClock_Config)
    i.SystemInit                             0x0800de8c   Section        0  system_stm32f4xx.o(i.SystemInit)
    i.UART_DMAAbortOnError                   0x0800deac   Section        0  stm32f4xx_hal_uart.o(i.UART_DMAAbortOnError)
    UART_DMAAbortOnError                     0x0800dead   Thumb Code    18  stm32f4xx_hal_uart.o(i.UART_DMAAbortOnError)
    i.UART_EndRxTransfer                     0x0800debe   Section        0  stm32f4xx_hal_uart.o(i.UART_EndRxTransfer)
    UART_EndRxTransfer                       0x0800debf   Thumb Code   108  stm32f4xx_hal_uart.o(i.UART_EndRxTransfer)
    i.UART_EndTransmit_IT                    0x0800df2a   Section        0  stm32f4xx_hal_uart.o(i.UART_EndTransmit_IT)
    UART_EndTransmit_IT                      0x0800df2b   Thumb Code    32  stm32f4xx_hal_uart.o(i.UART_EndTransmit_IT)
    i.UART_Receive_IT                        0x0800df4a   Section        0  stm32f4xx_hal_uart.o(i.UART_Receive_IT)
    UART_Receive_IT                          0x0800df4b   Thumb Code   252  stm32f4xx_hal_uart.o(i.UART_Receive_IT)
    i.UART_SetConfig                         0x0800e048   Section        0  stm32f4xx_hal_uart.o(i.UART_SetConfig)
    UART_SetConfig                           0x0800e049   Thumb Code   546  stm32f4xx_hal_uart.o(i.UART_SetConfig)
    i.UART_Start_Receive_IT                  0x0800e274   Section        0  stm32f4xx_hal_uart.o(i.UART_Start_Receive_IT)
    i.UART_Transmit_IT                       0x0800e2b4   Section        0  stm32f4xx_hal_uart.o(i.UART_Transmit_IT)
    UART_Transmit_IT                         0x0800e2b5   Thumb Code    96  stm32f4xx_hal_uart.o(i.UART_Transmit_IT)
    i.UART_WaitOnFlagUntilTimeout            0x0800e314   Section        0  stm32f4xx_hal_uart.o(i.UART_WaitOnFlagUntilTimeout)
    UART_WaitOnFlagUntilTimeout              0x0800e315   Thumb Code   140  stm32f4xx_hal_uart.o(i.UART_WaitOnFlagUntilTimeout)
    i.USART1_IRQHandler                      0x0800e3a0   Section        0  stm32f4xx_it.o(i.USART1_IRQHandler)
    i.UsageFault_Handler                     0x0800e3b0   Section        0  stm32f4xx_it.o(i.UsageFault_Handler)
    i.__NVIC_GetPriorityGrouping             0x0800e3b4   Section        0  stm32f4xx_hal_cortex.o(i.__NVIC_GetPriorityGrouping)
    __NVIC_GetPriorityGrouping               0x0800e3b5   Thumb Code    10  stm32f4xx_hal_cortex.o(i.__NVIC_GetPriorityGrouping)
    i.__NVIC_SetPriority                     0x0800e3c4   Section        0  stm32f4xx_hal_cortex.o(i.__NVIC_SetPriority)
    __NVIC_SetPriority                       0x0800e3c5   Thumb Code    32  stm32f4xx_hal_cortex.o(i.__NVIC_SetPriority)
    i._app_adapter_blue_led_deinit           0x0800e3ec   Section        0  app_adapter_led.o(i._app_adapter_blue_led_deinit)
    _app_adapter_blue_led_deinit             0x0800e3ed   Thumb Code     8  app_adapter_led.o(i._app_adapter_blue_led_deinit)
    i._app_adapter_blue_led_init             0x0800e3f4   Section        0  app_adapter_led.o(i._app_adapter_blue_led_init)
    _app_adapter_blue_led_init               0x0800e3f5   Thumb Code    90  app_adapter_led.o(i._app_adapter_blue_led_init)
    i._app_adapter_blue_led_off              0x0800e458   Section        0  app_adapter_led.o(i._app_adapter_blue_led_off)
    _app_adapter_blue_led_off                0x0800e459   Thumb Code    22  app_adapter_led.o(i._app_adapter_blue_led_off)
    i._app_adapter_blue_led_on               0x0800e474   Section        0  app_adapter_led.o(i._app_adapter_blue_led_on)
    _app_adapter_blue_led_on                 0x0800e475   Thumb Code    24  app_adapter_led.o(i._app_adapter_blue_led_on)
    i._app_adapter_blue_led_sleep            0x0800e490   Section        0  app_adapter_led.o(i._app_adapter_blue_led_sleep)
    _app_adapter_blue_led_sleep              0x0800e491   Thumb Code     8  app_adapter_led.o(i._app_adapter_blue_led_sleep)
    i._app_adapter_blue_led_weakup           0x0800e498   Section        0  app_adapter_led.o(i._app_adapter_blue_led_weakup)
    _app_adapter_blue_led_weakup             0x0800e499   Thumb Code     8  app_adapter_led.o(i._app_adapter_blue_led_weakup)
    i._app_adapter_get_systick               0x0800e4a0   Section        0  app_adapter_key.o(i._app_adapter_get_systick)
    _app_adapter_get_systick                 0x0800e4a1   Thumb Code    12  app_adapter_key.o(i._app_adapter_get_systick)
    i._app_adapter_iwdg_deinit               0x0800e4ac   Section        0  app_adapter_iwdg.o(i._app_adapter_iwdg_deinit)
    _app_adapter_iwdg_deinit                 0x0800e4ad   Thumb Code    12  app_adapter_iwdg.o(i._app_adapter_iwdg_deinit)
    i._app_adapter_iwdg_feed                 0x0800e4b8   Section        0  app_adapter_iwdg.o(i._app_adapter_iwdg_feed)
    _app_adapter_iwdg_feed                   0x0800e4b9   Thumb Code    20  app_adapter_iwdg.o(i._app_adapter_iwdg_feed)
    i._app_adapter_iwdg_init                 0x0800e4d0   Section        0  app_adapter_iwdg.o(i._app_adapter_iwdg_init)
    _app_adapter_iwdg_init                   0x0800e4d1   Thumb Code    42  app_adapter_iwdg.o(i._app_adapter_iwdg_init)
    i._app_adapter_key_user_deinit           0x0800e504   Section        0  app_adapter_key.o(i._app_adapter_key_user_deinit)
    _app_adapter_key_user_deinit             0x0800e505   Thumb Code    20  app_adapter_key.o(i._app_adapter_key_user_deinit)
    i._app_adapter_key_user_init             0x0800e51c   Section        0  app_adapter_key.o(i._app_adapter_key_user_init)
    _app_adapter_key_user_init               0x0800e51d   Thumb Code    76  app_adapter_key.o(i._app_adapter_key_user_init)
    i._app_adapter_key_user_scan             0x0800e570   Section        0  app_adapter_key.o(i._app_adapter_key_user_scan)
    _app_adapter_key_user_scan               0x0800e571   Thumb Code    34  app_adapter_key.o(i._app_adapter_key_user_scan)
    i._app_adapter_key_user_sleep            0x0800e598   Section        0  app_adapter_key.o(i._app_adapter_key_user_sleep)
    _app_adapter_key_user_sleep              0x0800e599   Thumb Code     8  app_adapter_key.o(i._app_adapter_key_user_sleep)
    i._app_adapter_key_user_weakup           0x0800e5a0   Section        0  app_adapter_key.o(i._app_adapter_key_user_weakup)
    _app_adapter_key_user_weakup             0x0800e5a1   Thumb Code     8  app_adapter_key.o(i._app_adapter_key_user_weakup)
    i._app_adapter_uart1_deinit              0x0800e5a8   Section        0  app_adapter_uart.o(i._app_adapter_uart1_deinit)
    _app_adapter_uart1_deinit                0x0800e5a9   Thumb Code    12  app_adapter_uart.o(i._app_adapter_uart1_deinit)
    i._app_adapter_uart1_init                0x0800e5b4   Section        0  app_adapter_uart.o(i._app_adapter_uart1_init)
    _app_adapter_uart1_init                  0x0800e5b5   Thumb Code   204  app_adapter_uart.o(i._app_adapter_uart1_init)
    i._app_adapter_uart1_recv                0x0800e69c   Section        0  app_adapter_uart.o(i._app_adapter_uart1_recv)
    _app_adapter_uart1_recv                  0x0800e69d   Thumb Code   106  app_adapter_uart.o(i._app_adapter_uart1_recv)
    i._app_adapter_uart1_send                0x0800e70c   Section        0  app_adapter_uart.o(i._app_adapter_uart1_send)
    _app_adapter_uart1_send                  0x0800e70d   Thumb Code    40  app_adapter_uart.o(i._app_adapter_uart1_send)
    i._app_adapter_uart1_sleep               0x0800e738   Section        0  app_adapter_uart.o(i._app_adapter_uart1_sleep)
    _app_adapter_uart1_sleep                 0x0800e739   Thumb Code    12  app_adapter_uart.o(i._app_adapter_uart1_sleep)
    i._app_adapter_uart1_weakup              0x0800e744   Section        0  app_adapter_uart.o(i._app_adapter_uart1_weakup)
    _app_adapter_uart1_weakup                0x0800e745   Thumb Code    12  app_adapter_uart.o(i._app_adapter_uart1_weakup)
    i._app_key_callback                      0x0800e750   Section        0  main.o(i._app_key_callback)
    _app_key_callback                        0x0800e751   Thumb Code    88  main.o(i._app_key_callback)
    i._in_flash_deinit                       0x0800e7a8   Section        0  app_adapter_flash.o(i._in_flash_deinit)
    _in_flash_deinit                         0x0800e7a9   Thumb Code     8  app_adapter_flash.o(i._in_flash_deinit)
    i._in_flash_erase                        0x0800e7b0   Section        0  app_adapter_flash.o(i._in_flash_erase)
    _in_flash_erase                          0x0800e7b1   Thumb Code   292  app_adapter_flash.o(i._in_flash_erase)
    i._in_flash_init                         0x0800e8f4   Section        0  app_adapter_flash.o(i._in_flash_init)
    _in_flash_init                           0x0800e8f5   Thumb Code     8  app_adapter_flash.o(i._in_flash_init)
    i._in_flash_read                         0x0800e8fc   Section        0  app_adapter_flash.o(i._in_flash_read)
    _in_flash_read                           0x0800e8fd   Thumb Code    38  app_adapter_flash.o(i._in_flash_read)
    i._in_flash_write                        0x0800e928   Section        0  app_adapter_flash.o(i._in_flash_write)
    _in_flash_write                          0x0800e929   Thumb Code    86  app_adapter_flash.o(i._in_flash_write)
    i.app_adapter_flash_register             0x0800e988   Section        0  app_adapter_flash.o(i.app_adapter_flash_register)
    i.app_adapter_iwdg_register              0x0800e9a8   Section        0  app_adapter_iwdg.o(i.app_adapter_iwdg_register)
    i.app_adapter_key_register               0x0800e9c8   Section        0  app_adapter_key.o(i.app_adapter_key_register)
    i.app_adapter_led_register               0x0800e9ec   Section        0  app_adapter_led.o(i.app_adapter_led_register)
    i.app_adapter_uart_register              0x0800ea0c   Section        0  app_adapter_uart.o(i.app_adapter_uart_register)
    i.bsp_driver_flash_get_object            0x0800ea2c   Section        0  bsp_driver_flash_1.o(i.bsp_driver_flash_get_object)
    i.bsp_driver_flash_init                  0x0800ea58   Section        0  bsp_driver_flash_1.o(i.bsp_driver_flash_init)
    i.bsp_driver_flash_register              0x0800ea94   Section        0  bsp_driver_flash_1.o(i.bsp_driver_flash_register)
    i.bsp_driver_iwdg_feed                   0x0800eb00   Section        0  bsp_driver_iwdg.o(i.bsp_driver_iwdg_feed)
    i.bsp_driver_iwdg_get_object             0x0800eb38   Section        0  bsp_driver_iwdg.o(i.bsp_driver_iwdg_get_object)
    i.bsp_driver_iwdg_init                   0x0800eb60   Section        0  bsp_driver_iwdg.o(i.bsp_driver_iwdg_init)
    i.bsp_driver_iwdg_register               0x0800eb98   Section        0  bsp_driver_iwdg.o(i.bsp_driver_iwdg_register)
    i.bsp_driver_key_get_object              0x0800ebe8   Section        0  bsp_driver_key_1.o(i.bsp_driver_key_get_object)
    i.bsp_driver_key_init                    0x0800ec04   Section        0  bsp_driver_key_1.o(i.bsp_driver_key_init)
    i.bsp_driver_key_register                0x0800ec1c   Section        0  bsp_driver_key_1.o(i.bsp_driver_key_register)
    i.bsp_driver_led_get_object              0x0800ec90   Section        0  bsp_driver_led.o(i.bsp_driver_led_get_object)
    i.bsp_driver_led_init                    0x0800ecbc   Section        0  bsp_driver_led.o(i.bsp_driver_led_init)
    i.bsp_driver_led_off                     0x0800ecd2   Section        0  bsp_driver_led.o(i.bsp_driver_led_off)
    i.bsp_driver_led_on                      0x0800ece8   Section        0  bsp_driver_led.o(i.bsp_driver_led_on)
    i.bsp_driver_led_register                0x0800ed00   Section        0  bsp_driver_led.o(i.bsp_driver_led_register)
    i.bsp_driver_uart_get_object             0x0800ed60   Section        0  bsp_driver_uart_1.o(i.bsp_driver_uart_get_object)
    i.bsp_driver_uart_init                   0x0800ed84   Section        0  bsp_driver_uart_1.o(i.bsp_driver_uart_init)
    i.bsp_driver_uart_register               0x0800ed9c   Section        0  bsp_driver_uart_1.o(i.bsp_driver_uart_register)
    i.bsp_driver_uart_send                   0x0800ede8   Section        0  bsp_driver_uart_1.o(i.bsp_driver_uart_send)
    i.lwrb_get_free                          0x0800ee10   Section        0  lwrb.o(i.lwrb_get_free)
    i.lwrb_get_full                          0x0800ee3e   Section        0  lwrb.o(i.lwrb_get_full)
    i.lwrb_init                              0x0800ee6c   Section        0  lwrb.o(i.lwrb_init)
    i.lwrb_read                              0x0800ee88   Section        0  lwrb.o(i.lwrb_read)
    i.lwrb_read_ex                           0x0800eeac   Section        0  lwrb.o(i.lwrb_read_ex)
    i.lwrb_write                             0x0800ef62   Section        0  lwrb.o(i.lwrb_write)
    i.lwrb_write_ex                          0x0800ef86   Section        0  lwrb.o(i.lwrb_write_ex)
    i.main                                   0x0800f03c   Section        0  main.o(i.main)
    x$fpl$fpinit                             0x0800f11c   Section       10  fpinit.o(x$fpl$fpinit)
    $v0                                      0x0800f11c   Number         0  fpinit.o(x$fpl$fpinit)
    .constdata                               0x0800f126   Section       24  system_stm32f4xx.o(.constdata)
    .constdata                               0x0800f140   Section       32  app_adapter_led.o(.constdata)
    .constdata                               0x0800f160   Section       56  app_adapter_key.o(.constdata)
    .constdata                               0x0800f198   Section       28  app_adapter_flash.o(.constdata)
    .constdata                               0x0800f1b4   Section       32  app_adapter_uart.o(.constdata)
    .constdata                               0x0800f1d4   Section       20  app_adapter_iwdg.o(.constdata)
    .data                                    0x20000000   Section       32  stm32f4xx_hal_flash.o(.data)
    .data                                    0x20000020   Section        9  stm32f4xx_hal.o(.data)
    .data                                    0x2000002c   Section        4  system_stm32f4xx.o(.data)
    .data                                    0x20000030   Section        1  app_adapter_uart.o(.data)
    _g_uart1_char                            0x20000030   Data           1  app_adapter_uart.o(.data)
    .bss                                     0x20000034   Section       12  iwdg.o(.bss)
    .bss                                     0x20000040   Section       72  usart.o(.bss)
    .bss                                     0x20000088   Section      280  app_adapter_uart.o(.bss)
    _g_uart1_buf                             0x20000088   Data         256  app_adapter_uart.o(.bss)
    _g_uart1_rb                              0x20000188   Data          24  app_adapter_uart.o(.bss)
    .bss                                     0x200001a0   Section       32  bsp_driver_led.o(.bss)
    _led_drv_dev                             0x200001a0   Data          32  bsp_driver_led.o(.bss)
    .bss                                     0x200001c0   Section       56  bsp_driver_key_1.o(.bss)
    .bss                                     0x200001f8   Section       56  bsp_driver_flash_1.o(.bss)
    .bss                                     0x20000230   Section       32  bsp_driver_uart_1.o(.bss)
    _uart_dev                                0x20000230   Data          32  bsp_driver_uart_1.o(.bss)
    .bss                                     0x20000250   Section       20  bsp_driver_iwdg.o(.bss)
    .bss                                     0x20000264   Section       96  libspace.o(.bss)
    HEAP                                     0x200002c8   Section      512  startup_stm32f411xe.o(HEAP)
    Heap_Mem                                 0x200002c8   Data         512  startup_stm32f411xe.o(HEAP)
    STACK                                    0x200004c8   Section     1024  startup_stm32f411xe.o(STACK)
    Stack_Mem                                0x200004c8   Data        1024  startup_stm32f411xe.o(STACK)
    __initial_sp                             0x200008c8   Data           0  startup_stm32f411xe.o(STACK)

    Global Symbols

    Symbol Name                              Value     Ov Type        Size  Object(Section)

    BuildAttributes$$THM_ISAv4$E$P$D$K$B$S$7EM$VFPi3$EXTD16$VFPS$VFMA$PE$A:L22UL41UL21$X:L11$S22US41US21$IEEE1$IW$USESV6$~STKCKD$USESV7$~SHL$OSPACE$ROPI$EBA8$UX$STANDARDLIB$REQ8$PRES8$EABIv2 0x00000000   Number         0  anon$$obj.o ABSOLUTE
    __ARM_use_no_argv                        0x00000000   Number         0  main.o ABSOLUTE
    __ARM_exceptions_init                     - Undefined Weak Reference
    __alloca_initialize                       - Undefined Weak Reference
    __arm_fini_                               - Undefined Weak Reference
    __arm_preinit_                            - Undefined Weak Reference
    __cpp_initialize__aeabi_                  - Undefined Weak Reference
    __cxa_finalize                            - Undefined Weak Reference
    __rt_locale                               - Undefined Weak Reference
    __sigvec_lookup                           - Undefined Weak Reference
    _atexit_init                              - Undefined Weak Reference
    _call_atexit_fns                          - Undefined Weak Reference
    _clock_init                               - Undefined Weak Reference
    _fp_trap_init                             - Undefined Weak Reference
    _fp_trap_shutdown                         - Undefined Weak Reference
    _get_lc_collate                           - Undefined Weak Reference
    _get_lc_ctype                             - Undefined Weak Reference
    _get_lc_monetary                          - Undefined Weak Reference
    _get_lc_numeric                           - Undefined Weak Reference
    _get_lc_time                              - Undefined Weak Reference
    _getenv_init                              - Undefined Weak Reference
    _handle_redirection                       - Undefined Weak Reference
    _init_alloc                               - Undefined Weak Reference
    _init_user_alloc                          - Undefined Weak Reference
    _initio                                   - Undefined Weak Reference
    _rand_init                                - Undefined Weak Reference
    _signal_finish                            - Undefined Weak Reference
    _signal_init                              - Undefined Weak Reference
    _terminate_alloc                          - Undefined Weak Reference
    _terminate_user_alloc                     - Undefined Weak Reference
    _terminateio                              - Undefined Weak Reference
    __Vectors_Size                           0x00000198   Number         0  startup_stm32f411xe.o ABSOLUTE
    __Vectors                                0x0800c000   Data           4  startup_stm32f411xe.o(RESET)
    __Vectors_End                            0x0800c198   Data           0  startup_stm32f411xe.o(RESET)
    __main                                   0x0800c199   Thumb Code     8  __main.o(!!!main)
    __scatterload                            0x0800c1a1   Thumb Code     0  __scatter.o(!!!scatter)
    __scatterload_rt2                        0x0800c1a1   Thumb Code    44  __scatter.o(!!!scatter)
    __scatterload_rt2_thumb_only             0x0800c1a1   Thumb Code     0  __scatter.o(!!!scatter)
    __scatterload_null                       0x0800c1af   Thumb Code     0  __scatter.o(!!!scatter)
    __scatterload_copy                       0x0800c1d5   Thumb Code    26  __scatter_copy.o(!!handler_copy)
    __scatterload_zeroinit                   0x0800c1f1   Thumb Code    28  __scatter_zi.o(!!handler_zi)
    __rt_lib_init                            0x0800c20d   Thumb Code     0  libinit.o(.ARM.Collect$$libinit$$00000000)
    __rt_lib_init_fp_1                       0x0800c20f   Thumb Code     0  libinit2.o(.ARM.Collect$$libinit$$00000001)
    __rt_lib_init_alloca_1                   0x0800c213   Thumb Code     0  libinit2.o(.ARM.Collect$$libinit$$0000002E)
    __rt_lib_init_argv_1                     0x0800c213   Thumb Code     0  libinit2.o(.ARM.Collect$$libinit$$0000002C)
    __rt_lib_init_atexit_1                   0x0800c213   Thumb Code     0  libinit2.o(.ARM.Collect$$libinit$$0000001B)
    __rt_lib_init_clock_1                    0x0800c213   Thumb Code     0  libinit2.o(.ARM.Collect$$libinit$$00000021)
    __rt_lib_init_cpp_1                      0x0800c213   Thumb Code     0  libinit2.o(.ARM.Collect$$libinit$$00000032)
    __rt_lib_init_exceptions_1               0x0800c213   Thumb Code     0  libinit2.o(.ARM.Collect$$libinit$$00000030)
    __rt_lib_init_fp_trap_1                  0x0800c213   Thumb Code     0  libinit2.o(.ARM.Collect$$libinit$$0000001F)
    __rt_lib_init_getenv_1                   0x0800c213   Thumb Code     0  libinit2.o(.ARM.Collect$$libinit$$00000023)
    __rt_lib_init_heap_1                     0x0800c213   Thumb Code     0  libinit2.o(.ARM.Collect$$libinit$$0000000A)
    __rt_lib_init_lc_collate_1               0x0800c213   Thumb Code     0  libinit2.o(.ARM.Collect$$libinit$$00000011)
    __rt_lib_init_lc_ctype_1                 0x0800c213   Thumb Code     0  libinit2.o(.ARM.Collect$$libinit$$00000013)
    __rt_lib_init_lc_monetary_1              0x0800c213   Thumb Code     0  libinit2.o(.ARM.Collect$$libinit$$00000015)
    __rt_lib_init_lc_numeric_1               0x0800c213   Thumb Code     0  libinit2.o(.ARM.Collect$$libinit$$00000017)
    __rt_lib_init_lc_time_1                  0x0800c213   Thumb Code     0  libinit2.o(.ARM.Collect$$libinit$$00000019)
    __rt_lib_init_preinit_1                  0x0800c213   Thumb Code     0  libinit2.o(.ARM.Collect$$libinit$$00000004)
    __rt_lib_init_rand_1                     0x0800c213   Thumb Code     0  libinit2.o(.ARM.Collect$$libinit$$0000000E)
    __rt_lib_init_return                     0x0800c213   Thumb Code     0  libinit2.o(.ARM.Collect$$libinit$$00000033)
    __rt_lib_init_signal_1                   0x0800c213   Thumb Code     0  libinit2.o(.ARM.Collect$$libinit$$0000001D)
    __rt_lib_init_stdio_1                    0x0800c213   Thumb Code     0  libinit2.o(.ARM.Collect$$libinit$$00000025)
    __rt_lib_init_user_alloc_1               0x0800c213   Thumb Code     0  libinit2.o(.ARM.Collect$$libinit$$0000000C)
    __rt_lib_shutdown                        0x0800c215   Thumb Code     0  libshutdown.o(.ARM.Collect$$libshutdown$$00000000)
    __rt_lib_shutdown_cpp_1                  0x0800c217   Thumb Code     0  libshutdown2.o(.ARM.Collect$$libshutdown$$00000004)
    __rt_lib_shutdown_fini_1                 0x0800c217   Thumb Code     0  libshutdown2.o(.ARM.Collect$$libshutdown$$00000002)
    __rt_lib_shutdown_fp_trap_1              0x0800c217   Thumb Code     0  libshutdown2.o(.ARM.Collect$$libshutdown$$00000009)
    __rt_lib_shutdown_heap_1                 0x0800c217   Thumb Code     0  libshutdown2.o(.ARM.Collect$$libshutdown$$00000011)
    __rt_lib_shutdown_return                 0x0800c217   Thumb Code     0  libshutdown2.o(.ARM.Collect$$libshutdown$$00000012)
    __rt_lib_shutdown_signal_1               0x0800c217   Thumb Code     0  libshutdown2.o(.ARM.Collect$$libshutdown$$0000000C)
    __rt_lib_shutdown_stdio_1                0x0800c217   Thumb Code     0  libshutdown2.o(.ARM.Collect$$libshutdown$$00000006)
    __rt_lib_shutdown_user_alloc_1           0x0800c217   Thumb Code     0  libshutdown2.o(.ARM.Collect$$libshutdown$$0000000E)
    __rt_entry                               0x0800c219   Thumb Code     0  __rtentry.o(.ARM.Collect$$rtentry$$00000000)
    __rt_entry_presh_1                       0x0800c219   Thumb Code     0  __rtentry2.o(.ARM.Collect$$rtentry$$00000002)
    __rt_entry_sh                            0x0800c219   Thumb Code     0  __rtentry4.o(.ARM.Collect$$rtentry$$00000004)
    __rt_entry_li                            0x0800c21f   Thumb Code     0  __rtentry2.o(.ARM.Collect$$rtentry$$0000000A)
    __rt_entry_postsh_1                      0x0800c21f   Thumb Code     0  __rtentry2.o(.ARM.Collect$$rtentry$$00000009)
    __rt_entry_main                          0x0800c223   Thumb Code     0  __rtentry2.o(.ARM.Collect$$rtentry$$0000000D)
    __rt_entry_postli_1                      0x0800c223   Thumb Code     0  __rtentry2.o(.ARM.Collect$$rtentry$$0000000C)
    __rt_exit                                0x0800c22b   Thumb Code     0  rtexit.o(.ARM.Collect$$rtexit$$00000000)
    __rt_exit_ls                             0x0800c22d   Thumb Code     0  rtexit2.o(.ARM.Collect$$rtexit$$00000003)
    __rt_exit_prels_1                        0x0800c22d   Thumb Code     0  rtexit2.o(.ARM.Collect$$rtexit$$00000002)
    __rt_exit_exit                           0x0800c231   Thumb Code     0  rtexit2.o(.ARM.Collect$$rtexit$$00000004)
    Reset_Handler                            0x0800c239   Thumb Code     8  startup_stm32f411xe.o(.text)
    ADC_IRQHandler                           0x0800c253   Thumb Code     0  startup_stm32f411xe.o(.text)
    DMA1_Stream0_IRQHandler                  0x0800c253   Thumb Code     0  startup_stm32f411xe.o(.text)
    DMA1_Stream1_IRQHandler                  0x0800c253   Thumb Code     0  startup_stm32f411xe.o(.text)
    DMA1_Stream2_IRQHandler                  0x0800c253   Thumb Code     0  startup_stm32f411xe.o(.text)
    DMA1_Stream3_IRQHandler                  0x0800c253   Thumb Code     0  startup_stm32f411xe.o(.text)
    DMA1_Stream4_IRQHandler                  0x0800c253   Thumb Code     0  startup_stm32f411xe.o(.text)
    DMA1_Stream5_IRQHandler                  0x0800c253   Thumb Code     0  startup_stm32f411xe.o(.text)
    DMA1_Stream6_IRQHandler                  0x0800c253   Thumb Code     0  startup_stm32f411xe.o(.text)
    DMA1_Stream7_IRQHandler                  0x0800c253   Thumb Code     0  startup_stm32f411xe.o(.text)
    DMA2_Stream0_IRQHandler                  0x0800c253   Thumb Code     0  startup_stm32f411xe.o(.text)
    DMA2_Stream1_IRQHandler                  0x0800c253   Thumb Code     0  startup_stm32f411xe.o(.text)
    DMA2_Stream2_IRQHandler                  0x0800c253   Thumb Code     0  startup_stm32f411xe.o(.text)
    DMA2_Stream3_IRQHandler                  0x0800c253   Thumb Code     0  startup_stm32f411xe.o(.text)
    DMA2_Stream4_IRQHandler                  0x0800c253   Thumb Code     0  startup_stm32f411xe.o(.text)
    DMA2_Stream5_IRQHandler                  0x0800c253   Thumb Code     0  startup_stm32f411xe.o(.text)
    DMA2_Stream6_IRQHandler                  0x0800c253   Thumb Code     0  startup_stm32f411xe.o(.text)
    DMA2_Stream7_IRQHandler                  0x0800c253   Thumb Code     0  startup_stm32f411xe.o(.text)
    EXTI0_IRQHandler                         0x0800c253   Thumb Code     0  startup_stm32f411xe.o(.text)
    EXTI15_10_IRQHandler                     0x0800c253   Thumb Code     0  startup_stm32f411xe.o(.text)
    EXTI1_IRQHandler                         0x0800c253   Thumb Code     0  startup_stm32f411xe.o(.text)
    EXTI2_IRQHandler                         0x0800c253   Thumb Code     0  startup_stm32f411xe.o(.text)
    EXTI3_IRQHandler                         0x0800c253   Thumb Code     0  startup_stm32f411xe.o(.text)
    EXTI4_IRQHandler                         0x0800c253   Thumb Code     0  startup_stm32f411xe.o(.text)
    EXTI9_5_IRQHandler                       0x0800c253   Thumb Code     0  startup_stm32f411xe.o(.text)
    FLASH_IRQHandler                         0x0800c253   Thumb Code     0  startup_stm32f411xe.o(.text)
    FPU_IRQHandler                           0x0800c253   Thumb Code     0  startup_stm32f411xe.o(.text)
    I2C1_ER_IRQHandler                       0x0800c253   Thumb Code     0  startup_stm32f411xe.o(.text)
    I2C1_EV_IRQHandler                       0x0800c253   Thumb Code     0  startup_stm32f411xe.o(.text)
    I2C2_ER_IRQHandler                       0x0800c253   Thumb Code     0  startup_stm32f411xe.o(.text)
    I2C2_EV_IRQHandler                       0x0800c253   Thumb Code     0  startup_stm32f411xe.o(.text)
    I2C3_ER_IRQHandler                       0x0800c253   Thumb Code     0  startup_stm32f411xe.o(.text)
    I2C3_EV_IRQHandler                       0x0800c253   Thumb Code     0  startup_stm32f411xe.o(.text)
    OTG_FS_IRQHandler                        0x0800c253   Thumb Code     0  startup_stm32f411xe.o(.text)
    OTG_FS_WKUP_IRQHandler                   0x0800c253   Thumb Code     0  startup_stm32f411xe.o(.text)
    PVD_IRQHandler                           0x0800c253   Thumb Code     0  startup_stm32f411xe.o(.text)
    RCC_IRQHandler                           0x0800c253   Thumb Code     0  startup_stm32f411xe.o(.text)
    RTC_Alarm_IRQHandler                     0x0800c253   Thumb Code     0  startup_stm32f411xe.o(.text)
    RTC_WKUP_IRQHandler                      0x0800c253   Thumb Code     0  startup_stm32f411xe.o(.text)
    SDIO_IRQHandler                          0x0800c253   Thumb Code     0  startup_stm32f411xe.o(.text)
    SPI1_IRQHandler                          0x0800c253   Thumb Code     0  startup_stm32f411xe.o(.text)
    SPI2_IRQHandler                          0x0800c253   Thumb Code     0  startup_stm32f411xe.o(.text)
    SPI3_IRQHandler                          0x0800c253   Thumb Code     0  startup_stm32f411xe.o(.text)
    SPI4_IRQHandler                          0x0800c253   Thumb Code     0  startup_stm32f411xe.o(.text)
    SPI5_IRQHandler                          0x0800c253   Thumb Code     0  startup_stm32f411xe.o(.text)
    TAMP_STAMP_IRQHandler                    0x0800c253   Thumb Code     0  startup_stm32f411xe.o(.text)
    TIM1_BRK_TIM9_IRQHandler                 0x0800c253   Thumb Code     0  startup_stm32f411xe.o(.text)
    TIM1_CC_IRQHandler                       0x0800c253   Thumb Code     0  startup_stm32f411xe.o(.text)
    TIM1_TRG_COM_TIM11_IRQHandler            0x0800c253   Thumb Code     0  startup_stm32f411xe.o(.text)
    TIM1_UP_TIM10_IRQHandler                 0x0800c253   Thumb Code     0  startup_stm32f411xe.o(.text)
    TIM2_IRQHandler                          0x0800c253   Thumb Code     0  startup_stm32f411xe.o(.text)
    TIM3_IRQHandler                          0x0800c253   Thumb Code     0  startup_stm32f411xe.o(.text)
    TIM4_IRQHandler                          0x0800c253   Thumb Code     0  startup_stm32f411xe.o(.text)
    TIM5_IRQHandler                          0x0800c253   Thumb Code     0  startup_stm32f411xe.o(.text)
    USART2_IRQHandler                        0x0800c253   Thumb Code     0  startup_stm32f411xe.o(.text)
    USART6_IRQHandler                        0x0800c253   Thumb Code     0  startup_stm32f411xe.o(.text)
    WWDG_IRQHandler                          0x0800c253   Thumb Code     0  startup_stm32f411xe.o(.text)
    __user_initial_stackheap                 0x0800c255   Thumb Code     0  startup_stm32f411xe.o(.text)
    __aeabi_uldivmod                         0x0800c279   Thumb Code     0  lludivv7m.o(.text)
    _ll_udiv                                 0x0800c279   Thumb Code   238  lludivv7m.o(.text)
    __aeabi_memcpy                           0x0800c367   Thumb Code     0  rt_memcpy_v6.o(.text)
    __rt_memcpy                              0x0800c367   Thumb Code   138  rt_memcpy_v6.o(.text)
    _memcpy_lastbytes                        0x0800c3cd   Thumb Code     0  rt_memcpy_v6.o(.text)
    __aeabi_memcpy4                          0x0800c3f1   Thumb Code     0  rt_memcpy_w.o(.text)
    __aeabi_memcpy8                          0x0800c3f1   Thumb Code     0  rt_memcpy_w.o(.text)
    __rt_memcpy_w                            0x0800c3f1   Thumb Code   100  rt_memcpy_w.o(.text)
    _memcpy_lastbytes_aligned                0x0800c439   Thumb Code     0  rt_memcpy_w.o(.text)
    __aeabi_memclr4                          0x0800c455   Thumb Code     0  rt_memclr_w.o(.text)
    __aeabi_memclr8                          0x0800c455   Thumb Code     0  rt_memclr_w.o(.text)
    __rt_memclr_w                            0x0800c455   Thumb Code    78  rt_memclr_w.o(.text)
    _memset_w                                0x0800c459   Thumb Code     0  rt_memclr_w.o(.text)
    __use_two_region_memory                  0x0800c4a3   Thumb Code     2  heapauxi.o(.text)
    __rt_heap_escrow$2region                 0x0800c4a5   Thumb Code     2  heapauxi.o(.text)
    __rt_heap_expand$2region                 0x0800c4a7   Thumb Code     2  heapauxi.o(.text)
    __user_setup_stackheap                   0x0800c4a9   Thumb Code    74  sys_stackheap_outer.o(.text)
    exit                                     0x0800c4f3   Thumb Code    18  exit.o(.text)
    __user_libspace                          0x0800c505   Thumb Code     8  libspace.o(.text)
    __user_perproc_libspace                  0x0800c505   Thumb Code     0  libspace.o(.text)
    __user_perthread_libspace                0x0800c505   Thumb Code     0  libspace.o(.text)
    _sys_exit                                0x0800c50d   Thumb Code     8  sys_exit.o(.text)
    __I$use$semihosting                      0x0800c519   Thumb Code     0  use_no_semi.o(.text)
    __use_no_semihosting_swi                 0x0800c519   Thumb Code     2  use_no_semi.o(.text)
    BusFault_Handler                         0x0800c51b   Thumb Code     4  stm32f4xx_it.o(i.BusFault_Handler)
    __semihosting_library_function           0x0800c51b   Thumb Code     0  indicate_semi.o(.text)
    DebugMon_Handler                         0x0800c51f   Thumb Code     2  stm32f4xx_it.o(i.DebugMon_Handler)
    Error_Handler                            0x0800c521   Thumb Code     6  main.o(i.Error_Handler)
    FLASH_Erase_Sector                       0x0800c529   Thumb Code    86  stm32f4xx_hal_flash_ex.o(i.FLASH_Erase_Sector)
    FLASH_FlushCaches                        0x0800c585   Thumb Code   114  stm32f4xx_hal_flash_ex.o(i.FLASH_FlushCaches)
    FLASH_WaitForLastOperation               0x0800c785   Thumb Code    90  stm32f4xx_hal_flash.o(i.FLASH_WaitForLastOperation)
    HAL_FLASH_Lock                           0x0800c7e9   Thumb Code    16  stm32f4xx_hal_flash.o(i.HAL_FLASH_Lock)
    HAL_UARTEx_RxEventCallback               0x0800c7fd   Thumb Code     2  stm32f4xx_hal_uart.o(i.HAL_UARTEx_RxEventCallback)
    HAL_UART_ErrorCallback                   0x0800c7ff   Thumb Code     2  stm32f4xx_hal_uart.o(i.HAL_UART_ErrorCallback)
    firmware_version                         0x0800c800   Data         104  main.o(.ARM.__at_0x0800C800)
    HAL_DMA_Abort                            0x0800c869   Thumb Code   172  stm32f4xx_hal_dma.o(i.HAL_DMA_Abort)
    HAL_DMA_Abort_IT                         0x0800c915   Thumb Code    40  stm32f4xx_hal_dma.o(i.HAL_DMA_Abort_IT)
    HAL_Delay                                0x0800c93d   Thumb Code    36  stm32f4xx_hal.o(i.HAL_Delay)
    HAL_FLASHEx_Erase                        0x0800c965   Thumb Code   162  stm32f4xx_hal_flash_ex.o(i.HAL_FLASHEx_Erase)
    HAL_FLASH_Program                        0x0800ca11   Thumb Code   134  stm32f4xx_hal_flash.o(i.HAL_FLASH_Program)
    HAL_FLASH_Unlock                         0x0800caa1   Thumb Code    38  stm32f4xx_hal_flash.o(i.HAL_FLASH_Unlock)
    HAL_GPIO_DeInit                          0x0800cad5   Thumb Code   286  stm32f4xx_hal_gpio.o(i.HAL_GPIO_DeInit)
    HAL_GPIO_Init                            0x0800cc11   Thumb Code   424  stm32f4xx_hal_gpio.o(i.HAL_GPIO_Init)
    HAL_GPIO_ReadPin                         0x0800cdd9   Thumb Code    16  stm32f4xx_hal_gpio.o(i.HAL_GPIO_ReadPin)
    HAL_GPIO_WritePin                        0x0800cde9   Thumb Code    12  stm32f4xx_hal_gpio.o(i.HAL_GPIO_WritePin)
    HAL_GetTick                              0x0800cdf5   Thumb Code     6  stm32f4xx_hal.o(i.HAL_GetTick)
    HAL_IWDG_Init                            0x0800ce01   Thumb Code    98  stm32f4xx_hal_iwdg.o(i.HAL_IWDG_Init)
    HAL_IWDG_Refresh                         0x0800ce63   Thumb Code    14  stm32f4xx_hal_iwdg.o(i.HAL_IWDG_Refresh)
    HAL_IncTick                              0x0800ce71   Thumb Code    16  stm32f4xx_hal.o(i.HAL_IncTick)
    HAL_Init                                 0x0800ce89   Thumb Code    54  stm32f4xx_hal.o(i.HAL_Init)
    HAL_InitTick                             0x0800cec5   Thumb Code    64  stm32f4xx_hal.o(i.HAL_InitTick)
    HAL_MspInit                              0x0800cf11   Thumb Code    68  stm32f4xx_hal_msp.o(i.HAL_MspInit)
    HAL_NVIC_EnableIRQ                       0x0800cf59   Thumb Code    40  stm32f4xx_hal_cortex.o(i.HAL_NVIC_EnableIRQ)
    HAL_NVIC_SetPriority                     0x0800cf81   Thumb Code   124  stm32f4xx_hal_cortex.o(i.HAL_NVIC_SetPriority)
    HAL_NVIC_SetPriorityGrouping             0x0800cffd   Thumb Code    32  stm32f4xx_hal_cortex.o(i.HAL_NVIC_SetPriorityGrouping)
    HAL_RCC_ClockConfig                      0x0800d025   Thumb Code   368  stm32f4xx_hal_rcc.o(i.HAL_RCC_ClockConfig)
    HAL_RCC_GetHCLKFreq                      0x0800d1a9   Thumb Code     6  stm32f4xx_hal_rcc.o(i.HAL_RCC_GetHCLKFreq)
    HAL_RCC_GetPCLK1Freq                     0x0800d1b5   Thumb Code    22  stm32f4xx_hal_rcc.o(i.HAL_RCC_GetPCLK1Freq)
    HAL_RCC_GetPCLK2Freq                     0x0800d1d5   Thumb Code    22  stm32f4xx_hal_rcc.o(i.HAL_RCC_GetPCLK2Freq)
    HAL_RCC_GetSysClockFreq                  0x0800d1f5   Thumb Code   162  stm32f4xx_hal_rcc.o(i.HAL_RCC_GetSysClockFreq)
    HAL_RCC_OscConfig                        0x0800d2a5   Thumb Code  1172  stm32f4xx_hal_rcc.o(i.HAL_RCC_OscConfig)
    HAL_SYSTICK_Config                       0x0800d741   Thumb Code    52  stm32f4xx_hal_cortex.o(i.HAL_SYSTICK_Config)
    HAL_UART_IRQHandler                      0x0800d775   Thumb Code   772  stm32f4xx_hal_uart.o(i.HAL_UART_IRQHandler)
    HAL_UART_Init                            0x0800da7d   Thumb Code   118  stm32f4xx_hal_uart.o(i.HAL_UART_Init)
    HAL_UART_MspInit                         0x0800daf5   Thumb Code   140  usart.o(i.HAL_UART_MspInit)
    HAL_UART_Receive_IT                      0x0800db8d   Thumb Code    44  stm32f4xx_hal_uart.o(i.HAL_UART_Receive_IT)
    HAL_UART_RxCpltCallback                  0x0800dbb9   Thumb Code    34  app_adapter_uart.o(i.HAL_UART_RxCpltCallback)
    HAL_UART_Transmit                        0x0800dbed   Thumb Code   190  stm32f4xx_hal_uart.o(i.HAL_UART_Transmit)
    HAL_UART_TxCpltCallback                  0x0800dcab   Thumb Code     2  stm32f4xx_hal_uart.o(i.HAL_UART_TxCpltCallback)
    HardFault_Handler                        0x0800dcad   Thumb Code     4  stm32f4xx_it.o(i.HardFault_Handler)
    MX_GPIO_Init                             0x0800dcb1   Thumb Code   162  gpio.o(i.MX_GPIO_Init)
    MX_IWDG_Init                             0x0800dd61   Thumb Code    32  iwdg.o(i.MX_IWDG_Init)
    MX_USART1_UART_Init                      0x0800dd89   Thumb Code    46  usart.o(i.MX_USART1_UART_Init)
    MemManage_Handler                        0x0800ddc1   Thumb Code     4  stm32f4xx_it.o(i.MemManage_Handler)
    NMI_Handler                              0x0800ddc5   Thumb Code     4  stm32f4xx_it.o(i.NMI_Handler)
    PendSV_Handler                           0x0800ddc9   Thumb Code     2  stm32f4xx_it.o(i.PendSV_Handler)
    SVC_Handler                              0x0800ddcb   Thumb Code     2  stm32f4xx_it.o(i.SVC_Handler)
    SysTick_Handler                          0x0800ddcd   Thumb Code     8  stm32f4xx_it.o(i.SysTick_Handler)
    SystemClock_Config                       0x0800ddd5   Thumb Code   174  main.o(i.SystemClock_Config)
    SystemInit                               0x0800de8d   Thumb Code    22  system_stm32f4xx.o(i.SystemInit)
    UART_Start_Receive_IT                    0x0800e275   Thumb Code    64  stm32f4xx_hal_uart.o(i.UART_Start_Receive_IT)
    USART1_IRQHandler                        0x0800e3a1   Thumb Code    10  stm32f4xx_it.o(i.USART1_IRQHandler)
    UsageFault_Handler                       0x0800e3b1   Thumb Code     4  stm32f4xx_it.o(i.UsageFault_Handler)
    app_adapter_flash_register               0x0800e989   Thumb Code    28  app_adapter_flash.o(i.app_adapter_flash_register)
    app_adapter_iwdg_register                0x0800e9a9   Thumb Code    28  app_adapter_iwdg.o(i.app_adapter_iwdg_register)
    app_adapter_key_register                 0x0800e9c9   Thumb Code    32  app_adapter_key.o(i.app_adapter_key_register)
    app_adapter_led_register                 0x0800e9ed   Thumb Code    28  app_adapter_led.o(i.app_adapter_led_register)
    app_adapter_uart_register                0x0800ea0d   Thumb Code    28  app_adapter_uart.o(i.app_adapter_uart_register)
    bsp_driver_flash_get_object              0x0800ea2d   Thumb Code    38  bsp_driver_flash_1.o(i.bsp_driver_flash_get_object)
    bsp_driver_flash_init                    0x0800ea59   Thumb Code    54  bsp_driver_flash_1.o(i.bsp_driver_flash_init)
    bsp_driver_flash_register                0x0800ea95   Thumb Code   102  bsp_driver_flash_1.o(i.bsp_driver_flash_register)
    bsp_driver_iwdg_feed                     0x0800eb01   Thumb Code    52  bsp_driver_iwdg.o(i.bsp_driver_iwdg_feed)
    bsp_driver_iwdg_get_object               0x0800eb39   Thumb Code    36  bsp_driver_iwdg.o(i.bsp_driver_iwdg_get_object)
    bsp_driver_iwdg_init                     0x0800eb61   Thumb Code    52  bsp_driver_iwdg.o(i.bsp_driver_iwdg_init)
    bsp_driver_iwdg_register                 0x0800eb99   Thumb Code    76  bsp_driver_iwdg.o(i.bsp_driver_iwdg_register)
    bsp_driver_key_get_object                0x0800ebe9   Thumb Code    24  bsp_driver_key_1.o(i.bsp_driver_key_get_object)
    bsp_driver_key_init                      0x0800ec05   Thumb Code    24  bsp_driver_key_1.o(i.bsp_driver_key_init)
    bsp_driver_key_register                  0x0800ec1d   Thumb Code   110  bsp_driver_key_1.o(i.bsp_driver_key_register)
    bsp_driver_led_get_object                0x0800ec91   Thumb Code    40  bsp_driver_led.o(i.bsp_driver_led_get_object)
    bsp_driver_led_init                      0x0800ecbd   Thumb Code    22  bsp_driver_led.o(i.bsp_driver_led_init)
    bsp_driver_led_off                       0x0800ecd3   Thumb Code    22  bsp_driver_led.o(i.bsp_driver_led_off)
    bsp_driver_led_on                        0x0800ece9   Thumb Code    22  bsp_driver_led.o(i.bsp_driver_led_on)
    bsp_driver_led_register                  0x0800ed01   Thumb Code    90  bsp_driver_led.o(i.bsp_driver_led_register)
    bsp_driver_uart_get_object               0x0800ed61   Thumb Code    32  bsp_driver_uart_1.o(i.bsp_driver_uart_get_object)
    bsp_driver_uart_init                     0x0800ed85   Thumb Code    22  bsp_driver_uart_1.o(i.bsp_driver_uart_init)
    bsp_driver_uart_register                 0x0800ed9d   Thumb Code    72  bsp_driver_uart_1.o(i.bsp_driver_uart_register)
    bsp_driver_uart_send                     0x0800ede9   Thumb Code    40  bsp_driver_uart_1.o(i.bsp_driver_uart_send)
    lwrb_get_free                            0x0800ee11   Thumb Code    46  lwrb.o(i.lwrb_get_free)
    lwrb_get_full                            0x0800ee3f   Thumb Code    46  lwrb.o(i.lwrb_get_full)
    lwrb_init                                0x0800ee6d   Thumb Code    28  lwrb.o(i.lwrb_init)
    lwrb_read                                0x0800ee89   Thumb Code    36  lwrb.o(i.lwrb_read)
    lwrb_read_ex                             0x0800eead   Thumb Code   182  lwrb.o(i.lwrb_read_ex)
    lwrb_write                               0x0800ef63   Thumb Code    36  lwrb.o(i.lwrb_write)
    lwrb_write_ex                            0x0800ef87   Thumb Code   182  lwrb.o(i.lwrb_write_ex)
    main                                     0x0800f03d   Thumb Code   202  main.o(i.main)
    _fp_init                                 0x0800f11d   Thumb Code    10  fpinit.o(x$fpl$fpinit)
    __fplib_config_fpu_vfp                   0x0800f125   Thumb Code     0  fpinit.o(x$fpl$fpinit)
    __fplib_config_pureend_doubles           0x0800f125   Thumb Code     0  fpinit.o(x$fpl$fpinit)
    AHBPrescTable                            0x0800f126   Data          16  system_stm32f4xx.o(.constdata)
    APBPrescTable                            0x0800f136   Data           8  system_stm32f4xx.o(.constdata)
    Region$$Table$$Base                      0x0800f1e8   Number         0  anon$$obj.o(Region$$Table)
    Region$$Table$$Limit                     0x0800f208   Number         0  anon$$obj.o(Region$$Table)
    pFlash                                   0x20000000   Data          32  stm32f4xx_hal_flash.o(.data)
    uwTick                                   0x20000020   Data           4  stm32f4xx_hal.o(.data)
    uwTickPrio                               0x20000024   Data           4  stm32f4xx_hal.o(.data)
    uwTickFreq                               0x20000028   Data           1  stm32f4xx_hal.o(.data)
    SystemCoreClock                          0x2000002c   Data           4  system_stm32f4xx.o(.data)
    hiwdg                                    0x20000034   Data          12  iwdg.o(.bss)
    huart1                                   0x20000040   Data          72  usart.o(.bss)
    _key_drv_dev                             0x200001c0   Data          56  bsp_driver_key_1.o(.bss)
    _flash_drv_dev                           0x200001f8   Data          56  bsp_driver_flash_1.o(.bss)
    _iwdg_drv_dev                            0x20000250   Data          20  bsp_driver_iwdg.o(.bss)
    __libspace_start                         0x20000264   Data          96  libspace.o(.bss)
    __temporary_stack_top$libspace           0x200002c4   Data           0  libspace.o(.bss)



==============================================================================

Memory Map of the image

  Image Entry point : 0x0800c199

  Load Region LR_IROM1 (Base: 0x0800c000, Size: 0x0000323c, Max: 0x00033fff, ABSOLUTE)

    Execution Region ER_IROM1 (Exec base: 0x0800c000, Load base: 0x0800c000, Size: 0x00003208, Max: 0x00033fff, ABSOLUTE)

    Exec Addr    Load Addr    Size         Type   Attr      Idx    E Section Name        Object

    0x0800c000   0x0800c000   0x00000198   Data   RO            3    RESET               startup_stm32f411xe.o
    0x0800c198   0x0800c198   0x00000008   Code   RO         2969  * !!!main             c_w.l(__main.o)
    0x0800c1a0   0x0800c1a0   0x00000034   Code   RO         3138    !!!scatter          c_w.l(__scatter.o)
    0x0800c1d4   0x0800c1d4   0x0000001a   Code   RO         3140    !!handler_copy      c_w.l(__scatter_copy.o)
    0x0800c1ee   0x0800c1ee   0x00000002   PAD
    0x0800c1f0   0x0800c1f0   0x0000001c   Code   RO         3142    !!handler_zi        c_w.l(__scatter_zi.o)
    0x0800c20c   0x0800c20c   0x00000002   Code   RO         3006    .ARM.Collect$$libinit$$00000000  c_w.l(libinit.o)
    0x0800c20e   0x0800c20e   0x00000004   Code   RO         3018    .ARM.Collect$$libinit$$00000001  c_w.l(libinit2.o)
    0x0800c212   0x0800c212   0x00000000   Code   RO         3021    .ARM.Collect$$libinit$$00000004  c_w.l(libinit2.o)
    0x0800c212   0x0800c212   0x00000000   Code   RO         3024    .ARM.Collect$$libinit$$0000000A  c_w.l(libinit2.o)
    0x0800c212   0x0800c212   0x00000000   Code   RO         3026    .ARM.Collect$$libinit$$0000000C  c_w.l(libinit2.o)
    0x0800c212   0x0800c212   0x00000000   Code   RO         3028    .ARM.Collect$$libinit$$0000000E  c_w.l(libinit2.o)
    0x0800c212   0x0800c212   0x00000000   Code   RO         3031    .ARM.Collect$$libinit$$00000011  c_w.l(libinit2.o)
    0x0800c212   0x0800c212   0x00000000   Code   RO         3033    .ARM.Collect$$libinit$$00000013  c_w.l(libinit2.o)
    0x0800c212   0x0800c212   0x00000000   Code   RO         3035    .ARM.Collect$$libinit$$00000015  c_w.l(libinit2.o)
    0x0800c212   0x0800c212   0x00000000   Code   RO         3037    .ARM.Collect$$libinit$$00000017  c_w.l(libinit2.o)
    0x0800c212   0x0800c212   0x00000000   Code   RO         3039    .ARM.Collect$$libinit$$00000019  c_w.l(libinit2.o)
    0x0800c212   0x0800c212   0x00000000   Code   RO         3041    .ARM.Collect$$libinit$$0000001B  c_w.l(libinit2.o)
    0x0800c212   0x0800c212   0x00000000   Code   RO         3043    .ARM.Collect$$libinit$$0000001D  c_w.l(libinit2.o)
    0x0800c212   0x0800c212   0x00000000   Code   RO         3045    .ARM.Collect$$libinit$$0000001F  c_w.l(libinit2.o)
    0x0800c212   0x0800c212   0x00000000   Code   RO         3047    .ARM.Collect$$libinit$$00000021  c_w.l(libinit2.o)
    0x0800c212   0x0800c212   0x00000000   Code   RO         3049    .ARM.Collect$$libinit$$00000023  c_w.l(libinit2.o)
    0x0800c212   0x0800c212   0x00000000   Code   RO         3051    .ARM.Collect$$libinit$$00000025  c_w.l(libinit2.o)
    0x0800c212   0x0800c212   0x00000000   Code   RO         3055    .ARM.Collect$$libinit$$0000002C  c_w.l(libinit2.o)
    0x0800c212   0x0800c212   0x00000000   Code   RO         3057    .ARM.Collect$$libinit$$0000002E  c_w.l(libinit2.o)
    0x0800c212   0x0800c212   0x00000000   Code   RO         3059    .ARM.Collect$$libinit$$00000030  c_w.l(libinit2.o)
    0x0800c212   0x0800c212   0x00000000   Code   RO         3061    .ARM.Collect$$libinit$$00000032  c_w.l(libinit2.o)
    0x0800c212   0x0800c212   0x00000002   Code   RO         3062    .ARM.Collect$$libinit$$00000033  c_w.l(libinit2.o)
    0x0800c214   0x0800c214   0x00000002   Code   RO         3093    .ARM.Collect$$libshutdown$$00000000  c_w.l(libshutdown.o)
    0x0800c216   0x0800c216   0x00000000   Code   RO         3119    .ARM.Collect$$libshutdown$$00000002  c_w.l(libshutdown2.o)
    0x0800c216   0x0800c216   0x00000000   Code   RO         3121    .ARM.Collect$$libshutdown$$00000004  c_w.l(libshutdown2.o)
    0x0800c216   0x0800c216   0x00000000   Code   RO         3123    .ARM.Collect$$libshutdown$$00000006  c_w.l(libshutdown2.o)
    0x0800c216   0x0800c216   0x00000000   Code   RO         3126    .ARM.Collect$$libshutdown$$00000009  c_w.l(libshutdown2.o)
    0x0800c216   0x0800c216   0x00000000   Code   RO         3129    .ARM.Collect$$libshutdown$$0000000C  c_w.l(libshutdown2.o)
    0x0800c216   0x0800c216   0x00000000   Code   RO         3131    .ARM.Collect$$libshutdown$$0000000E  c_w.l(libshutdown2.o)
    0x0800c216   0x0800c216   0x00000000   Code   RO         3134    .ARM.Collect$$libshutdown$$00000011  c_w.l(libshutdown2.o)
    0x0800c216   0x0800c216   0x00000002   Code   RO         3135    .ARM.Collect$$libshutdown$$00000012  c_w.l(libshutdown2.o)
    0x0800c218   0x0800c218   0x00000000   Code   RO         2971    .ARM.Collect$$rtentry$$00000000  c_w.l(__rtentry.o)
    0x0800c218   0x0800c218   0x00000000   Code   RO         2977    .ARM.Collect$$rtentry$$00000002  c_w.l(__rtentry2.o)
    0x0800c218   0x0800c218   0x00000006   Code   RO         2989    .ARM.Collect$$rtentry$$00000004  c_w.l(__rtentry4.o)
    0x0800c21e   0x0800c21e   0x00000000   Code   RO         2979    .ARM.Collect$$rtentry$$00000009  c_w.l(__rtentry2.o)
    0x0800c21e   0x0800c21e   0x00000004   Code   RO         2980    .ARM.Collect$$rtentry$$0000000A  c_w.l(__rtentry2.o)
    0x0800c222   0x0800c222   0x00000000   Code   RO         2982    .ARM.Collect$$rtentry$$0000000C  c_w.l(__rtentry2.o)
    0x0800c222   0x0800c222   0x00000008   Code   RO         2983    .ARM.Collect$$rtentry$$0000000D  c_w.l(__rtentry2.o)
    0x0800c22a   0x0800c22a   0x00000002   Code   RO         3010    .ARM.Collect$$rtexit$$00000000  c_w.l(rtexit.o)
    0x0800c22c   0x0800c22c   0x00000000   Code   RO         3066    .ARM.Collect$$rtexit$$00000002  c_w.l(rtexit2.o)
    0x0800c22c   0x0800c22c   0x00000004   Code   RO         3067    .ARM.Collect$$rtexit$$00000003  c_w.l(rtexit2.o)
    0x0800c230   0x0800c230   0x00000006   Code   RO         3068    .ARM.Collect$$rtexit$$00000004  c_w.l(rtexit2.o)
    0x0800c236   0x0800c236   0x00000002   PAD
    0x0800c238   0x0800c238   0x00000040   Code   RO            4    .text               startup_stm32f411xe.o
    0x0800c278   0x0800c278   0x000000ee   Code   RO         2959    .text               c_w.l(lludivv7m.o)
    0x0800c366   0x0800c366   0x0000008a   Code   RO         2961    .text               c_w.l(rt_memcpy_v6.o)
    0x0800c3f0   0x0800c3f0   0x00000064   Code   RO         2963    .text               c_w.l(rt_memcpy_w.o)
    0x0800c454   0x0800c454   0x0000004e   Code   RO         2965    .text               c_w.l(rt_memclr_w.o)
    0x0800c4a2   0x0800c4a2   0x00000006   Code   RO         2967    .text               c_w.l(heapauxi.o)
    0x0800c4a8   0x0800c4a8   0x0000004a   Code   RO         2993    .text               c_w.l(sys_stackheap_outer.o)
    0x0800c4f2   0x0800c4f2   0x00000012   Code   RO         2995    .text               c_w.l(exit.o)
    0x0800c504   0x0800c504   0x00000008   Code   RO         3007    .text               c_w.l(libspace.o)
    0x0800c50c   0x0800c50c   0x0000000c   Code   RO         3063    .text               c_w.l(sys_exit.o)
    0x0800c518   0x0800c518   0x00000002   Code   RO         3082    .text               c_w.l(use_no_semi.o)
    0x0800c51a   0x0800c51a   0x00000000   Code   RO         3084    .text               c_w.l(indicate_semi.o)
    0x0800c51a   0x0800c51a   0x00000004   Code   RO          300    i.BusFault_Handler  stm32f4xx_it.o
    0x0800c51e   0x0800c51e   0x00000002   Code   RO          301    i.DebugMon_Handler  stm32f4xx_it.o
    0x0800c520   0x0800c520   0x00000006   Code   RO           13    i.Error_Handler     main.o
    0x0800c526   0x0800c526   0x00000002   PAD
    0x0800c528   0x0800c528   0x0000005c   Code   RO          716    i.FLASH_Erase_Sector  stm32f4xx_hal_flash_ex.o
    0x0800c584   0x0800c584   0x00000078   Code   RO          717    i.FLASH_FlushCaches  stm32f4xx_hal_flash_ex.o
    0x0800c5fc   0x0800c5fc   0x00000030   Code   RO          718    i.FLASH_MassErase   stm32f4xx_hal_flash_ex.o
    0x0800c62c   0x0800c62c   0x00000024   Code   RO          598    i.FLASH_Program_Byte  stm32f4xx_hal_flash.o
    0x0800c650   0x0800c650   0x00000030   Code   RO          599    i.FLASH_Program_DoubleWord  stm32f4xx_hal_flash.o
    0x0800c680   0x0800c680   0x00000028   Code   RO          600    i.FLASH_Program_HalfWord  stm32f4xx_hal_flash.o
    0x0800c6a8   0x0800c6a8   0x00000028   Code   RO          601    i.FLASH_Program_Word  stm32f4xx_hal_flash.o
    0x0800c6d0   0x0800c6d0   0x000000b4   Code   RO          602    i.FLASH_SetErrorCode  stm32f4xx_hal_flash.o
    0x0800c784   0x0800c784   0x00000064   Code   RO          603    i.FLASH_WaitForLastOperation  stm32f4xx_hal_flash.o
    0x0800c7e8   0x0800c7e8   0x00000014   Code   RO          607    i.HAL_FLASH_Lock    stm32f4xx_hal_flash.o
    0x0800c7fc   0x0800c7fc   0x00000002   Code   RO         1736    i.HAL_UARTEx_RxEventCallback  stm32f4xx_hal_uart.o
    0x0800c7fe   0x0800c7fe   0x00000002   Code   RO         1750    i.HAL_UART_ErrorCallback  stm32f4xx_hal_uart.o
    0x0800c800   0x0800c800   0x00000068   Data   RO           17    .ARM.__at_0x0800C800  main.o
    0x0800c868   0x0800c868   0x000000ac   Code   RO         1007    i.HAL_DMA_Abort     stm32f4xx_hal_dma.o
    0x0800c914   0x0800c914   0x00000028   Code   RO         1008    i.HAL_DMA_Abort_IT  stm32f4xx_hal_dma.o
    0x0800c93c   0x0800c93c   0x00000028   Code   RO         1473    i.HAL_Delay         stm32f4xx_hal.o
    0x0800c964   0x0800c964   0x000000ac   Code   RO          732    i.HAL_FLASHEx_Erase  stm32f4xx_hal_flash_ex.o
    0x0800ca10   0x0800ca10   0x00000090   Code   RO          612    i.HAL_FLASH_Program  stm32f4xx_hal_flash.o
    0x0800caa0   0x0800caa0   0x00000034   Code   RO          614    i.HAL_FLASH_Unlock  stm32f4xx_hal_flash.o
    0x0800cad4   0x0800cad4   0x0000013c   Code   RO          897    i.HAL_GPIO_DeInit   stm32f4xx_hal_gpio.o
    0x0800cc10   0x0800cc10   0x000001c8   Code   RO          900    i.HAL_GPIO_Init     stm32f4xx_hal_gpio.o
    0x0800cdd8   0x0800cdd8   0x00000010   Code   RO          902    i.HAL_GPIO_ReadPin  stm32f4xx_hal_gpio.o
    0x0800cde8   0x0800cde8   0x0000000c   Code   RO          904    i.HAL_GPIO_WritePin  stm32f4xx_hal_gpio.o
    0x0800cdf4   0x0800cdf4   0x0000000c   Code   RO         1479    i.HAL_GetTick       stm32f4xx_hal.o
    0x0800ce00   0x0800ce00   0x00000062   Code   RO          406    i.HAL_IWDG_Init     stm32f4xx_hal_iwdg.o
    0x0800ce62   0x0800ce62   0x0000000e   Code   RO          407    i.HAL_IWDG_Refresh  stm32f4xx_hal_iwdg.o
    0x0800ce70   0x0800ce70   0x00000018   Code   RO         1485    i.HAL_IncTick       stm32f4xx_hal.o
    0x0800ce88   0x0800ce88   0x0000003c   Code   RO         1486    i.HAL_Init          stm32f4xx_hal.o
    0x0800cec4   0x0800cec4   0x0000004c   Code   RO         1487    i.HAL_InitTick      stm32f4xx_hal.o
    0x0800cf10   0x0800cf10   0x00000048   Code   RO          382    i.HAL_MspInit       stm32f4xx_hal_msp.o
    0x0800cf58   0x0800cf58   0x00000028   Code   RO         1316    i.HAL_NVIC_EnableIRQ  stm32f4xx_hal_cortex.o
    0x0800cf80   0x0800cf80   0x0000007c   Code   RO         1322    i.HAL_NVIC_SetPriority  stm32f4xx_hal_cortex.o
    0x0800cffc   0x0800cffc   0x00000028   Code   RO         1323    i.HAL_NVIC_SetPriorityGrouping  stm32f4xx_hal_cortex.o
    0x0800d024   0x0800d024   0x00000184   Code   RO          437    i.HAL_RCC_ClockConfig  stm32f4xx_hal_rcc.o
    0x0800d1a8   0x0800d1a8   0x0000000c   Code   RO          442    i.HAL_RCC_GetHCLKFreq  stm32f4xx_hal_rcc.o
    0x0800d1b4   0x0800d1b4   0x00000020   Code   RO          444    i.HAL_RCC_GetPCLK1Freq  stm32f4xx_hal_rcc.o
    0x0800d1d4   0x0800d1d4   0x00000020   Code   RO          445    i.HAL_RCC_GetPCLK2Freq  stm32f4xx_hal_rcc.o
    0x0800d1f4   0x0800d1f4   0x000000b0   Code   RO          446    i.HAL_RCC_GetSysClockFreq  stm32f4xx_hal_rcc.o
    0x0800d2a4   0x0800d2a4   0x0000049c   Code   RO          449    i.HAL_RCC_OscConfig  stm32f4xx_hal_rcc.o
    0x0800d740   0x0800d740   0x00000034   Code   RO         1327    i.HAL_SYSTICK_Config  stm32f4xx_hal_cortex.o
    0x0800d774   0x0800d774   0x00000308   Code   RO         1753    i.HAL_UART_IRQHandler  stm32f4xx_hal_uart.o
    0x0800da7c   0x0800da7c   0x00000076   Code   RO         1754    i.HAL_UART_Init     stm32f4xx_hal_uart.o
    0x0800daf2   0x0800daf2   0x00000002   PAD
    0x0800daf4   0x0800daf4   0x00000098   Code   RO          259    i.HAL_UART_MspInit  usart.o
    0x0800db8c   0x0800db8c   0x0000002c   Code   RO         1759    i.HAL_UART_Receive_IT  stm32f4xx_hal_uart.o
    0x0800dbb8   0x0800dbb8   0x00000034   Code   RO         2350    i.HAL_UART_RxCpltCallback  app_adapter_uart.o
    0x0800dbec   0x0800dbec   0x000000be   Code   RO         1762    i.HAL_UART_Transmit  stm32f4xx_hal_uart.o
    0x0800dcaa   0x0800dcaa   0x00000002   Code   RO         1765    i.HAL_UART_TxCpltCallback  stm32f4xx_hal_uart.o
    0x0800dcac   0x0800dcac   0x00000004   Code   RO          302    i.HardFault_Handler  stm32f4xx_it.o
    0x0800dcb0   0x0800dcb0   0x000000b0   Code   RO          204    i.MX_GPIO_Init      gpio.o
    0x0800dd60   0x0800dd60   0x00000028   Code   RO          228    i.MX_IWDG_Init      iwdg.o
    0x0800dd88   0x0800dd88   0x00000038   Code   RO          260    i.MX_USART1_UART_Init  usart.o
    0x0800ddc0   0x0800ddc0   0x00000004   Code   RO          303    i.MemManage_Handler  stm32f4xx_it.o
    0x0800ddc4   0x0800ddc4   0x00000004   Code   RO          304    i.NMI_Handler       stm32f4xx_it.o
    0x0800ddc8   0x0800ddc8   0x00000002   Code   RO          305    i.PendSV_Handler    stm32f4xx_it.o
    0x0800ddca   0x0800ddca   0x00000002   Code   RO          306    i.SVC_Handler       stm32f4xx_it.o
    0x0800ddcc   0x0800ddcc   0x00000008   Code   RO          307    i.SysTick_Handler   stm32f4xx_it.o
    0x0800ddd4   0x0800ddd4   0x000000b8   Code   RO           14    i.SystemClock_Config  main.o
    0x0800de8c   0x0800de8c   0x00000020   Code   RO         2098    i.SystemInit        system_stm32f4xx.o
    0x0800deac   0x0800deac   0x00000012   Code   RO         1767    i.UART_DMAAbortOnError  stm32f4xx_hal_uart.o
    0x0800debe   0x0800debe   0x0000006c   Code   RO         1777    i.UART_EndRxTransfer  stm32f4xx_hal_uart.o
    0x0800df2a   0x0800df2a   0x00000020   Code   RO         1778    i.UART_EndTransmit_IT  stm32f4xx_hal_uart.o
    0x0800df4a   0x0800df4a   0x000000fc   Code   RO         1780    i.UART_Receive_IT   stm32f4xx_hal_uart.o
    0x0800e046   0x0800e046   0x00000002   PAD
    0x0800e048   0x0800e048   0x0000022c   Code   RO         1781    i.UART_SetConfig    stm32f4xx_hal_uart.o
    0x0800e274   0x0800e274   0x00000040   Code   RO         1783    i.UART_Start_Receive_IT  stm32f4xx_hal_uart.o
    0x0800e2b4   0x0800e2b4   0x00000060   Code   RO         1784    i.UART_Transmit_IT  stm32f4xx_hal_uart.o
    0x0800e314   0x0800e314   0x0000008c   Code   RO         1785    i.UART_WaitOnFlagUntilTimeout  stm32f4xx_hal_uart.o
    0x0800e3a0   0x0800e3a0   0x00000010   Code   RO          308    i.USART1_IRQHandler  stm32f4xx_it.o
    0x0800e3b0   0x0800e3b0   0x00000004   Code   RO          309    i.UsageFault_Handler  stm32f4xx_it.o
    0x0800e3b4   0x0800e3b4   0x00000010   Code   RO         1329    i.__NVIC_GetPriorityGrouping  stm32f4xx_hal_cortex.o
    0x0800e3c4   0x0800e3c4   0x00000028   Code   RO         1330    i.__NVIC_SetPriority  stm32f4xx_hal_cortex.o
    0x0800e3ec   0x0800e3ec   0x00000008   Code   RO         2134    i._app_adapter_blue_led_deinit  app_adapter_led.o
    0x0800e3f4   0x0800e3f4   0x00000064   Code   RO         2135    i._app_adapter_blue_led_init  app_adapter_led.o
    0x0800e458   0x0800e458   0x0000001c   Code   RO         2136    i._app_adapter_blue_led_off  app_adapter_led.o
    0x0800e474   0x0800e474   0x0000001c   Code   RO         2137    i._app_adapter_blue_led_on  app_adapter_led.o
    0x0800e490   0x0800e490   0x00000008   Code   RO         2138    i._app_adapter_blue_led_sleep  app_adapter_led.o
    0x0800e498   0x0800e498   0x00000008   Code   RO         2139    i._app_adapter_blue_led_weakup  app_adapter_led.o
    0x0800e4a0   0x0800e4a0   0x0000000c   Code   RO         2189    i._app_adapter_get_systick  app_adapter_key.o
    0x0800e4ac   0x0800e4ac   0x0000000c   Code   RO         2415    i._app_adapter_iwdg_deinit  app_adapter_iwdg.o
    0x0800e4b8   0x0800e4b8   0x00000018   Code   RO         2416    i._app_adapter_iwdg_feed  app_adapter_iwdg.o
    0x0800e4d0   0x0800e4d0   0x00000034   Code   RO         2417    i._app_adapter_iwdg_init  app_adapter_iwdg.o
    0x0800e504   0x0800e504   0x00000018   Code   RO         2190    i._app_adapter_key_user_deinit  app_adapter_key.o
    0x0800e51c   0x0800e51c   0x00000054   Code   RO         2191    i._app_adapter_key_user_init  app_adapter_key.o
    0x0800e570   0x0800e570   0x00000028   Code   RO         2192    i._app_adapter_key_user_scan  app_adapter_key.o
    0x0800e598   0x0800e598   0x00000008   Code   RO         2193    i._app_adapter_key_user_sleep  app_adapter_key.o
    0x0800e5a0   0x0800e5a0   0x00000008   Code   RO         2194    i._app_adapter_key_user_weakup  app_adapter_key.o
    0x0800e5a8   0x0800e5a8   0x0000000c   Code   RO         2351    i._app_adapter_uart1_deinit  app_adapter_uart.o
    0x0800e5b4   0x0800e5b4   0x000000e8   Code   RO         2352    i._app_adapter_uart1_init  app_adapter_uart.o
    0x0800e69c   0x0800e69c   0x00000070   Code   RO         2353    i._app_adapter_uart1_recv  app_adapter_uart.o
    0x0800e70c   0x0800e70c   0x0000002c   Code   RO         2354    i._app_adapter_uart1_send  app_adapter_uart.o
    0x0800e738   0x0800e738   0x0000000c   Code   RO         2355    i._app_adapter_uart1_sleep  app_adapter_uart.o
    0x0800e744   0x0800e744   0x0000000c   Code   RO         2356    i._app_adapter_uart1_weakup  app_adapter_uart.o
    0x0800e750   0x0800e750   0x00000058   Code   RO           15    i._app_key_callback  main.o
    0x0800e7a8   0x0800e7a8   0x00000008   Code   RO         2247    i._in_flash_deinit  app_adapter_flash.o
    0x0800e7b0   0x0800e7b0   0x00000144   Code   RO         2248    i._in_flash_erase   app_adapter_flash.o
    0x0800e8f4   0x0800e8f4   0x00000008   Code   RO         2249    i._in_flash_init    app_adapter_flash.o
    0x0800e8fc   0x0800e8fc   0x0000002c   Code   RO         2250    i._in_flash_read    app_adapter_flash.o
    0x0800e928   0x0800e928   0x00000060   Code   RO         2251    i._in_flash_write   app_adapter_flash.o
    0x0800e988   0x0800e988   0x00000020   Code   RO         2252    i.app_adapter_flash_register  app_adapter_flash.o
    0x0800e9a8   0x0800e9a8   0x00000020   Code   RO         2418    i.app_adapter_iwdg_register  app_adapter_iwdg.o
    0x0800e9c8   0x0800e9c8   0x00000024   Code   RO         2195    i.app_adapter_key_register  app_adapter_key.o
    0x0800e9ec   0x0800e9ec   0x00000020   Code   RO         2140    i.app_adapter_led_register  app_adapter_led.o
    0x0800ea0c   0x0800ea0c   0x00000020   Code   RO         2357    i.app_adapter_uart_register  app_adapter_uart.o
    0x0800ea2c   0x0800ea2c   0x0000002c   Code   RO         2551    i.bsp_driver_flash_get_object  bsp_driver_flash_1.o
    0x0800ea58   0x0800ea58   0x0000003c   Code   RO         2552    i.bsp_driver_flash_init  bsp_driver_flash_1.o
    0x0800ea94   0x0800ea94   0x0000006c   Code   RO         2554    i.bsp_driver_flash_register  bsp_driver_flash_1.o
    0x0800eb00   0x0800eb00   0x00000038   Code   RO         2662    i.bsp_driver_iwdg_feed  bsp_driver_iwdg.o
    0x0800eb38   0x0800eb38   0x00000028   Code   RO         2663    i.bsp_driver_iwdg_get_object  bsp_driver_iwdg.o
    0x0800eb60   0x0800eb60   0x00000038   Code   RO         2664    i.bsp_driver_iwdg_init  bsp_driver_iwdg.o
    0x0800eb98   0x0800eb98   0x00000050   Code   RO         2665    i.bsp_driver_iwdg_register  bsp_driver_iwdg.o
    0x0800ebe8   0x0800ebe8   0x0000001c   Code   RO         2510    i.bsp_driver_key_get_object  bsp_driver_key_1.o
    0x0800ec04   0x0800ec04   0x00000018   Code   RO         2511    i.bsp_driver_key_init  bsp_driver_key_1.o
    0x0800ec1c   0x0800ec1c   0x00000074   Code   RO         2512    i.bsp_driver_key_register  bsp_driver_key_1.o
    0x0800ec90   0x0800ec90   0x0000002c   Code   RO         2454    i.bsp_driver_led_get_object  bsp_driver_led.o
    0x0800ecbc   0x0800ecbc   0x00000016   Code   RO         2455    i.bsp_driver_led_init  bsp_driver_led.o
    0x0800ecd2   0x0800ecd2   0x00000016   Code   RO         2456    i.bsp_driver_led_off  bsp_driver_led.o
    0x0800ece8   0x0800ece8   0x00000016   Code   RO         2457    i.bsp_driver_led_on  bsp_driver_led.o
    0x0800ecfe   0x0800ecfe   0x00000002   PAD
    0x0800ed00   0x0800ed00   0x00000060   Code   RO         2458    i.bsp_driver_led_register  bsp_driver_led.o
    0x0800ed60   0x0800ed60   0x00000024   Code   RO         2606    i.bsp_driver_uart_get_object  bsp_driver_uart_1.o
    0x0800ed84   0x0800ed84   0x00000016   Code   RO         2607    i.bsp_driver_uart_init  bsp_driver_uart_1.o
    0x0800ed9a   0x0800ed9a   0x00000002   PAD
    0x0800ed9c   0x0800ed9c   0x0000004c   Code   RO         2609    i.bsp_driver_uart_register  bsp_driver_uart_1.o
    0x0800ede8   0x0800ede8   0x00000028   Code   RO         2610    i.bsp_driver_uart_send  bsp_driver_uart_1.o
    0x0800ee10   0x0800ee10   0x0000002e   Code   RO         2823    i.lwrb_get_free     lwrb.o
    0x0800ee3e   0x0800ee3e   0x0000002e   Code   RO         2824    i.lwrb_get_full     lwrb.o
    0x0800ee6c   0x0800ee6c   0x0000001c   Code   RO         2829    i.lwrb_init         lwrb.o
    0x0800ee88   0x0800ee88   0x00000024   Code   RO         2832    i.lwrb_read         lwrb.o
    0x0800eeac   0x0800eeac   0x000000b6   Code   RO         2833    i.lwrb_read_ex      lwrb.o
    0x0800ef62   0x0800ef62   0x00000024   Code   RO         2838    i.lwrb_write        lwrb.o
    0x0800ef86   0x0800ef86   0x000000b6   Code   RO         2839    i.lwrb_write_ex     lwrb.o
    0x0800f03c   0x0800f03c   0x000000e0   Code   RO           16    i.main              main.o
    0x0800f11c   0x0800f11c   0x0000000a   Code   RO         3078    x$fpl$fpinit        fz_wm.l(fpinit.o)
    0x0800f126   0x0800f126   0x00000018   Data   RO         2099    .constdata          system_stm32f4xx.o
    0x0800f13e   0x0800f13e   0x00000002   PAD
    0x0800f140   0x0800f140   0x00000020   Data   RO         2141    .constdata          app_adapter_led.o
    0x0800f160   0x0800f160   0x00000038   Data   RO         2196    .constdata          app_adapter_key.o
    0x0800f198   0x0800f198   0x0000001c   Data   RO         2253    .constdata          app_adapter_flash.o
    0x0800f1b4   0x0800f1b4   0x00000020   Data   RO         2359    .constdata          app_adapter_uart.o
    0x0800f1d4   0x0800f1d4   0x00000014   Data   RO         2419    .constdata          app_adapter_iwdg.o
    0x0800f1e8   0x0800f1e8   0x00000020   Data   RO         3136    Region$$Table       anon$$obj.o


    Execution Region RW_IRAM1 (Exec base: 0x20000000, Load base: 0x0800f208, Size: 0x000008c8, Max: 0x00020000, ABSOLUTE)

    Exec Addr    Load Addr    Size         Type   Attr      Idx    E Section Name        Object

    0x20000000   0x0800f208   0x00000020   Data   RW          615    .data               stm32f4xx_hal_flash.o
    0x20000020   0x0800f228   0x00000009   Data   RW         1493    .data               stm32f4xx_hal.o
    0x20000029   0x0800f231   0x00000003   PAD
    0x2000002c   0x0800f234   0x00000004   Data   RW         2100    .data               system_stm32f4xx.o
    0x20000030   0x0800f238   0x00000001   Data   RW         2360    .data               app_adapter_uart.o
    0x20000031   0x0800f239   0x00000003   PAD
    0x20000034        -       0x0000000c   Zero   RW          229    .bss                iwdg.o
    0x20000040        -       0x00000048   Zero   RW          261    .bss                usart.o
    0x20000088        -       0x00000118   Zero   RW         2358    .bss                app_adapter_uart.o
    0x200001a0        -       0x00000020   Zero   RW         2461    .bss                bsp_driver_led.o
    0x200001c0        -       0x00000038   Zero   RW         2514    .bss                bsp_driver_key_1.o
    0x200001f8        -       0x00000038   Zero   RW         2556    .bss                bsp_driver_flash_1.o
    0x20000230        -       0x00000020   Zero   RW         2613    .bss                bsp_driver_uart_1.o
    0x20000250        -       0x00000014   Zero   RW         2666    .bss                bsp_driver_iwdg.o
    0x20000264        -       0x00000060   Zero   RW         3008    .bss                c_w.l(libspace.o)
    0x200002c4   0x0800f239   0x00000004   PAD
    0x200002c8        -       0x00000200   Zero   RW            2    HEAP                startup_stm32f411xe.o
    0x200004c8        -       0x00000400   Zero   RW            1    STACK               startup_stm32f411xe.o


==============================================================================

Image component sizes


      Code (inc. data)   RO Data    RW Data    ZI Data      Debug   Object Name

       512         52         28          0          0       4685   app_adapter_flash.o
       120         18         20          0          0       2468   app_adapter_iwdg.o
       212         22         56          0          0       6475   app_adapter_key.o
       212         24         32          0          0       4415   app_adapter_led.o
       508         60         32          1        280       6407   app_adapter_uart.o
       212         18          0          0         56       2707   bsp_driver_flash_1.o
       232         16          0          0         20       3314   bsp_driver_iwdg.o
       168         10          0          0         56       2611   bsp_driver_key_1.o
       206         10          0          0         32       3869   bsp_driver_led.o
       174          8          0          0         32       3390   bsp_driver_uart_1.o
       176         14          0          0          0       1011   gpio.o
        40          8          0          0         12        751   iwdg.o
       556          0          0          0          0       6856   lwrb.o
       502         40        104          0          0     409967   main.o
        64         26        408          0       1536        876   startup_stm32f411xe.o
       212         36          0          9          0       9509   stm32f4xx_hal.o
       312         22          0          0          0      34583   stm32f4xx_hal_cortex.o
       212          0          0          0          0       2051   stm32f4xx_hal_dma.o
       660         62          0         32          0       6290   stm32f4xx_hal_flash.o
       432         28          0          0          0       3414   stm32f4xx_hal_flash_ex.o
       800         62          0          0          0       3781   stm32f4xx_hal_gpio.o
       112          0          0          0          0       1983   stm32f4xx_hal_iwdg.o
        72          4          0          0          0        922   stm32f4xx_hal_msp.o
      1820         84          0          0          0       5856   stm32f4xx_hal_rcc.o
      2400         14          0          0          0      13052   stm32f4xx_hal_uart.o
        50          6          0          0          0       5030   stm32f4xx_it.o
        32         10         24          4          0       1291   system_stm32f4xx.o
       208         22          0          0         72       1822   usart.o

    ----------------------------------------------------------------------
     11226        676        738         52       2096     549386   Object Totals
         0          0         32          0          0          0   (incl. Generated)
        10          0          2          6          0          0   (incl. Padding)

    ----------------------------------------------------------------------

      Code (inc. data)   RO Data    RW Data    ZI Data      Debug   Library Member Name

         8          0          0          0          0         68   __main.o
         0          0          0          0          0          0   __rtentry.o
        12          0          0          0          0          0   __rtentry2.o
         6          0          0          0          0          0   __rtentry4.o
        52          8          0          0          0          0   __scatter.o
        26          0          0          0          0          0   __scatter_copy.o
        28          0          0          0          0          0   __scatter_zi.o
        18          0          0          0          0         80   exit.o
         6          0          0          0          0        152   heapauxi.o
         0          0          0          0          0          0   indicate_semi.o
         2          0          0          0          0          0   libinit.o
         6          0          0          0          0          0   libinit2.o
         2          0          0          0          0          0   libshutdown.o
         2          0          0          0          0          0   libshutdown2.o
         8          4          0          0         96         68   libspace.o
       238          0          0          0          0        100   lludivv7m.o
        78          0          0          0          0         80   rt_memclr_w.o
       138          0          0          0          0         68   rt_memcpy_v6.o
       100          0          0          0          0         80   rt_memcpy_w.o
         2          0          0          0          0          0   rtexit.o
        10          0          0          0          0          0   rtexit2.o
        12          4          0          0          0         68   sys_exit.o
        74          0          0          0          0         80   sys_stackheap_outer.o
         2          0          0          0          0         68   use_no_semi.o
        10          0          0          0          0        116   fpinit.o

    ----------------------------------------------------------------------
       844         16          0          0        100       1028   Library Totals
         4          0          0          0          4          0   (incl. Padding)

    ----------------------------------------------------------------------

      Code (inc. data)   RO Data    RW Data    ZI Data      Debug   Library Name

       830         16          0          0         96        912   c_w.l
        10          0          0          0          0        116   fz_wm.l

    ----------------------------------------------------------------------
       844         16          0          0        100       1028   Library Totals

    ----------------------------------------------------------------------

==============================================================================


      Code (inc. data)   RO Data    RW Data    ZI Data      Debug   

     12070        692        738         52       2196     537650   Grand Totals
     12070        692        738         52       2196     537650   ELF Image Totals
     12070        692        738         52          0          0   ROM Totals

==============================================================================

    Total RO  Size (Code + RO Data)                12808 (  12.51kB)
    Total RW  Size (RW Data + ZI Data)              2248 (   2.20kB)
    Total ROM Size (Code + RO Data + RW Data)      12860 (  12.56kB)

==============================================================================

